Archive member included to satisfy reference by file (symbol)

bootloader/commonboot/libc/libcommon_boot_libc.a(memset.c.obj)
                              (--whole-archive)
bootloader/commonboot/libc/libcommon_boot_libc.a(memcpy.c.obj)
                              (--whole-archive)
bootloader/commonboot/libc/libcommon_boot_libc.a(memcmp.c.obj)
                              (--whole-archive)
bootloader/commonboot/libc/libcommon_boot_libc.a(strcmp.c.obj)
                              (--whole-archive)
bootloader/commonboot/libc/libcommon_boot_libc.a(strlen.c.obj)
                              (--whole-archive)
bootloader/commonboot/libc/libcommon_boot_libc.a(memmove.c.obj)
                              (--whole-archive)
bootloader/commonboot/libcommon_boot.a(boot_reset.c.obj)
                              (--whole-archive)
bootloader/commonboot/libcommon_boot.a(boot_flash.c.obj)
                              (--whole-archive)
bootloader/commonboot/libcommon_boot.a(boot_debug.c.obj)
                              (--whole-archive)
bootloader/commonboot/libcommon_boot.a(boot_transfer.c.obj)
                              (--whole-archive)
bootloader/commonboot/libcommon_boot.a(boot_cmd_loop.c.obj)
                              (--whole-archive)
bootloader/commonboot/libcommon_boot.a(boot_ymodem.c.obj)
                              (--whole-archive)
bootloader/commonboot/libcommon_boot.a(boot_crc16.c.obj)
                              (--whole-archive)
bootloader/commonboot/libcommon_boot.a(boot_load.c.obj)
                              (--whole-archive)
bootloader/commonboot/libcommon_boot.a(boot_efuse_opt.c.obj)
                              (--whole-archive)
bootloader/provision_ws63/libloaderboot_common.a(main.c.obj)
                              (--whole-archive)
bootloader/provision_ws63/libloaderboot_common.a(riscv_init.S.obj)
                              (--whole-archive)
bootloader/provision_ws63/libloaderboot_common.a(boot_uart_auth.c.obj)
                              (--whole-archive)
bootloader/provision_ws63/libloaderboot_common.a(boot_erase.c.obj)
                              (--whole-archive)
kernel/non_os/non_os/libnon_os.a(non_os_utils.c.obj)
                              (--whole-archive)
kernel/non_os/non_os/libnon_os.a(non_os_nmi.c.obj)
                              (--whole-archive)
kernel/non_os/malloc/libnonos_malloc.a(malloc.c.obj)
                              (--whole-archive)
kernel/osal/libosal.a(osal_atomic.c.obj)
                              (--whole-archive)
kernel/osal/libosal.a(osal_debug.c.obj)
                              (--whole-archive)
kernel/osal/libosal.a(osal_interrupt.c.obj)
                              (--whole-archive)
kernel/osal/libosal.a(osal_mutex.c.obj)
                              (--whole-archive)
kernel/osal/libosal.a(osal_semaphore.c.obj)
                              (--whole-archive)
kernel/osal/libosal.a(osal_spinlock.c.obj)
                              (--whole-archive)
kernel/osal/libosal.a(osal_wait.c.obj)
                              (--whole-archive)
kernel/osal/libosal.a(osal_task.c.obj)
                              (--whole-archive)
driver/pinmux/libpinctrl.a(pinctrl.c.obj)
                              (--whole-archive)
driver/security_unified/libdrv_security_unified.a(hash_romable.c.obj)
                              (--whole-archive)
driver/security_unified/libdrv_security_unified.a(drv_flashboot_cipher.c.obj)
                              (--whole-archive)
driver/security_unified/libdrv_security_unified.a(drv_flashboot_symc.c.obj)
                              (--whole-archive)
driver/security_unified/libdrv_security_unified.a(crypto_drv_common.c.obj)
                              (--whole-archive)
driver/security_unified/libdrv_security_unified.a(drv_keyslot.c.obj)
                              (--whole-archive)
driver/security_unified/libdrv_security_unified.a(drv_klad.c.obj)
                              (--whole-archive)
driver/security_unified/libdrv_security_unified.a(drv_fapc.c.obj)
                              (--whole-archive)
driver/security_unified/libdrv_security_unified.a(crypto_curve_param.c.obj)
                              (--whole-archive)
driver/security_unified/libdrv_security_unified.a(drv_pke_sm2_verify.c.obj)
                              (--whole-archive)
driver/security_unified/libdrv_security_unified.a(drv_pke_ecdsa.c.obj)
                              (--whole-archive)
driver/security_unified/libdrv_security_unified.a(drv_pke_weak_func.c.obj)
                              (--whole-archive)
driver/security_unified/libdrv_security_unified.a(drv_rom_cipher.c.obj)
                              (--whole-archive)
driver/systick/libsystick.a(systick.c.obj)
                              (--whole-archive)
driver/tcxo/libtcxo.a(tcxo.c.obj)
                              (--whole-archive)
driver/timer/libdrv_timer.a(timer.c.obj)
                              (--whole-archive)
driver/uart/libuart.a(uart.c.obj)
[...]
Memory Configuration

Name             Origin             Length             Attributes
STACK            0x0000000000a00000 0x0000000000002400 xrw
SRAM             0x0000000000a02400 0x000000000001dc00 xrw
LOADERBOOT_ROM_ADDR 0x0000000000a20380 0x000000000000a000 xrw
*default*        0x0000000000000000 0xffffffffffffffff

Linker script and memory map


.text.entry     0x0000000000a20380      0x264
                0x0000000000a20380                . = ALIGN (0x4)
 *(.text.entry)
 .text.entry    0x0000000000a20380      0x13c bootloader/provision_ws63/libloaderboot_common.a(riscv_init.S.obj)
                0x0000000000a20380                _start
 *(.isr_vector)
 .isr_vector    0x0000000000a204bc      0x128 drivers/chips/ws63/libchip_ws63.a(vectors.c.obj)
                0x0000000000a205e4                . = ALIGN (0x4)

.stacks         0x0000000000a00000     0x2400
                0x0000000000a00000                . = ALIGN (0x10)
                0x0000000000a00000                g_system_stack_begin = ORIGIN (STACK)
                0x0000000000a01c00                . = (. + 0x1c00)
 *fill*         0x0000000000a00000     0x1c00 
                0x0000000000a01c00                __stack_top__ = .
                0x0000000000a02000                . = (. + 0x400)
 *fill*         0x0000000000a01c00      0x400 
                0x0000000000a02000                __irq_stack_top__ = .
                0x0000000000a02400                . = (. + 0x400)
 *fill*         0x0000000000a02000      0x400 
                0x0000000000a02400                __excp_stack_top__ = .
                0x0000000000a02400                . = ALIGN (0x10)
                0x0000000000a02400                g_system_stack_end = (ORIGIN (STACK) + LENGTH (STACK))

.text           0x0000000000a205f0     0x7444
                0x0000000000a205f0                . = ALIGN (0x4)
 *(.text)
 .text          0x0000000000a205f0       0x4c drivers/chips/ws63/libchip_ws63.a(vectors.s.obj)
 .text          0x0000000000a2063c        0x4 /home/sueiny/fbb_ws63/src/tools/bin/compiler/riscv/cc_riscv32_musl_105/cc_riscv32_musl/bin/../lib/gcc/riscv32-linux-musl/7.3.0/libgcc.a(_udivdi3.o)
                0x0000000000a2063c                __udivdi3
 .text          0x0000000000a20640        0xc /home/sueiny/fbb_ws63/src/tools/bin/compiler/riscv/cc_riscv32_musl_105/cc_riscv32_musl/bin/../lib/gcc/riscv32-linux-musl/7.3.0/libgcc.a(_umoddi3.o)
                0x0000000000a20640                __umoddi3
 .text          0x0000000000a2064c      0x3f8 /home/sueiny/fbb_ws63/src/tools/bin/compiler/riscv/cc_riscv32_musl_105/cc_riscv32_musl/bin/../lib/gcc/riscv32-linux-musl/7.3.0/libgcc.a(_udivmoddi4.o)
                0x0000000000a2064c                __udivmoddi4
 *(.text*)
 .text.memset   0x0000000000a20a44       0xae bootloader/commonboot/libc/libcommon_boot_libc.a(memset.c.obj)
                0x0000000000a20a44                memset
 .text.memcpy   0x0000000000a20af2      0x29c bootloader/commonboot/libc/libcommon_boot_libc.a(memcpy.c.obj)
                0x0000000000a20af2                memcpy
 .text.memcmp   0x0000000000a20d8e       0x1e bootloader/commonboot/libc/libcommon_boot_libc.a(memcmp.c.obj)
                0x0000000000a20d8e                memcmp
 .text.strlen   0x0000000000a20dac       0x3e bootloader/commonboot/libc/libcommon_boot_libc.a(strlen.c.obj)
                0x0000000000a20dac                strlen
 .text.reset    0x0000000000a20dea       0x12 bootloader/commonboot/libcommon_boot.a(boot_reset.c.obj)
                0x0000000000a20dea                reset
 .text.boot_get_flash_funcs
                0x0000000000a20dfc        0x8 bootloader/commonboot/libcommon_boot.a(boot_flash.c.obj)
                0x0000000000a20dfc                boot_get_flash_funcs
 .text.boot_regist_flash_cmd
                0x0000000000a20e04       0x1c bootloader/commonboot/libcommon_boot.a(boot_flash.c.obj)
                0x0000000000a20e04                boot_regist_flash_cmd
 .text.upload_send_file_info
                0x0000000000a20e20       0xc0 bootloader/commonboot/libcommon_boot.a(boot_transfer.c.obj)
 .text.upload_send_data
                0x0000000000a20ee0       0xe2 bootloader/commonboot/libcommon_boot.a(boot_transfer.c.obj)
 .text.upload_send_null_info
                0x0000000000a20fc2       0x54 bootloader/commonboot/libcommon_boot.a(boot_transfer.c.obj)
 .text.download_image
                0x0000000000a21016       0x6e bootloader/commonboot/libcommon_boot.a(boot_transfer.c.obj)
                0x0000000000a21016                download_image
 .text.download_factory_image
                0x0000000000a21084        0x2 bootloader/commonboot/libcommon_boot.a(boot_transfer.c.obj)
                0x0000000000a21084                download_factory_image
 .text.upload_data
                0x0000000000a21086      0x136 bootloader/commonboot/libcommon_boot.a(boot_transfer.c.obj)
                0x0000000000a21086                upload_data
 .text.loader_download_image
                0x0000000000a211bc       0xb4 bootloader/commonboot/libcommon_boot.a(boot_cmd_loop.c.obj)
                0x0000000000a211bc                loader_download_image
 .text.loader_upload_data
                0x0000000000a21270       0x42 bootloader/commonboot/libcommon_boot.a(boot_cmd_loop.c.obj)
                0x0000000000a21270                loader_upload_data
 .text.loader_set_baudrate
                0x0000000000a212b2       0x12 bootloader/commonboot/libcommon_boot.a(boot_cmd_loop.c.obj)
                0x0000000000a212b2                loader_set_baudrate
 .text.loader_ack
                0x0000000000a212c4       0x58 bootloader/commonboot/libcommon_boot.a(boot_cmd_loop.c.obj)
                0x0000000000a212c4                loader_ack
 .text.loader_reset
                0x0000000000a2131c       0x1e bootloader/commonboot/libcommon_boot.a(boot_cmd_loop.c.obj)
                0x0000000000a2131c                loader_reset
 .text.cmd_loop
                0x0000000000a2133a      0x184 bootloader/commonboot/libcommon_boot.a(boot_cmd_loop.c.obj)
                0x0000000000a2133a                cmd_loop
 .text.ymodem_flush
                0x0000000000a214be       0x20 bootloader/commonboot/libcommon_boot.a(boot_ymodem.c.obj)
 .text.ymodem_get_packet
                0x0000000000a214de      0x178 bootloader/commonboot/libcommon_boot.a(boot_ymodem.c.obj)
 .text.ymodem_open
                0x0000000000a21656      0x14e bootloader/commonboot/libcommon_boot.a(boot_ymodem.c.obj)
                0x0000000000a21656                ymodem_open
 .text.ymodem_close
                0x0000000000a217a4       0x18 bootloader/commonboot/libcommon_boot.a(boot_ymodem.c.obj)
                0x0000000000a217a4                ymodem_close
 .text.ymodem_read
                0x0000000000a217bc       0xfa bootloader/commonboot/libcommon_boot.a(boot_ymodem.c.obj)
                0x0000000000a217bc                ymodem_read
 .text.ymodem_get_length
                0x0000000000a218b6        0xe bootloader/commonboot/libcommon_boot.a(boot_ymodem.c.obj)
                0x0000000000a218b6                ymodem_get_length
 .text.crc16_ccitt
                0x0000000000a218c4       0x30 bootloader/commonboot/libcommon_boot.a(boot_crc16.c.obj)
                0x0000000000a218c4                crc16_ccitt
 .text.loader_serial_ymodem
                0x0000000000a218f4       0xb2 bootloader/commonboot/libcommon_boot.a(boot_load.c.obj)
                0x0000000000a218f4                loader_serial_ymodem
 .text.loader_burn_efuse
                0x0000000000a219a6      0x188 bootloader/commonboot/libcommon_boot.a(boot_efuse_opt.c.obj)
                0x0000000000a219a6                loader_burn_efuse
 .text.loader_read_efuse
                0x0000000000a21b2e       0x82 bootloader/commonboot/libcommon_boot.a(boot_efuse_opt.c.obj)
                0x0000000000a21b2e                loader_read_efuse
 .text.sfc_flash_read
                0x0000000000a21bb0        0xa bootloader/provision_ws63/libloaderboot_common.a(main.c.obj)
 .text.sfc_flash_init
                0x0000000000a21bba        0xa bootloader/provision_ws63/libloaderboot_common.a(main.c.obj)
 .text.sfc_flash_erase
                0x0000000000a21bc4       0x12 bootloader/provision_ws63/libloaderboot_common.a(main.c.obj)
 .text.sfc_flash_write
                0x0000000000a21bd6       0x30 bootloader/provision_ws63/libloaderboot_common.a(main.c.obj)
 .text.start_loaderboot
                0x0000000000a21c06       0xf0 bootloader/provision_ws63/libloaderboot_common.a(main.c.obj)
                0x0000000000a21c06                start_loaderboot
 .text.serial_port_set_baudrate
                0x0000000000a21cf6       0x58 bootloader/provision_ws63/libloaderboot_common.a(main.c.obj)
                0x0000000000a21cf6                serial_port_set_baudrate
 .text.uart_ack
                0x0000000000a21d4e       0x40 bootloader/provision_ws63/libloaderboot_common.a(boot_uart_auth.c.obj)
 .text.uart_baudrate_rcv
                0x0000000000a21d8e       0x52 bootloader/provision_ws63/libloaderboot_common.a(boot_uart_auth.c.obj)
                0x0000000000a21d8e                uart_baudrate_rcv
 .text.loader_download_is_flash_all_erased
                0x0000000000a21de0        0xa bootloader/provision_ws63/libloaderboot_common.a(boot_erase.c.obj)
                0x0000000000a21de0                loader_download_is_flash_all_erased
 .text.loader_erase_all_process
                0x0000000000a21dea       0x4a bootloader/provision_ws63/libloaderboot_common.a(boot_erase.c.obj)
                0x0000000000a21dea                loader_erase_all_process
 .text.non_os_enter_critical
                0x0000000000a21e34       0x7a kernel/non_os/non_os/libnon_os.a(non_os_utils.c.obj)
                0x0000000000a21e34                non_os_enter_critical
 .text.non_os_exit_critical
                0x0000000000a21eae       0x6c kernel/non_os/non_os/libnon_os.a(non_os_utils.c.obj)
                0x0000000000a21eae                non_os_exit_critical
 .text.malloc_register_funcs
                0x0000000000a21f1a       0x16 kernel/non_os/malloc/libnonos_malloc.a(malloc.c.obj)
                0x0000000000a21f1a                malloc_register_funcs
 .text.rom_malloc_init
                0x0000000000a21f30       0x3e kernel/non_os/malloc/libnonos_malloc.a(malloc.c.obj)
                0x0000000000a21f30                rom_malloc_init
 .text.malloc_init
                0x0000000000a21f6e        0x2 kernel/non_os/malloc/libnonos_malloc.a(malloc.c.obj)
                0x0000000000a21f6e                malloc_init
 .text.rom_malloc
                0x0000000000a21f70       0xd8 kernel/non_os/malloc/libnonos_malloc.a(malloc.c.obj)
                0x0000000000a21f70                rom_malloc
 .text.malloc   0x0000000000a22048        0x8 kernel/non_os/malloc/libnonos_malloc.a(malloc.c.obj)
                0x0000000000a22048                malloc
 .text.rom_free
                0x0000000000a22050       0x2e kernel/non_os/malloc/libnonos_malloc.a(malloc.c.obj)
                0x0000000000a22050                rom_free
 .text.free     0x0000000000a2207e        0x2 kernel/non_os/malloc/libnonos_malloc.a(malloc.c.obj)
                0x0000000000a2207e                free
 .text.osal_irq_lock
                0x0000000000a22080        0x8 kernel/osal/libosal.a(osal_interrupt.c.obj)
                0x0000000000a22080                osal_irq_lock
 .text.osal_irq_restore
                0x0000000000a22088        0x2 kernel/osal/libosal.a(osal_interrupt.c.obj)
                0x0000000000a22088                osal_irq_restore
 .text.drv_rom_hash
                0x0000000000a2208a      0x14e driver/security_unified/libdrv_security_unified.a(hash_romable.c.obj)
                0x0000000000a2208a                drv_rom_hash
 .text.crypto_get_phys_addr
                0x0000000000a221d8       0x12 driver/security_unified/libdrv_security_unified.a(crypto_drv_common.c.obj)
                0x0000000000a221d8                crypto_get_phys_addr
 .text.drv_cipher_register_func
                0x0000000000a221ea       0x28 driver/security_unified/libdrv_security_unified.a(crypto_drv_common.c.obj)
                0x0000000000a221ea                drv_cipher_register_func
 .text.crypto_get_cpu_type
                0x0000000000a22212       0x14 driver/security_unified/libdrv_security_unified.a(crypto_drv_common.c.obj)
                0x0000000000a22212                crypto_get_cpu_type
 .text.crypto_curve_param_init
                0x0000000000a22226        0xe driver/security_unified/libdrv_security_unified.a(crypto_curve_param.c.obj)
                0x0000000000a22226                crypto_curve_param_init
 .text.drv_cipher_pke_init_ecc_param
                0x0000000000a22234       0x12 driver/security_unified/libdrv_security_unified.a(drv_pke_ecdsa.c.obj)
                0x0000000000a22234                drv_cipher_pke_init_ecc_param
 .text.drv_cipher_pke_init
                0x0000000000a22246       0x12 driver/security_unified/libdrv_security_unified.a(drv_pke_ecdsa.c.obj)
                0x0000000000a22246                drv_cipher_pke_init
 .text.drv_cipher_pke_deinit
                0x0000000000a22258       0x12 driver/security_unified/libdrv_security_unified.a(drv_pke_ecdsa.c.obj)
                0x0000000000a22258                drv_cipher_pke_deinit
 .text.inner_get_phys_addr
                0x0000000000a2226a        0x2 driver/security_unified/libdrv_security_unified.a(drv_rom_cipher.c.obj)
 .text.drv_rom_cipher_sha256
                0x0000000000a2226c       0x32 driver/security_unified/libdrv_security_unified.a(drv_rom_cipher.c.obj)
                0x0000000000a2226c                drv_rom_cipher_sha256
 .text.drv_rom_cipher_init
                0x0000000000a2229e       0x2a driver/security_unified/libdrv_security_unified.a(drv_rom_cipher.c.obj)
                0x0000000000a2229e                drv_rom_cipher_init
 .text.drv_rom_cipher_deinit
                0x0000000000a222c8       0x10 driver/security_unified/libdrv_security_unified.a(drv_rom_cipher.c.obj)
                0x0000000000a222c8                drv_rom_cipher_deinit
 .text.uapi_systick_get_count
                0x0000000000a222d8       0x2a driver/systick/libsystick.a(systick.c.obj)
                0x0000000000a222d8                uapi_systick_get_count
 .text.uapi_systick_get_us
                0x0000000000a22302       0x2c driver/systick/libsystick.a(systick.c.obj)
                0x0000000000a22302                uapi_systick_get_us
 .text.uapi_tcxo_init
                0x0000000000a2232e       0x30 driver/tcxo/libtcxo.a(tcxo.c.obj)
                0x0000000000a2232e                uapi_tcxo_init
 .text.uapi_tcxo_get_count
                0x0000000000a2235e       0x2a driver/tcxo/libtcxo.a(tcxo.c.obj)
                0x0000000000a2235e                uapi_tcxo_get_count
 .text.uapi_tcxo_delay_ms
                0x0000000000a22388       0x50 driver/tcxo/libtcxo.a(tcxo.c.obj)
                0x0000000000a22388                uapi_tcxo_delay_ms
 .text.uapi_tcxo_delay_us
                0x0000000000a223d8       0x3e driver/tcxo/libtcxo.a(tcxo.c.obj)
                0x0000000000a223d8                uapi_tcxo_delay_us
 .text.uart_rx_buffer_report
                0x0000000000a22416       0x2a driver/uart/libuart.a(uart.c.obj)
 .text.uapi_uart_param_check
                0x0000000000a22440       0x28 driver/uart/libuart.a(uart.c.obj)
 .text.uart_helper_invoke_current_fragment_callback
                0x0000000000a22468       0x1e driver/uart/libuart.a(uart.c.obj)
 .text.uart_helper_move_to_next_fragment
                0x0000000000a22486       0x3e driver/uart/libuart.a(uart.c.obj)
 .text.uart_helper_send_next_char
                0x0000000000a224c4       0x2e driver/uart/libuart.a(uart.c.obj)
 .text.uart_error_isr
                0x0000000000a224f2       0x7e driver/uart/libuart.a(uart.c.obj)
 .text.uart_evt_callback
                0x0000000000a22570      0x1a8 driver/uart/libuart.a(uart.c.obj)
 .text.uapi_uart_init
                0x0000000000a22718       0xce driver/uart/libuart.a(uart.c.obj)
                0x0000000000a22718                uapi_uart_init
 .text.uapi_uart_deinit
                0x0000000000a227e6       0x60 driver/uart/libuart.a(uart.c.obj)
                0x0000000000a227e6                uapi_uart_deinit
 .text.uapi_uart_write
                0x0000000000a22846       0x58 driver/uart/libuart.a(uart.c.obj)
                0x0000000000a22846                uapi_uart_write
 .text.uapi_uart_read
                0x0000000000a2289e       0x58 driver/uart/libuart.a(uart.c.obj)
                0x0000000000a2289e                uapi_uart_read
 .text.uapi_uart_rx_fifo_is_empty
                0x0000000000a228f6       0x2e driver/uart/libuart.a(uart.c.obj)
                0x0000000000a228f6                uapi_uart_rx_fifo_is_empty
 .text.uapi_watchdog_init
                0x0000000000a22924       0x52 driver/watchdog/libwatchdog.a(watchdog.c.obj)
                0x0000000000a22924                uapi_watchdog_init
 .text.uapi_watchdog_enable
                0x0000000000a22976       0x44 driver/watchdog/libwatchdog.a(watchdog.c.obj)
                0x0000000000a22976                uapi_watchdog_enable
 .text.uapi_watchdog_disable
                0x0000000000a229ba       0x36 driver/watchdog/libwatchdog.a(watchdog.c.obj)
                0x0000000000a229ba                uapi_watchdog_disable
 .text.uapi_watchdog_deinit
                0x0000000000a229f0       0x3a driver/watchdog/libwatchdog.a(watchdog.c.obj)
                0x0000000000a229f0                uapi_watchdog_deinit
 .text.uapi_watchdog_kick
                0x0000000000a22a2a       0x2c driver/watchdog/libwatchdog.a(watchdog.c.obj)
                0x0000000000a22a2a                uapi_watchdog_kick
 .text.uapi_efuse_init
                0x0000000000a22a56       0x10 driver/efuse/libefuse.a(efuse.c.obj)
                0x0000000000a22a56                uapi_efuse_init
 .text.uapi_efuse_read_bit
                0x0000000000a22a66       0x56 driver/efuse/libefuse.a(efuse.c.obj)
                0x0000000000a22a66                uapi_efuse_read_bit
 .text.uapi_efuse_read_buffer
                0x0000000000a22abc       0x5a driver/efuse/libefuse.a(efuse.c.obj)
                0x0000000000a22abc                uapi_efuse_read_buffer
 .text.uapi_efuse_write_bit
                0x0000000000a22b16       0x7a driver/efuse/libefuse.a(efuse.c.obj)
                0x0000000000a22b16                uapi_efuse_write_bit
 .text.hal_efuse_register_funcs
                0x0000000000a22b90       0x16 hal/efuse/libhal_efuse_v151.a(hal_efuse.c.obj)
                0x0000000000a22b90                hal_efuse_register_funcs
 .text.hal_efuse_get_funcs
                0x0000000000a22ba6        0xa hal/efuse/libhal_efuse_v151.a(hal_efuse.c.obj)
                0x0000000000a22ba6                hal_efuse_get_funcs
 .text.hal_efuse_deinit
                0x0000000000a22bb0        0xc hal/efuse/libhal_efuse_v151.a(hal_efuse_v151.c.obj)
 .text.hal_efuse_get_writeread_addr
                0x0000000000a22bbc       0x26 hal/efuse/libhal_efuse_v151.a(hal_efuse_v151.c.obj)
 .text.hal_efuse_init
                0x0000000000a22be2       0x2e hal/efuse/libhal_efuse_v151.a(hal_efuse_v151.c.obj)
 .text.hal_efuse_read_byte
                0x0000000000a22c10       0x60 hal/efuse/libhal_efuse_v151.a(hal_efuse_v151.c.obj)
 .text.hal_efuse_get_die_id
                0x0000000000a22c70       0x34 hal/efuse/libhal_efuse_v151.a(hal_efuse_v151.c.obj)
 .text.hal_efuse_write_operation
                0x0000000000a22ca4       0x98 hal/efuse/libhal_efuse_v151.a(hal_efuse_v151.c.obj)
 .text.hal_efuse_write_buffer_operation
                0x0000000000a22d3c       0x3c hal/efuse/libhal_efuse_v151.a(hal_efuse_v151.c.obj)
 .text.hal_efuse_set_clock_period
                0x0000000000a22d78        0xa hal/efuse/libhal_efuse_v151.a(hal_efuse_v151.c.obj)
                0x0000000000a22d78                hal_efuse_set_clock_period
 .text.hal_efuse_funcs_get
                0x0000000000a22d82        0x8 hal/efuse/libhal_efuse_v151.a(hal_efuse_v151.c.obj)
                0x0000000000a22d82                hal_efuse_funcs_get
 .text.hal_efuse_regs_init
                0x0000000000a22d8a       0x32 hal/efuse/libhal_efuse_v151.a(hal_efuse_v151_reg_op.c.obj)
                0x0000000000a22d8a                hal_efuse_regs_init
 .text.hal_reboot_chip
                0x0000000000a22dbc       0x10 hal/reboot/libhal_reboot.a(hal_reboot.c.obj)
                0x0000000000a22dbc                hal_reboot_chip
 .text.crypto_cache_flush
                0x0000000000a22dcc        0x2 hal/security_unified/libhal_security_unified.a(crypto_osal_lib.c.obj)
                0x0000000000a22dcc                crypto_cache_flush
 .text.crypto_wait_func_is_support
                0x0000000000a22dce        0x4 hal/security_unified/libhal_security_unified.a(crypto_osal_lib.c.obj)
                0x0000000000a22dce                crypto_wait_func_is_support
 .text.hal_pke_init
                0x0000000000a22dd2       0x14 hal/security_unified/libhal_security_unified.a(hal_pke.c.obj)
                0x0000000000a22dd2                hal_pke_init
 .text.hal_pke_deinit
                0x0000000000a22de6       0x1c hal/security_unified/libhal_security_unified.a(hal_pke.c.obj)
                0x0000000000a22de6                hal_pke_deinit
 .text.hal_pke_unlock
                0x0000000000a22e02       0x16 hal/security_unified/libhal_security_unified.a(hal_pke.c.obj)
                0x0000000000a22e02                hal_pke_unlock
 .text.hal_hash_condition
                0x0000000000a22e18       0x1e hal/security_unified/libhal_security_unified.a(hal_hash.c.obj)
 .text.hal_cipher_hash_init
                0x0000000000a22e36       0x5a hal/security_unified/libhal_security_unified.a(hal_hash.c.obj)
                0x0000000000a22e36                hal_cipher_hash_init
 .text.hal_hash_unlock
                0x0000000000a22e90       0x20 hal/security_unified/libhal_security_unified.a(hal_hash.c.obj)
                0x0000000000a22e90                hal_hash_unlock
 .text.hal_cipher_hash_deinit
                0x0000000000a22eb0       0x38 hal/security_unified/libhal_security_unified.a(hal_hash.c.obj)
                0x0000000000a22eb0                hal_cipher_hash_deinit
 .text.hal_cipher_hash_config
                0x0000000000a22ee8       0xe2 hal/security_unified/libhal_security_unified.a(hal_hash.c.obj)
                0x0000000000a22ee8                hal_cipher_hash_config
 .text.hal_cipher_hash_add_in_node
                0x0000000000a22fca       0x74 hal/security_unified/libhal_security_unified.a(hal_hash.c.obj)
                0x0000000000a22fca                hal_cipher_hash_add_in_node
 .text.hal_cipher_hash_start
                0x0000000000a2303e       0xa8 hal/security_unified/libhal_security_unified.a(hal_hash.c.obj)
                0x0000000000a2303e                hal_cipher_hash_start
 .text.hal_cipher_hash_done_try
                0x0000000000a230e6       0x1a hal/security_unified/libhal_security_unified.a(hal_hash.c.obj)
                0x0000000000a230e6                hal_cipher_hash_done_try
 .text.hal_hash_lock
                0x0000000000a23100      0x108 hal/security_unified/libhal_security_unified.a(hal_hash.c.obj)
                0x0000000000a23100                hal_hash_lock
 .text.hal_hash_debug_chn
                0x0000000000a23208       0x20 hal/security_unified/libhal_security_unified.a(hal_hash.c.obj)
                0x0000000000a23208                hal_hash_debug_chn
 .text.hal_cipher_hash_wait_done
                0x0000000000a23228      0x152 hal/security_unified/libhal_security_unified.a(hal_hash.c.obj)
                0x0000000000a23228                hal_cipher_hash_wait_done
 .text.hal_cipher_trng_init
                0x0000000000a2337a        0xe hal/security_unified/libhal_security_unified.a(hal_trng.c.obj)
                0x0000000000a2337a                hal_cipher_trng_init
 .text.hal_cipher_trng_deinit
                0x0000000000a23388        0xe hal/security_unified/libhal_security_unified.a(hal_trng.c.obj)
                0x0000000000a23388                hal_cipher_trng_deinit
 .text.hal_tcxo_init
                0x0000000000a23396       0x2c hal/tcxo/libhal_tcxo.a(hal_tcxo_v150.c.obj)
                0x0000000000a23396                hal_tcxo_init
 .text.hal_tcxo_get
                0x0000000000a233c2       0x30 hal/tcxo/libhal_tcxo.a(hal_tcxo_v150.c.obj)
                0x0000000000a233c2                hal_tcxo_get
 .text.hal_tcxo_v150_regs_init
                0x0000000000a233f2       0x20 hal/tcxo/libhal_tcxo.a(hal_tcxo_v150_regs_op.c.obj)
                0x0000000000a233f2                hal_tcxo_v150_regs_init
 .text.hal_tcxo_reg_count_get
                0x0000000000a23412        0xe hal/tcxo/libhal_tcxo.a(hal_tcxo_v150_regs_op.c.obj)
                0x0000000000a23412                hal_tcxo_reg_count_get
 .text.hal_uart_register_funcs
                0x0000000000a23420       0x1e hal/uart/libhal_uart.a(hal_uart.c.obj)
                0x0000000000a23420                hal_uart_register_funcs
 .text.hal_uart_init
                0x0000000000a2343e       0x3e hal/uart/libhal_uart.a(hal_uart.c.obj)
                0x0000000000a2343e                hal_uart_init
 .text.hal_uart_deinit
                0x0000000000a2347c       0x12 hal/uart/libhal_uart.a(hal_uart.c.obj)
                0x0000000000a2347c                hal_uart_deinit
 .text.hal_uart_write
                0x0000000000a2348e       0x12 hal/uart/libhal_uart.a(hal_uart.c.obj)
                0x0000000000a2348e                hal_uart_write
 .text.hal_uart_read
                0x0000000000a234a0       0x12 hal/uart/libhal_uart.a(hal_uart.c.obj)
                0x0000000000a234a0                hal_uart_read
 .text.hal_uart_ctrl
                0x0000000000a234b2       0x1c hal/uart/libhal_uart.a(hal_uart.c.obj)
                0x0000000000a234b2                hal_uart_ctrl
 .text.hal_uart_v151_ctrl_get_rxfifo_passnum
                0x0000000000a234ce       0x12 hal/uart/libhal_uart.a(hal_uart_v151.c.obj)
 .text.hal_uart_v151_get_uart_rxfifo_threshold
                0x0000000000a234e0       0x22 hal/uart/libhal_uart.a(hal_uart_v151.c.obj)
 .text.hal_uart_v151_deinit
                0x0000000000a23502       0x12 hal/uart/libhal_uart.a(hal_uart_v151.c.obj)
 .text.hal_uart_set_diven
                0x0000000000a23514       0x18 hal/uart/libhal_uart.a(hal_uart_v151.c.obj)
 .text.hal_uart_is_tx_fifo_full
                0x0000000000a2352c       0x16 hal/uart/libhal_uart.a(hal_uart_v151.c.obj)
 .text.hal_uart_is_tx_fifo_empty
                0x0000000000a23542       0x18 hal/uart/libhal_uart.a(hal_uart_v151.c.obj)
 .text.hal_uart_is_busy
                0x0000000000a2355a       0x1e hal/uart/libhal_uart.a(hal_uart_v151.c.obj)
 .text.hal_uart_is_rx_fifo_empty
                0x0000000000a23578       0x18 hal/uart/libhal_uart.a(hal_uart_v151.c.obj)
 .text.hal_uart_v151_write
                0x0000000000a23590       0x26 hal/uart/libhal_uart.a(hal_uart_v151.c.obj)
 .text.hal_uart_v151_read
                0x0000000000a235b6       0x28 hal/uart/libhal_uart.a(hal_uart_v151.c.obj)
 .text.hal_uart_v151_ctrl
                0x0000000000a235de       0x1c hal/uart/libhal_uart.a(hal_uart_v151.c.obj)
 .text.hal_uart_init_fifo
                0x0000000000a235fa       0x3c hal/uart/libhal_uart.a(hal_uart_v151.c.obj)
                0x0000000000a235fa                hal_uart_init_fifo
 .text.hal_uart_v151_ctrl_set_txfifo_int_level
                0x0000000000a23636       0x20 hal/uart/libhal_uart.a(hal_uart_v151.c.obj)
 .text.hal_uart_v151_ctrl_set_rxfifo_int_level
                0x0000000000a23656       0x22 hal/uart/libhal_uart.a(hal_uart_v151.c.obj)
 .text.hal_uart_set_baud_rate
                0x0000000000a23678       0x44 hal/uart/libhal_uart.a(hal_uart_v151.c.obj)
                0x0000000000a23678                hal_uart_set_baud_rate
 .text.hal_uart_set_data_bits
                0x0000000000a236bc       0x1a hal/uart/libhal_uart.a(hal_uart_v151.c.obj)
                0x0000000000a236bc                hal_uart_set_data_bits
 .text.hal_uart_set_stop_bits
                0x0000000000a236d6       0x1c hal/uart/libhal_uart.a(hal_uart_v151.c.obj)
                0x0000000000a236d6                hal_uart_set_stop_bits
 .text.hal_uart_auto_flow_ctl_en
                0x0000000000a236f2       0x1c hal/uart/libhal_uart.a(hal_uart_v151.c.obj)
                0x0000000000a236f2                hal_uart_auto_flow_ctl_en
 .text.hal_uart_enable_interrupt
                0x0000000000a2370e       0x4a hal/uart/libhal_uart.a(hal_uart_v151.c.obj)
                0x0000000000a2370e                hal_uart_enable_interrupt
 .text.hal_uart_en_para_err_int
                0x0000000000a23758        0xe hal/uart/libhal_uart.a(hal_uart_v151.c.obj)
 .text.hal_uart_en_idle_int
                0x0000000000a23766        0xe hal/uart/libhal_uart.a(hal_uart_v151.c.obj)
 .text.hal_uart_en_rx_int
                0x0000000000a23774        0xe hal/uart/libhal_uart.a(hal_uart_v151.c.obj)
 .text.hal_uart_en_tx_int
                0x0000000000a23782        0xe hal/uart/libhal_uart.a(hal_uart_v151.c.obj)
 .text.hal_uart_check_en
                0x0000000000a23790       0x1c hal/uart/libhal_uart.a(hal_uart_v151.c.obj)
                0x0000000000a23790                hal_uart_check_en
 .text.hal_uart_parity_en
                0x0000000000a237ac       0x1a hal/uart/libhal_uart.a(hal_uart_v151.c.obj)
                0x0000000000a237ac                hal_uart_parity_en
 .text.hal_uart_set_parity
                0x0000000000a237c6       0x26 hal/uart/libhal_uart.a(hal_uart_v151.c.obj)
                0x0000000000a237c6                hal_uart_set_parity
 .text.hal_uart_v151_ctrl_set_attr
                0x0000000000a237ec       0x2e hal/uart/libhal_uart.a(hal_uart_v151.c.obj)
 .text.hal_uart_tx_pause_en
                0x0000000000a2381a       0x18 hal/uart/libhal_uart.a(hal_uart_v151.c.obj)
                0x0000000000a2381a                hal_uart_tx_pause_en
 .text.hal_uart_v151_init
                0x0000000000a23832       0x9e hal/uart/libhal_uart.a(hal_uart_v151.c.obj)
 .text.hal_uart_v151_funcs_get
                0x0000000000a238d0        0x8 hal/uart/libhal_uart.a(hal_uart_v151.c.obj)
                0x0000000000a238d0                hal_uart_v151_funcs_get
 .text.hal_watchdog_register_funcs
                0x0000000000a238d8       0x16 hal/watchdog/libhal_watchdog.a(hal_watchdog.c.obj)
                0x0000000000a238d8                hal_watchdog_register_funcs
 .text.hal_watchdog_unregister_funcs
                0x0000000000a238ee        0xe hal/watchdog/libhal_watchdog.a(hal_watchdog.c.obj)
                0x0000000000a238ee                hal_watchdog_unregister_funcs
 .text.hal_watchdog_get_funcs
                0x0000000000a238fc        0xa hal/watchdog/libhal_watchdog.a(hal_watchdog.c.obj)
                0x0000000000a238fc                hal_watchdog_get_funcs
 .text.hal_watchdog_regs_init
                0x0000000000a23906       0x1e hal/watchdog/libhal_watchdog.a(hal_watchdog.c.obj)
                0x0000000000a23906                hal_watchdog_regs_init
 .text.hal_watchdog_regs_deinit
                0x0000000000a23924        0xc hal/watchdog/libhal_watchdog.a(hal_watchdog.c.obj)
                0x0000000000a23924                hal_watchdog_regs_deinit
 .text.hal_watchdog_v151_kick
                0x0000000000a23930       0x12 hal/watchdog/libhal_watchdog.a(hal_watchdog_v151.c.obj)
 .text.hal_watchdog_v151_get_attr
                0x0000000000a23942        0xa hal/watchdog/libhal_watchdog.a(hal_watchdog_v151.c.obj)
 .text.hal_register_watchdog_v151_callback
                0x0000000000a2394c        0xa hal/watchdog/libhal_watchdog.a(hal_watchdog_v151.c.obj)
 .text.hal_watchdog_v151_deinit
                0x0000000000a23956        0x2 hal/watchdog/libhal_watchdog.a(hal_watchdog_v151.c.obj)
 .text.hal_watchdog_v151_init
                0x0000000000a23958        0x2 hal/watchdog/libhal_watchdog.a(hal_watchdog_v151.c.obj)
 .text.hal_watchdog_v151_get_left_time
                0x0000000000a2395a       0x50 hal/watchdog/libhal_watchdog.a(hal_watchdog_v151.c.obj)
 .text.hal_watchdog_v151_clear_interrupt
                0x0000000000a239aa       0x12 hal/watchdog/libhal_watchdog.a(hal_watchdog_v151.c.obj)
 .text.hal_watchdog_v151_disable
                0x0000000000a239bc       0x14 hal/watchdog/libhal_watchdog.a(hal_watchdog_v151.c.obj)
 .text.hal_watchdog_v151_set_attr
                0x0000000000a239d0       0x70 hal/watchdog/libhal_watchdog.a(hal_watchdog_v151.c.obj)
 .text.hal_watchdog_v151_enable
                0x0000000000a23a40       0x3e hal/watchdog/libhal_watchdog.a(hal_watchdog_v151.c.obj)
 .text.hal_watchdog_v151_funcs_get
                0x0000000000a23a7e        0x8 hal/watchdog/libhal_watchdog.a(hal_watchdog_v151.c.obj)
                0x0000000000a23a7e                hal_watchdog_v151_funcs_get
 .text.hal_sfc_regs_init
                0x0000000000a23a86       0x5a hal/sfc/libhal_sfc.a(hal_sfc.c.obj)
                0x0000000000a23a86                hal_sfc_regs_init
 .text.hal_sfc_regs_set_cmd_addr
                0x0000000000a23ae0       0x1e hal/sfc/libhal_sfc.a(hal_sfc_v150.c.obj)
 .text.hal_sfc_regs_wait_ready.constprop.3
                0x0000000000a23afe       0x60 hal/sfc/libhal_sfc.a(hal_sfc_v150.c.obj)
 .text.hal_sfc_execute_type_cmd
                0x0000000000a23b5e       0x5c hal/sfc/libhal_sfc.a(hal_sfc_v150.c.obj)
 .text.hal_sfc_write_enable
                0x0000000000a23bba       0x1a hal/sfc/libhal_sfc.a(hal_sfc_v150.c.obj)
 .text.hal_sfc_reg_write_once
                0x0000000000a23bd4       0x7c hal/sfc/libhal_sfc.a(hal_sfc_v150.c.obj)
 .text.hal_sfc_get_flash_id
                0x0000000000a23c50       0x44 hal/sfc/libhal_sfc.a(hal_sfc_v150.c.obj)
                0x0000000000a23c50                hal_sfc_get_flash_id
 .text.hal_sfc_init
                0x0000000000a23c94       0xe2 hal/sfc/libhal_sfc.a(hal_sfc_v150.c.obj)
                0x0000000000a23c94                hal_sfc_init
 .text.hal_sfc_reg_read
                0x0000000000a23d76       0x8c hal/sfc/libhal_sfc.a(hal_sfc_v150.c.obj)
                0x0000000000a23d76                hal_sfc_reg_read
 .text.hal_sfc_reg_write
                0x0000000000a23e02       0x60 hal/sfc/libhal_sfc.a(hal_sfc_v150.c.obj)
                0x0000000000a23e02                hal_sfc_reg_write
 .text.hal_sfc_reg_erase
                0x0000000000a23e62       0x32 hal/sfc/libhal_sfc.a(hal_sfc_v150.c.obj)
                0x0000000000a23e62                hal_sfc_reg_erase
 .text.hal_sfc_regs_set_opt
                0x0000000000a23e94       0x38 hal/sfc/libhal_sfc.a(hal_sfc_v150_regs_op.c.obj)
                0x0000000000a23e94                hal_sfc_regs_set_opt
 .text.hal_sfc_regs_set_opt_attr
                0x0000000000a23ecc       0x2e hal/sfc/libhal_sfc.a(hal_sfc_v150_regs_op.c.obj)
                0x0000000000a23ecc                hal_sfc_regs_set_opt_attr
 .text.hal_sfc_regs_wait_config
                0x0000000000a23efa       0x10 hal/sfc/libhal_sfc.a(hal_sfc_v150_regs_op.c.obj)
                0x0000000000a23efa                hal_sfc_regs_wait_config
 .text.hal_sfc_regs_set_bus_read
                0x0000000000a23f0a       0x3c hal/sfc/libhal_sfc.a(hal_sfc_v150_regs_op.c.obj)
                0x0000000000a23f0a                hal_sfc_regs_set_bus_read
 .text.hal_sfc_regs_set_bus_write
                0x0000000000a23f46       0x36 hal/sfc/libhal_sfc.a(hal_sfc_v150_regs_op.c.obj)
                0x0000000000a23f46                hal_sfc_regs_set_bus_write
 .text.print_str_inner
                0x0000000000a23f7c       0x48 drivers/chips/ws63/porting/uart/libuart_port.a(uart_porting.c.obj)
 .text.uart_port_register_hal_funcs
                0x0000000000a23fc4       0x12 drivers/chips/ws63/porting/uart/libuart_port.a(uart_porting.c.obj)
                0x0000000000a23fc4                uart_port_register_hal_funcs
 .text.uart_port_set_clock_value
                0x0000000000a23fd6        0xa drivers/chips/ws63/porting/uart/libuart_port.a(uart_porting.c.obj)
                0x0000000000a23fd6                uart_port_set_clock_value
 .text.uart_port_get_clock_value
                0x0000000000a23fe0        0xa drivers/chips/ws63/porting/uart/libuart_port.a(uart_porting.c.obj)
                0x0000000000a23fe0                uart_port_get_clock_value
 .text.uart_port_config_pinmux
                0x0000000000a23fea       0x10 drivers/chips/ws63/porting/uart/libuart_port.a(uart_porting.c.obj)
                0x0000000000a23fea                uart_port_config_pinmux
 .text.uart_port_register_irq
                0x0000000000a23ffa        0x2 drivers/chips/ws63/porting/uart/libuart_port.a(uart_porting.c.obj)
                0x0000000000a23ffa                uart_port_register_irq
 .text.uart_port_unregister_irq
                0x0000000000a23ffc        0x2 drivers/chips/ws63/porting/uart/libuart_port.a(uart_porting.c.obj)
                0x0000000000a23ffc                uart_port_unregister_irq
 .text.print_str
                0x0000000000a23ffe       0x30 drivers/chips/ws63/porting/uart/libuart_port.a(uart_porting.c.obj)
                0x0000000000a23ffe                print_str
 .text.uart_porting_lock
                0x0000000000a2402e        0x4 drivers/chips/ws63/porting/uart/libuart_port.a(uart_porting.c.obj)
                0x0000000000a2402e                uart_porting_lock
 .text.uart_porting_unlock
                0x0000000000a24032        0x6 drivers/chips/ws63/porting/uart/libuart_port.a(uart_porting.c.obj)
                0x0000000000a24032                uart_porting_unlock
 .text.hal_systick_get_count
                0x0000000000a24038       0x10 drivers/chips/ws63/porting/systick/libsystick_port.a(hal_systick_ws63.c.obj)
                0x0000000000a24038                hal_systick_get_count
 .text.systick_clock_get
                0x0000000000a24048        0xa drivers/chips/ws63/porting/systick/libsystick_port.a(systick_porting.c.obj)
                0x0000000000a24048                systick_clock_get
 .text.tcxo_porting_base_addr_get
                0x0000000000a24052        0x8 drivers/chips/ws63/porting/tcxo/libtcxo_port.a(tcxo_porting.c.obj)
                0x0000000000a24052                tcxo_porting_base_addr_get
 .text.tcxo_porting_ticks_per_usec_get
                0x0000000000a2405a        0xa drivers/chips/ws63/porting/tcxo/libtcxo_port.a(tcxo_porting.c.obj)
                0x0000000000a2405a                tcxo_porting_ticks_per_usec_get
 .text.tcxo_porting_ticks_per_usec_set
                0x0000000000a24064        0xa drivers/chips/ws63/porting/tcxo/libtcxo_port.a(tcxo_porting.c.obj)
                0x0000000000a24064                tcxo_porting_ticks_per_usec_set
 .text.watchdog_port_register_hal_funcs
                0x0000000000a2406e        0xc drivers/chips/ws63/porting/watchdog/libwatchdog_port.a(watchdog_porting.c.obj)
                0x0000000000a2406e                watchdog_port_register_hal_funcs
 .text.watchdog_port_unregister_hal_funcs
                0x0000000000a2407a        0x4 drivers/chips/ws63/porting/watchdog/libwatchdog_port.a(watchdog_porting.c.obj)
                0x0000000000a2407a                watchdog_port_unregister_hal_funcs
 .text.watchdog_port_register_irq
                0x0000000000a2407e        0x2 drivers/chips/ws63/porting/watchdog/libwatchdog_port.a(watchdog_porting.c.obj)
                0x0000000000a2407e                watchdog_port_register_irq
 .text.watchdog_port_set_clock
                0x0000000000a24080       0x16 drivers/chips/ws63/porting/watchdog/libwatchdog_port.a(watchdog_porting.c.obj)
                0x0000000000a24080                watchdog_port_set_clock
 .text.watchdog_port_get_clock
                0x0000000000a24096        0xa drivers/chips/ws63/porting/watchdog/libwatchdog_port.a(watchdog_porting.c.obj)
                0x0000000000a24096                watchdog_port_get_clock
 .text.sfc_port_get_flash_spi_infos
                0x0000000000a240a0        0x8 drivers/chips/ws63/porting/sfc/flash_config/libsfc_flash_config_ws63.a(flash_config_info.c.obj)
                0x0000000000a240a0                sfc_port_get_flash_spi_infos
 .text.sfc_port_get_flash_num
                0x0000000000a240a8        0x4 drivers/chips/ws63/porting/sfc/flash_config/libsfc_flash_config_ws63.a(flash_config_info.c.obj)
                0x0000000000a240a8                sfc_port_get_flash_num
 .text.sfc_port_get_unknown_flash_info
                0x0000000000a240ac        0x8 drivers/chips/ws63/porting/sfc/flash_config/libsfc_flash_config_ws63.a(flash_config_info.c.obj)
                0x0000000000a240ac                sfc_port_get_unknown_flash_info
 .text.sfc_port_get_sfc_start_addr
                0x0000000000a240b4        0x6 drivers/chips/ws63/porting/sfc/porting/libsfc_port_ws63.a(sfc_porting.c.obj)
                0x0000000000a240b4                sfc_port_get_sfc_start_addr
 .text.sfc_port_get_sfc_end_addr
                0x0000000000a240ba        0x8 drivers/chips/ws63/porting/sfc/porting/libsfc_port_ws63.a(sfc_porting.c.obj)
                0x0000000000a240ba                sfc_port_get_sfc_end_addr
 .text.sfc_port_get_sfc_global_conf_base_addr
                0x0000000000a240c2        0x8 drivers/chips/ws63/porting/sfc/porting/libsfc_port_ws63.a(sfc_porting.c.obj)
                0x0000000000a240c2                sfc_port_get_sfc_global_conf_base_addr
 .text.sfc_port_get_sfc_bus_regs_base_addr
                0x0000000000a240ca        0x8 drivers/chips/ws63/porting/sfc/porting/libsfc_port_ws63.a(sfc_porting.c.obj)
                0x0000000000a240ca                sfc_port_get_sfc_bus_regs_base_addr
 .text.sfc_port_get_sfc_bus_dma_regs_base_addr
                0x0000000000a240d2        0x8 drivers/chips/ws63/porting/sfc/porting/libsfc_port_ws63.a(sfc_porting.c.obj)
                0x0000000000a240d2                sfc_port_get_sfc_bus_dma_regs_base_addr
 .text.sfc_port_get_sfc_cmd_regs_base_addr
                0x0000000000a240da        0x8 drivers/chips/ws63/porting/sfc/porting/libsfc_port_ws63.a(sfc_porting.c.obj)
                0x0000000000a240da                sfc_port_get_sfc_cmd_regs_base_addr
 .text.sfc_port_get_sfc_cmd_databuf_base_addr
                0x0000000000a240e2        0x8 drivers/chips/ws63/porting/sfc/porting/libsfc_port_ws63.a(sfc_porting.c.obj)
                0x0000000000a240e2                sfc_port_get_sfc_cmd_databuf_base_addr
 .text.sfc_port_get_delay_once_time
                0x0000000000a240ea        0xa drivers/chips/ws63/porting/sfc/porting/libsfc_port_ws63.a(sfc_porting.c.obj)
                0x0000000000a240ea                sfc_port_get_delay_once_time
 .text.sfc_port_get_delay_times
                0x0000000000a240f4        0xa drivers/chips/ws63/porting/sfc/porting/libsfc_port_ws63.a(sfc_porting.c.obj)
                0x0000000000a240f4                sfc_port_get_delay_times
 .text.sfc_port_lock_init
                0x0000000000a240fe        0x2 drivers/chips/ws63/porting/sfc/porting/libsfc_port_ws63.a(sfc_porting.c.obj)
                0x0000000000a240fe                sfc_port_lock_init
 .text.sfc_port_lock
                0x0000000000a24100        0x4 drivers/chips/ws63/porting/sfc/porting/libsfc_port_ws63.a(sfc_porting.c.obj)
                0x0000000000a24100                sfc_port_lock
 .text.sfc_port_unlock
                0x0000000000a24104        0x2 drivers/chips/ws63/porting/sfc/porting/libsfc_port_ws63.a(sfc_porting.c.obj)
                0x0000000000a24104                sfc_port_unlock
 .text.hal_sfc_regs_wait_ready.constprop.0
                0x0000000000a24106       0x5c drivers/chips/ws63/porting/sfc/porting/libsfc_port_ws63.a(sfc_protect.c.obj)
 .text.sfc_port_write_sr
                0x0000000000a24162       0x76 drivers/chips/ws63/porting/sfc/porting/libsfc_port_ws63.a(sfc_protect.c.obj)
                0x0000000000a24162                sfc_port_write_sr
 .text.sfc_port_read_sr
                0x0000000000a241d8       0x32 drivers/chips/ws63/porting/sfc/porting/libsfc_port_ws63.a(sfc_protect.c.obj)
                0x0000000000a241d8                sfc_port_read_sr
 .text.sfc_port_write_lock
                0x0000000000a2420a       0x58 drivers/chips/ws63/porting/sfc/porting/libsfc_port_ws63.a(sfc_protect.c.obj)
                0x0000000000a2420a                sfc_port_write_lock
 .text.sfc_port_write_unlock
                0x0000000000a24262       0x1a drivers/chips/ws63/porting/sfc/porting/libsfc_port_ws63.a(sfc_protect.c.obj)
                0x0000000000a24262                sfc_port_write_unlock
 .text.sfc_port_fix_sr
                0x0000000000a2427c       0x24 drivers/chips/ws63/porting/sfc/porting/libsfc_port_ws63.a(sfc_protect.c.obj)
                0x0000000000a2427c                sfc_port_fix_sr
 .text.sfc_port_gd25q32_read_sr
                0x0000000000a242a0       0x82 drivers/chips/ws63/porting/sfc/porting/libsfc_port_ws63.a(sfc_protect_gd25q32.c.obj)
 .text.sfc_port_fix_sr_gd25q32
                0x0000000000a24322       0x7e drivers/chips/ws63/porting/sfc/porting/libsfc_port_ws63.a(sfc_protect_gd25q32.c.obj)
                0x0000000000a24322                sfc_port_fix_sr_gd25q32
 .text.build_flash_ctrl
                0x0000000000a243a0       0x52 drivers/chips/ws63/porting/sfc/driver/libsfc_boot.a(sfc.c.obj)
 .text.check_opt_param
                0x0000000000a243f2       0x36 drivers/chips/ws63/porting/sfc/driver/libsfc_boot.a(sfc.c.obj)
 .text.check_init_param
                0x0000000000a24428       0x46 drivers/chips/ws63/porting/sfc/driver/libsfc_boot.a(sfc.c.obj)
 .text.uapi_sfc_init
                0x0000000000a2446e       0xaa drivers/chips/ws63/porting/sfc/driver/libsfc_boot.a(sfc.c.obj)
                0x0000000000a2446e                uapi_sfc_init
 .text.uapi_sfc_reg_read
                0x0000000000a24518       0xd4 drivers/chips/ws63/porting/sfc/driver/libsfc_boot.a(sfc.c.obj)
                0x0000000000a24518                uapi_sfc_reg_read
 .text.uapi_sfc_reg_write
                0x0000000000a245ec       0xfe drivers/chips/ws63/porting/sfc/driver/libsfc_boot.a(sfc.c.obj)
                0x0000000000a245ec                uapi_sfc_reg_write
 .text.uapi_sfc_reg_erase
                0x0000000000a246ea       0xbe drivers/chips/ws63/porting/sfc/driver/libsfc_boot.a(sfc.c.obj)
                0x0000000000a246ea                uapi_sfc_reg_erase
 .text.uapi_sfc_reg_erase_chip
                0x0000000000a247a8       0x3e drivers/chips/ws63/porting/sfc/driver/libsfc_boot.a(sfc.c.obj)
                0x0000000000a247a8                uapi_sfc_reg_erase_chip
 .text.efuse_read_item.part.1
                0x0000000000a247e6       0x98 drivers/chips/ws63/porting/efuse/libefuse_port.a(efuse_porting.c.obj)
 .text.efuse_port_register_hal_funcs
                0x0000000000a2487e        0xc drivers/chips/ws63/porting/efuse/libefuse_port.a(efuse_porting.c.obj)
                0x0000000000a2487e                efuse_port_register_hal_funcs
 .text.hal_efuse_get_region
                0x0000000000a2488a        0x6 drivers/chips/ws63/porting/efuse/libefuse_port.a(efuse_porting.c.obj)
                0x0000000000a2488a                hal_efuse_get_region
 .text.hal_efuse_get_byte_offset
                0x0000000000a24890        0x4 drivers/chips/ws63/porting/efuse/libefuse_port.a(efuse_porting.c.obj)
                0x0000000000a24890                hal_efuse_get_byte_offset
 .text.efuse_read_item
                0x0000000000a24894        0xe drivers/chips/ws63/porting/efuse/libefuse_port.a(efuse_porting.c.obj)
                0x0000000000a24894                efuse_read_item
 .text.set_efuse_period
                0x0000000000a248a2       0x16 drivers/chips/ws63/porting/efuse/libefuse_port.a(efuse_porting.c.obj)
                0x0000000000a248a2                set_efuse_period
 .text.malloc_port
                0x0000000000a248b8        0x4 drivers/chips/ws63/porting/mem/libnonos_malloc_port.a(malloc_porting.c.obj)
 .text.malloc_port_init
                0x0000000000a248bc       0x3a drivers/chips/ws63/porting/mem/libnonos_malloc_port.a(malloc_porting.c.obj)
                0x0000000000a248bc                malloc_port_init
 .text.reboot_port_reboot_chip
                0x0000000000a248f6       0x22 drivers/chips/ws63/porting/reboot/libreboot_port.a(reboot_porting.c.obj)
                0x0000000000a248f6                reboot_port_reboot_chip
 .text.get_tcxo_freq
                0x0000000000a24918        0xa drivers/chips/ws63/porting/soc/libsoc_port.a(soc_porting.c.obj)
                0x0000000000a24918                get_tcxo_freq
 .text.boot_clock_adapt
                0x0000000000a24922       0x44 drivers/chips/ws63/porting/soc/libsoc_port.a(soc_porting.c.obj)
                0x0000000000a24922                boot_clock_adapt
 .text.switch_flash_clock_to_pll
                0x0000000000a24966       0x2c drivers/chips/ws63/porting/soc/libsoc_port.a(soc_porting.c.obj)
                0x0000000000a24966                switch_flash_clock_to_pll
 .text.config_sfc_ctrl_ds
                0x0000000000a24992       0x66 drivers/chips/ws63/porting/soc/libsoc_port.a(soc_porting.c.obj)
                0x0000000000a24992                config_sfc_ctrl_ds
 .text.udelay   0x0000000000a249f8        0x4 drivers/chips/ws63/boot/boot_porting/libchip_boot_port.a(delay.c.obj)
                0x0000000000a249f8                udelay
 .text.mdelay   0x0000000000a249fc        0x4 drivers/chips/ws63/boot/boot_porting/libchip_boot_port.a(delay.c.obj)
                0x0000000000a249fc                mdelay
 .text.serial_putc
                0x0000000000a24a00       0x20 drivers/chips/ws63/boot/boot_porting/libchip_boot_port.a(serial.c.obj)
                0x0000000000a24a00                serial_putc
 .text.serial_puts
                0x0000000000a24a20       0x24 drivers/chips/ws63/boot/boot_porting/libchip_boot_port.a(serial.c.obj)
                0x0000000000a24a20                serial_puts
 .text.serial_put_buf
                0x0000000000a24a44       0x1a drivers/chips/ws63/boot/boot_porting/libchip_boot_port.a(serial.c.obj)
                0x0000000000a24a44                serial_put_buf
 .text.serial_getc
                0x0000000000a24a5e       0x1a drivers/chips/ws63/boot/boot_porting/libchip_boot_port.a(serial.c.obj)
                0x0000000000a24a5e                serial_getc
 .text.serial_gets
                0x0000000000a24a78       0x2c drivers/chips/ws63/boot/boot_porting/libchip_boot_port.a(serial.c.obj)
                0x0000000000a24a78                serial_gets
 .text.serial_puthex
                0x0000000000a24aa4       0x64 drivers/chips/ws63/boot/boot_porting/libchip_boot_port.a(serial.c.obj)
                0x0000000000a24aa4                serial_puthex
 .text.serial_getc_timeout
                0x0000000000a24b08       0x28 drivers/chips/ws63/boot/boot_porting/libchip_boot_port.a(serial.c.obj)
                0x0000000000a24b08                serial_getc_timeout
 .text.boot_put_errno
                0x0000000000a24b30       0x2a drivers/chips/ws63/boot/boot_porting/libchip_boot_port.a(serial.c.obj)
                0x0000000000a24b30                boot_put_errno
 .text.boot_msg0
                0x0000000000a24b5a       0x12 drivers/chips/ws63/boot/boot_porting/libchip_boot_port.a(serial.c.obj)
                0x0000000000a24b5a                boot_msg0
 .text.boot_msg1
                0x0000000000a24b6c       0x1c drivers/chips/ws63/boot/boot_porting/libchip_boot_port.a(serial.c.obj)
                0x0000000000a24b6c                boot_msg1
 .text.boot_msg2
                0x0000000000a24b88       0x32 drivers/chips/ws63/boot/boot_porting/libchip_boot_port.a(serial.c.obj)
                0x0000000000a24b88                boot_msg2
 .text.hiburn_uart_init
                0x0000000000a24bba       0x7c drivers/chips/ws63/boot/boot_porting/libchip_boot_port.a(serial.c.obj)
                0x0000000000a24bba                hiburn_uart_init
 .text.hiburn_uart_deinit
                0x0000000000a24c36       0x1a drivers/chips/ws63/boot/boot_porting/libchip_boot_port.a(serial.c.obj)
                0x0000000000a24c36                hiburn_uart_deinit
 .text.boot_wdt_kick
                0x0000000000a24c50        0x4 drivers/chips/ws63/boot/boot_porting/libchip_boot_port.a(boot_watchdog.c.obj)
                0x0000000000a24c50                boot_wdt_kick
 .text.set_reset_count
                0x0000000000a24c54       0x14 drivers/chips/ws63/boot/boot_porting/libchip_boot_port.a(reset_porting.c.obj)
                0x0000000000a24c54                set_reset_count
 .text.update_reset_count
                0x0000000000a24c68       0x3a drivers/chips/ws63/boot/boot_porting/libchip_boot_port.a(reset_porting.c.obj)
                0x0000000000a24c68                update_reset_count
 .text.check_chip_type
                0x0000000000a24ca2       0x9a drivers/chips/ws63/boot/boot_porting/libchip_boot_port.a(validate_chip.c.obj)
                0x0000000000a24ca2                check_chip_type
 .text.boot_malloc_init
                0x0000000000a24d3c        0x4 drivers/chips/ws63/boot/boot_porting/libboot_port_malloc.a(boot_malloc.c.obj)
                0x0000000000a24d3c                boot_malloc_init
 .text.boot_malloc
                0x0000000000a24d40        0x4 drivers/chips/ws63/boot/boot_porting/libboot_port_malloc.a(boot_malloc.c.obj)
                0x0000000000a24d40                boot_malloc
 .text.interrupt0_handler
                0x0000000000a24d44       0x40 drivers/chips/ws63/libchip_ws63.a(interrupt_handler.c.obj)
                0x0000000000a24d44                interrupt0_handler
 .text.interrupt1_handler
                0x0000000000a24d84       0x40 drivers/chips/ws63/libchip_ws63.a(interrupt_handler.c.obj)
                0x0000000000a24d84                interrupt1_handler
 .text.interrupt2_handler
                0x0000000000a24dc4       0x40 drivers/chips/ws63/libchip_ws63.a(interrupt_handler.c.obj)
                0x0000000000a24dc4                interrupt2_handler
 .text.interrupt3_handler
                0x0000000000a24e04       0x40 drivers/chips/ws63/libchip_ws63.a(interrupt_handler.c.obj)
                0x0000000000a24e04                interrupt3_handler
 .text.interrupt4_handler
                0x0000000000a24e44       0x40 drivers/chips/ws63/libchip_ws63.a(interrupt_handler.c.obj)
                0x0000000000a24e44                interrupt4_handler
 .text.interrupt5_handler
                0x0000000000a24e84       0x40 drivers/chips/ws63/libchip_ws63.a(interrupt_handler.c.obj)
                0x0000000000a24e84                interrupt5_handler
 .text.local_interrupt_handler
                0x0000000000a24ec4       0x50 drivers/chips/ws63/libchip_ws63.a(interrupt_handler.c.obj)
                0x0000000000a24ec4                local_interrupt_handler
 .text.interrupt_number_get
                0x0000000000a24f14        0xc drivers/chips/ws63/libchip_ws63.a(interrupt_handler.c.obj)
                0x0000000000a24f14                interrupt_number_get
 .text.isr_not_implemented
                0x0000000000a24f20        0x2 drivers/chips/ws63/libchip_ws63.a(vectors.c.obj)
                0x0000000000a24f20                usb_handler
                0x0000000000a24f20                pmu_cmu_interrupt_handler
                0x0000000000a24f20                pmu_sleep_handler
                0x0000000000a24f20                b_wdt_handler
                0x0000000000a24f20                i2c_2_handler
                0x0000000000a24f20                pmu_32k_cali_handler
                0x0000000000a24f20                hal_timer_isr
                0x0000000000a24f20                pwm_4_handler
                0x0000000000a24f20                irq_uarth0_handler
                0x0000000000a24f20                qspi0_2cs_handler
                0x0000000000a24f20                pwm_2_handler
                0x0000000000a24f20                pwm_0_handler
                0x0000000000a24f20                pmu_wakeup_handler
                0x0000000000a24f20                spi_m_s_1_handler
                0x0000000000a24f20                sec_int_handler
                0x0000000000a24f20                spi_m_handler
                0x0000000000a24f20                mcu_pclr_lock_handler
                0x0000000000a24f20                qdec_handler
                0x0000000000a24f20                eh2h_brg_int_handler
                0x0000000000a24f20                hal_rtc_timer_isr
                0x0000000000a24f20                mem_sub_monitor_handler
                0x0000000000a24f20                spi_m_s_0_handler
                0x0000000000a24f20                irq_uartl2_handler
                0x0000000000a24f20                spi3_m_s_handler
                0x0000000000a24f20                bt_int1_handler
                0x0000000000a24f20                b_sub_monitor_handler
                0x0000000000a24f20                pwm_3_handler
                0x0000000000a24f20                irq_uartl0_handler
                0x0000000000a24f20                i2c_0_handler
                0x0000000000a24f20                pwm_1_handler
                0x0000000000a24f20                pwm_5_handler
                0x0000000000a24f20                eflash_handler
                0x0000000000a24f20                irq_dma_handler
                0x0000000000a24f20                i2c_1_handler
                0x0000000000a24f20                reserve_handler
                0x0000000000a24f20                spi4_s_handler
                0x0000000000a24f20                bt_int0_handler
                0x0000000000a24f20                irq_shareram_monitor_handler
                0x0000000000a24f20                key_scan_handler
                0x0000000000a24f20                irq_tsensor_handler
                0x0000000000a24f20                irq_sdma_handler
                0x0000000000a24f20                qspi1_2cs_handler
                0x0000000000a24f20                irq_gpio_handler
 .text.isr_get_ramexceptiontable_addr
                0x0000000000a24f22        0x8 drivers/chips/ws63/libchip_ws63.a(vectors.c.obj)
                0x0000000000a24f22                isr_get_ramexceptiontable_addr
 .text.do_hard_fault_handler
                0x0000000000a24f2a       0x58 middleware/chips/ws63/exception/libdfx_exception.a(exception_riscv.c.obj)
                0x0000000000a24f2a                do_hard_fault_handler
 .text.exc_info_display.part.3
                0x0000000000a24f82      0x226 middleware/chips/ws63/exception/libdfx_exception.a(exception_riscv.c.obj)
 .text.do_process_exception
                0x0000000000a251a8       0x16 middleware/chips/ws63/exception/libdfx_exception.a(exception_riscv.c.obj)
 .text.do_trap_unknown
                0x0000000000a251be       0x16 middleware/chips/ws63/exception/libdfx_exception.a(exception_riscv.c.obj)
                0x0000000000a251be                do_trap_unknown
 .text.do_trap_insn_misaligned
                0x0000000000a251d4       0x16 middleware/chips/ws63/exception/libdfx_exception.a(exception_riscv.c.obj)
                0x0000000000a251d4                do_trap_insn_misaligned
 .text.do_trap_insn_fault
                0x0000000000a251ea       0x16 middleware/chips/ws63/exception/libdfx_exception.a(exception_riscv.c.obj)
                0x0000000000a251ea                do_trap_insn_fault
 .text.do_trap_insn_illegal
                0x0000000000a25200       0x16 middleware/chips/ws63/exception/libdfx_exception.a(exception_riscv.c.obj)
                0x0000000000a25200                do_trap_insn_illegal
 .text.do_trap_load_misaligned
                0x0000000000a25216       0x16 middleware/chips/ws63/exception/libdfx_exception.a(exception_riscv.c.obj)
                0x0000000000a25216                do_trap_load_misaligned
 .text.do_trap_load_fault
                0x0000000000a2522c       0x16 middleware/chips/ws63/exception/libdfx_exception.a(exception_riscv.c.obj)
                0x0000000000a2522c                do_trap_load_fault
 .text.do_trap_store_misaligned
                0x0000000000a25242       0x16 middleware/chips/ws63/exception/libdfx_exception.a(exception_riscv.c.obj)
                0x0000000000a25242                do_trap_store_misaligned
 .text.do_trap_store_fault
                0x0000000000a25258       0x16 middleware/chips/ws63/exception/libdfx_exception.a(exception_riscv.c.obj)
                0x0000000000a25258                do_trap_store_fault
 .text.do_trap_ecall_u
                0x0000000000a2526e       0x16 middleware/chips/ws63/exception/libdfx_exception.a(exception_riscv.c.obj)
                0x0000000000a2526e                do_trap_ecall_u
 .text.do_trap_ecall_s
                0x0000000000a25284       0x16 middleware/chips/ws63/exception/libdfx_exception.a(exception_riscv.c.obj)
                0x0000000000a25284                do_trap_ecall_s
 .text.do_trap_ecall_m
                0x0000000000a2529a       0x16 middleware/chips/ws63/exception/libdfx_exception.a(exception_riscv.c.obj)
                0x0000000000a2529a                do_trap_ecall_m
 .text.do_trap_break
                0x0000000000a252b0       0x16 middleware/chips/ws63/exception/libdfx_exception.a(exception_riscv.c.obj)
                0x0000000000a252b0                do_trap_break
 .text.do_insn_page_fault
                0x0000000000a252c6       0x16 middleware/chips/ws63/exception/libdfx_exception.a(exception_riscv.c.obj)
                0x0000000000a252c6                do_insn_page_fault
 .text.do_load_page_fault
                0x0000000000a252dc       0x16 middleware/chips/ws63/exception/libdfx_exception.a(exception_riscv.c.obj)
                0x0000000000a252dc                do_load_page_fault
 .text.do_store_page_fault
                0x0000000000a252f2       0x16 middleware/chips/ws63/exception/libdfx_exception.a(exception_riscv.c.obj)
                0x0000000000a252f2                do_store_page_fault
 .text.do_hard_fault
                0x0000000000a25308       0x16 middleware/chips/ws63/exception/libdfx_exception.a(exception_riscv.c.obj)
                0x0000000000a25308                do_hard_fault
 .text.do_lockup
                0x0000000000a2531e       0x16 middleware/chips/ws63/exception/libdfx_exception.a(exception_riscv.c.obj)
                0x0000000000a2531e                do_lockup
 .text.default_handler
                0x0000000000a25334       0x14 middleware/chips/ws63/exception/libdfx_exception.a(exception_riscv.c.obj)
                0x0000000000a25334                default_handler
 .text.nmi_handler
                0x0000000000a25348       0x14 middleware/chips/ws63/exception/libdfx_exception.a(exception_riscv.c.obj)
                0x0000000000a25348                nmi_handler
 .text.cpu_utils_set_system_status_by_cause
                0x0000000000a2535c        0x8 utils/dfx/dfx_reboot/cpu_utils/libcpu_utils.a(cpu_utils.c.obj)
                0x0000000000a2535c                cpu_utils_set_system_status_by_cause
 .text.cpu_utils_reset_chip_with_log
                0x0000000000a25364       0x16 utils/dfx/dfx_reboot/cpu_utils/libcpu_utils.a(cpu_utils.c.obj)
                0x0000000000a25364                cpu_utils_reset_chip_with_log
 .text.panic_deal
                0x0000000000a2537a       0x84 utils/dfx/libdfx_panic.a(panic.c.obj)
                0x0000000000a2537a                panic_deal
 .text.panic    0x0000000000a253fe       0x26 utils/dfx/libdfx_panic.a(panic_rom.c.obj)
                0x0000000000a253fe                panic
 .text.duplicate_preserve_mem
                0x0000000000a25424       0x16 utils/dfx/libdfx_preserve.a(preserve.c.obj)
 .text.set_cpu_utils_system_boot_magic
                0x0000000000a2543a       0x50 utils/dfx/libdfx_preserve.a(preserve.c.obj)
                0x0000000000a2543a                set_cpu_utils_system_boot_magic
 .text.set_cpu_utils_reset_cause
                0x0000000000a2548a       0x12 utils/dfx/libdfx_preserve.a(preserve.c.obj)
                0x0000000000a2548a                set_cpu_utils_reset_cause
 .text.set_update_reset_cause_on_boot
                0x0000000000a2549c        0xc utils/dfx/libdfx_preserve.a(preserve.c.obj)
                0x0000000000a2549c                set_update_reset_cause_on_boot
 .text.set_last_panic
                0x0000000000a254a8       0x1a utils/dfx/libdfx_preserve.a(preserve.c.obj)
                0x0000000000a254a8                set_last_panic
 .text.set_exception_info_riscv
                0x0000000000a254c2       0x1a utils/dfx/libdfx_preserve.a(preserve.c.obj)
                0x0000000000a254c2                set_exception_info_riscv
 .text.set_exception_info
                0x0000000000a254dc       0x1e utils/dfx/libdfx_preserve.a(preserve.c.obj)
                0x0000000000a254dc                set_exception_info
 .text.set_exception_stack_frame
                0x0000000000a254fa       0x14 utils/dfx/libdfx_preserve.a(preserve.c.obj)
                0x0000000000a254fa                set_exception_stack_frame
 .text.SecMemcpyError
                0x0000000000a2550e       0x5e open_source/libboundscheck/liblibboundscheck.a(memcpy_s.c.obj)
 .text.memcpy_s
                0x0000000000a2556c       0x38 open_source/libboundscheck/liblibboundscheck.a(memcpy_s.c.obj)
                0x0000000000a2556c                memcpy_s
 .text.memset_s
                0x0000000000a255a4       0x42 open_source/libboundscheck/liblibboundscheck.a(memset_s.c.obj)
                0x0000000000a255a4                memset_s
 .text.SecWriteMultiChar
                0x0000000000a255e6       0x2c open_source/libboundscheck/liblibboundscheck.a(secureprintoutput_a.c.obj)
 .text.SecOutput
                0x0000000000a25612      0x892 open_source/libboundscheck/liblibboundscheck.a(secureprintoutput_a.c.obj)
 .text.SecVsnprintfImpl
                0x0000000000a25ea4       0x42 open_source/libboundscheck/liblibboundscheck.a(secureprintoutput_a.c.obj)
                0x0000000000a25ea4                SecVsnprintfImpl
 .text.vsnprintf_s
                0x0000000000a25ee6       0x50 open_source/libboundscheck/liblibboundscheck.a(vsnprintf_s.c.obj)
                0x0000000000a25ee6                vsnprintf_s
 *(.rodata)
 *fill*         0x0000000000a25f36        0x2 
 .rodata        0x0000000000a25f38        0xc hal/sfc/libhal_sfc.a(hal_sfc_v150.c.obj)
 *fill*         0x0000000000a25f44        0xc 
 .rodata        0x0000000000a25f50      0x886 drivers/chips/ws63/libchip_ws63.a(vectors.s.obj)
                0x0000000000a25fa0                trap_entry
                0x0000000000a2609c                trap_vector
                0x0000000000a2623c                nmi_vector
                0x0000000000a267b8                global_interrupt_lock
                0x0000000000a267c4                global_interrupt_unlock
                0x0000000000a267d0                global_interrupt_restore
 *fill*         0x0000000000a267d6        0x2 
 .rodata        0x0000000000a267d8      0x100 /home/sueiny/fbb_ws63/src/tools/bin/compiler/riscv/cc_riscv32_musl_105/cc_riscv32_musl/bin/../lib/gcc/riscv32-linux-musl/7.3.0/libgcc.a(_clz.o)
                0x0000000000a267d8                __clz_tab
 *(.rodata*)
 .rodata.upload_data
                0x0000000000a268d8       0x18 bootloader/commonboot/libcommon_boot.a(boot_transfer.c.obj)
 .rodata.download_image.str1.4
                0x0000000000a268f0       0x13 bootloader/commonboot/libcommon_boot.a(boot_transfer.c.obj)
 *fill*         0x0000000000a26903        0x1 
 .rodata.upload_data.str1.4
                0x0000000000a26904        0xb bootloader/commonboot/libcommon_boot.a(boot_transfer.c.obj)
 *fill*         0x0000000000a2690f        0x1 
 .rodata.cmd_loop.str1.4
                0x0000000000a26910       0x42 bootloader/commonboot/libcommon_boot.a(boot_cmd_loop.c.obj)
 *fill*         0x0000000000a26952        0x2 
 .rodata.g_loader_cmdtable
                0x0000000000a26954       0x38 bootloader/commonboot/libcommon_boot.a(boot_cmd_loop.c.obj)
                0x0000000000a26954                g_loader_cmdtable
 .rodata.loader_download_image.str1.4
                0x0000000000a2698c       0x4d bootloader/commonboot/libcommon_boot.a(boot_cmd_loop.c.obj)
                                         0x53 (size before relaxing)
 *fill*         0x0000000000a269d9        0x3 
 .rodata.loader_reset.str1.4
                0x0000000000a269dc       0x12 bootloader/commonboot/libcommon_boot.a(boot_cmd_loop.c.obj)
 *fill*         0x0000000000a269ee        0x2 
 .rodata.loader_upload_data.str1.4
                0x0000000000a269f0       0x4b bootloader/commonboot/libcommon_boot.a(boot_cmd_loop.c.obj)
 *fill*         0x0000000000a26a3b        0x1 
 .rodata.g_crc16_tab
                0x0000000000a26a3c      0x200 bootloader/commonboot/libcommon_boot.a(boot_crc16.c.obj)
                0x0000000000a26a3c                g_crc16_tab
 .rodata.loader_serial_ymodem.str1.4
                0x0000000000a26c3c       0x4c bootloader/commonboot/libcommon_boot.a(boot_load.c.obj)
 .rodata.loader_burn_efuse.str1.4
                0x0000000000a26c88      0x11c bootloader/commonboot/libcommon_boot.a(boot_efuse_opt.c.obj)
                                        0x11e (size before relaxing)
 .rodata.loader_read_efuse.str1.4
                0x0000000000a26da4       0x1b bootloader/commonboot/libcommon_boot.a(boot_efuse_opt.c.obj)
                                         0x1f (size before relaxing)
 *fill*         0x0000000000a26dbf        0x1 
 .rodata.sfc_cfg
                0x0000000000a26dc0        0xc bootloader/provision_ws63/libloaderboot_common.a(main.c.obj)
                0x0000000000a26dc0                sfc_cfg
 .rodata.start_loaderboot.str1.4
                0x0000000000a26dcc       0x8e bootloader/provision_ws63/libloaderboot_common.a(main.c.obj)
 *fill*         0x0000000000a26e5a        0x2 
 .rodata.g_sha256_ival
                0x0000000000a26e5c       0x20 driver/security_unified/libdrv_security_unified.a(hash_romable.c.obj)
 .rodata.g_sm3_ival
                0x0000000000a26e7c       0x20 driver/security_unified/libdrv_security_unified.a(hash_romable.c.obj)
 .rodata.g_crypto_ecc_num
                0x0000000000a26e9c        0x4 driver/security_unified/libdrv_security_unified.a(crypto_curve_param.c.obj)
                0x0000000000a26e9c                g_crypto_ecc_num
 .rodata.g_crypto_ecc_params
                0x0000000000a26ea0        0x0 driver/security_unified/libdrv_security_unified.a(crypto_curve_param.c.obj)
                0x0000000000a26ea0                g_crypto_ecc_params
 .rodata.uart_evt_callback
                0x0000000000a26ea0       0x14 driver/uart/libuart.a(uart.c.obj)
 .rodata.hal_cipher_hash_config
                0x0000000000a26eb4       0x40 hal/security_unified/libhal_security_unified.a(hal_hash.c.obj)
 .rodata.hal_uart_enable_interrupt
                0x0000000000a26ef4       0x38 hal/uart/libhal_uart.a(hal_uart_v151.c.obj)
 .rodata.CSWTCH.8
                0x0000000000a26f2c        0x3 hal/uart/libhal_uart.a(hal_uart_v151.c.obj)
 *fill*         0x0000000000a26f2f        0x1 
 .rodata.g_hal_uart_ctrl_func_array
                0x0000000000a26f30       0x54 hal/uart/libhal_uart.a(hal_uart_v151.c.obj)
 .rodata.g_uart_base_addrs
                0x0000000000a26f84        0xc drivers/chips/ws63/porting/uart/libuart_port.a(uart_porting.c.obj)
                0x0000000000a26f84                g_uart_base_addrs
 .rodata.g_default_erase_cmds
                0x0000000000a26f90        0xc drivers/chips/ws63/porting/sfc/flash_config/libsfc_flash_config_ws63.a(flash_config_info.c.obj)
 .rodata.g_default_quad_enable
                0x0000000000a26f9c        0x6 drivers/chips/ws63/porting/sfc/flash_config/libsfc_flash_config_ws63.a(flash_config_info.c.obj)
 *fill*         0x0000000000a26fa2        0x2 
 .rodata.g_default_read_cmds
                0x0000000000a26fa4        0x4 drivers/chips/ws63/porting/sfc/flash_config/libsfc_flash_config_ws63.a(flash_config_info.c.obj)
 .rodata.g_default_write_cmds
                0x0000000000a26fa8        0x8 drivers/chips/ws63/porting/sfc/flash_config/libsfc_flash_config_ws63.a(flash_config_info.c.obj)
 .rodata.g_flash_common_erase_cmds
                0x0000000000a26fb0       0x10 drivers/chips/ws63/porting/sfc/flash_config/libsfc_flash_config_ws63.a(flash_config_info.c.obj)
 .rodata.g_flash_common_read_cmds
                0x0000000000a26fc0       0x18 drivers/chips/ws63/porting/sfc/flash_config/libsfc_flash_config_ws63.a(flash_config_info.c.obj)
 .rodata.g_flash_common_write_cmds
                0x0000000000a26fd8       0x18 drivers/chips/ws63/porting/sfc/flash_config/libsfc_flash_config_ws63.a(flash_config_info.c.obj)
 .rodata.g_flash_gd_bus_enable
                0x0000000000a26ff0       0x12 drivers/chips/ws63/porting/sfc/flash_config/libsfc_flash_config_ws63.a(flash_config_info.c.obj)
 *fill*         0x0000000000a27002        0x2 
 .rodata.g_flash_spi_info_list
                0x0000000000a27004       0x1c drivers/chips/ws63/porting/sfc/flash_config/libsfc_flash_config_ws63.a(flash_config_info.c.obj)
 .rodata.g_flash_spi_unknown_info
                0x0000000000a27020       0x1c drivers/chips/ws63/porting/sfc/flash_config/libsfc_flash_config_ws63.a(flash_config_info.c.obj)
 .rodata.g_sfc_protect_cfg
                0x0000000000a2703c       0x24 drivers/chips/ws63/porting/sfc/porting/libsfc_port_ws63.a(sfc_protect.c.obj)
 .rodata.sfc_port_fix_sr_gd25q32.str1.4
                0x0000000000a27060       0x25 drivers/chips/ws63/porting/sfc/porting/libsfc_port_ws63.a(sfc_protect_gd25q32.c.obj)
 *fill*         0x0000000000a27085        0x3 
 .rodata.sfc_port_gd25q32_read_sr.str1.4
                0x0000000000a27088       0x28 drivers/chips/ws63/porting/sfc/porting/libsfc_port_ws63.a(sfc_protect_gd25q32.c.obj)
 .rodata.g_efuse_cfg
                0x0000000000a270b0       0x72 drivers/chips/ws63/porting/efuse/libefuse_port.a(efuse_porting.c.obj)
 .rodata.boot_msg0.str1.4
                0x0000000000a27122        0x3 drivers/chips/ws63/boot/boot_porting/libchip_boot_port.a(serial.c.obj)
 *fill*         0x0000000000a27122        0x2 
 .rodata.boot_put_errno.str1.4
                0x0000000000a27124        0x8 drivers/chips/ws63/boot/boot_porting/libchip_boot_port.a(serial.c.obj)
                                          0xa (size before relaxing)
 .rodata.boot_puthex.str1.4
                0x0000000000a2712c        0x8 drivers/chips/ws63/boot/boot_porting/libchip_boot_port.a(serial.c.obj)
                                          0x2 (size before relaxing)
 .rodata.serial_puthex.str1.4
                0x0000000000a2712c        0x3 drivers/chips/ws63/boot/boot_porting/libchip_boot_port.a(serial.c.obj)
 *fill*         0x0000000000a2712f        0x1 
 .rodata.update_reset_count.str1.4
                0x0000000000a27130       0x14 drivers/chips/ws63/boot/boot_porting/libchip_boot_port.a(reset_porting.c.obj)
 .rodata.check_chip_type.str1.4
                0x0000000000a27144       0x61 drivers/chips/ws63/boot/boot_porting/libchip_boot_port.a(validate_chip.c.obj)
 *fill*         0x0000000000a271a5        0x3 
 .rodata.default_handler.str1.4
                0x0000000000a271a8       0x29 middleware/chips/ws63/exception/libdfx_exception.a(exception_riscv.c.obj)
 *fill*         0x0000000000a271d1        0x3 
 .rodata.do_hard_fault.str1.4
                0x0000000000a271d4       0x18 middleware/chips/ws63/exception/libdfx_exception.a(exception_riscv.c.obj)
 .rodata.do_hard_fault_handler.str1.4
                0x0000000000a271ec       0x22 middleware/chips/ws63/exception/libdfx_exception.a(exception_riscv.c.obj)
 *fill*         0x0000000000a2720e        0x2 
 .rodata.do_insn_page_fault.str1.4
                0x0000000000a27210       0x1d middleware/chips/ws63/exception/libdfx_exception.a(exception_riscv.c.obj)
 *fill*         0x0000000000a2722d        0x3 
 .rodata.do_load_page_fault.str1.4
                0x0000000000a27230       0x1d middleware/chips/ws63/exception/libdfx_exception.a(exception_riscv.c.obj)
 *fill*         0x0000000000a2724d        0x3 
 .rodata.do_lockup.str1.4
                0x0000000000a27250       0x15 middleware/chips/ws63/exception/libdfx_exception.a(exception_riscv.c.obj)
 *fill*         0x0000000000a27265        0x3 
 .rodata.do_store_page_fault.str1.4
                0x0000000000a27268       0x1e middleware/chips/ws63/exception/libdfx_exception.a(exception_riscv.c.obj)
 *fill*         0x0000000000a27286        0x2 
 .rodata.do_trap_break.str1.4
                0x0000000000a27288       0x14 middleware/chips/ws63/exception/libdfx_exception.a(exception_riscv.c.obj)
 .rodata.do_trap_ecall_m.str1.4
                0x0000000000a2729c       0x2a middleware/chips/ws63/exception/libdfx_exception.a(exception_riscv.c.obj)
 *fill*         0x0000000000a272c6        0x2 
 .rodata.do_trap_ecall_s.str1.4
                0x0000000000a272c8       0x2a middleware/chips/ws63/exception/libdfx_exception.a(exception_riscv.c.obj)
 *fill*         0x0000000000a272f2        0x2 
 .rodata.do_trap_ecall_u.str1.4
                0x0000000000a272f4       0x2a middleware/chips/ws63/exception/libdfx_exception.a(exception_riscv.c.obj)
 *fill*         0x0000000000a2731e        0x2 
 .rodata.do_trap_insn_fault.str1.4
                0x0000000000a27320       0x26 middleware/chips/ws63/exception/libdfx_exception.a(exception_riscv.c.obj)
 *fill*         0x0000000000a27346        0x2 
 .rodata.do_trap_insn_illegal.str1.4
                0x0000000000a27348       0x21 middleware/chips/ws63/exception/libdfx_exception.a(exception_riscv.c.obj)
 *fill*         0x0000000000a27369        0x3 
 .rodata.do_trap_insn_misaligned.str1.4
                0x0000000000a2736c       0x2c middleware/chips/ws63/exception/libdfx_exception.a(exception_riscv.c.obj)
 .rodata.do_trap_load_fault.str1.4
                0x0000000000a27398       0x1f middleware/chips/ws63/exception/libdfx_exception.a(exception_riscv.c.obj)
 *fill*         0x0000000000a273b7        0x1 
 .rodata.do_trap_load_misaligned.str1.4
                0x0000000000a273b8       0x25 middleware/chips/ws63/exception/libdfx_exception.a(exception_riscv.c.obj)
 *fill*         0x0000000000a273dd        0x3 
 .rodata.do_trap_store_fault.str1.4
                0x0000000000a273e0       0x29 middleware/chips/ws63/exception/libdfx_exception.a(exception_riscv.c.obj)
 *fill*         0x0000000000a27409        0x3 
 .rodata.do_trap_store_misaligned.str1.4
                0x0000000000a2740c       0x2f middleware/chips/ws63/exception/libdfx_exception.a(exception_riscv.c.obj)
 *fill*         0x0000000000a2743b        0x1 
 .rodata.do_trap_unknown.str1.4
                0x0000000000a2743c       0x1f middleware/chips/ws63/exception/libdfx_exception.a(exception_riscv.c.obj)
 *fill*         0x0000000000a2745b        0x1 
 .rodata.exc_info_display.part.3.str1.4
                0x0000000000a2745c      0x3ec middleware/chips/ws63/exception/libdfx_exception.a(exception_riscv.c.obj)
 .rodata.nmi_handler.str1.4
                0x0000000000a27848       0x25 middleware/chips/ws63/exception/libdfx_exception.a(exception_riscv.c.obj)
 *fill*         0x0000000000a2786d        0x3 
 .rodata.panic_deal.str1.4
                0x0000000000a27870       0x25 utils/dfx/libdfx_panic.a(panic.c.obj)
 *fill*         0x0000000000a27895        0x3 
 .rodata.SecOutput
                0x0000000000a27898       0x20 open_source/libboundscheck/liblibboundscheck.a(secureprintoutput_a.c.obj)
 .rodata.g_itoaLowerDigits
                0x0000000000a278b8       0x14 open_source/libboundscheck/liblibboundscheck.a(secureprintoutput_a.c.obj)
 .rodata.g_itoaUpperDigits
                0x0000000000a278cc       0x14 open_source/libboundscheck/liblibboundscheck.a(secureprintoutput_a.c.obj)
 .rodata.stateTable.1749
                0x0000000000a278e0      0x151 open_source/libboundscheck/liblibboundscheck.a(secureprintoutput_a.c.obj)
 *(.srodata)
 *(.srodata*)
 *(.flashtext)
 *(.flashtext*)
                0x0000000000a27a34                . = ALIGN (0x4)
 *fill*         0x0000000000a27a31        0x3 

.rela.dyn       0x0000000000a27a34        0x0
 .rela.text.entry
                0x0000000000a27a34        0x0 bootloader/commonboot/libc/libcommon_boot_libc.a(memset.c.obj)
 .rela.text.malloc_port_init
                0x0000000000a27a34        0x0 bootloader/commonboot/libc/libcommon_boot_libc.a(memset.c.obj)
 .rela.text.local_interrupt_handler
                0x0000000000a27a34        0x0 bootloader/commonboot/libc/libcommon_boot_libc.a(memset.c.obj)
 .rela.rodata   0x0000000000a27a34        0x0 bootloader/commonboot/libc/libcommon_boot_libc.a(memset.c.obj)
 .rela.isr_vector
                0x0000000000a27a34        0x0 bootloader/commonboot/libc/libcommon_boot_libc.a(memset.c.obj)
 .rela.got      0x0000000000a27a34        0x0 bootloader/commonboot/libc/libcommon_boot_libc.a(memset.c.obj)

.data           0x0000000000a02400       0xdc load address 0x0000000000a27a34
 FILL mask 0xff
                0x0000000000a02400                . = ALIGN (0x4)
                0x0000000000a27a34                __data_load__ = LOADADDR (.data)
                0x0000000000a02400                . = ALIGN (0x4)
                0x0000000000a02400                __data_begin__ = .
 *(.data)
 *(.data*)
 .data.g_efuse_clock_period
                0x0000000000a02400        0x4 hal/efuse/libhal_efuse_v151.a(hal_efuse_v151.c.obj)
 .data.g_hal_efuse_funcs
                0x0000000000a02404       0x2c hal/efuse/libhal_efuse_v151.a(hal_efuse_v151.c.obj)
                0x0000000000a02404                g_hal_efuse_funcs
 .data.g_hal_uart_v51_funcs
                0x0000000000a02430       0x18 hal/uart/libhal_uart.a(hal_uart_v151.c.obj)
 .data.g_hal_watchdog_v151_funcs
                0x0000000000a02448       0x24 hal/watchdog/libhal_watchdog.a(hal_watchdog_v151.c.obj)
 .data.g_uart_clock_value
                0x0000000000a0246c        0x4 drivers/chips/ws63/porting/uart/libuart_port.a(uart_porting.c.obj)
 .data.g_systick_clock
                0x0000000000a02470        0x4 drivers/chips/ws63/porting/systick/libsystick_port.a(systick_porting.c.obj)
 .data.g_tcxo_ticks_per_usec
                0x0000000000a02474        0x4 drivers/chips/ws63/porting/tcxo/libtcxo_port.a(tcxo_porting.c.obj)
 .data.g_watchdog_base_addr
                0x0000000000a02478        0x4 drivers/chips/ws63/porting/watchdog/libwatchdog_port.a(watchdog_porting.c.obj)
                0x0000000000a02478                g_watchdog_base_addr
 .data.g_watchdog_clock
                0x0000000000a0247c        0x4 drivers/chips/ws63/porting/watchdog/libwatchdog_port.a(watchdog_porting.c.obj)
 .data.g_sfc_delay_once_us
                0x0000000000a02480        0x4 drivers/chips/ws63/porting/sfc/porting/libsfc_port_ws63.a(sfc_porting.c.obj)
                0x0000000000a02480                g_sfc_delay_once_us
 .data.g_sfc_delay_times
                0x0000000000a02484        0x4 drivers/chips/ws63/porting/sfc/porting/libsfc_port_ws63.a(sfc_porting.c.obj)
                0x0000000000a02484                g_sfc_delay_times
 .data.g_efuse_base_addr
                0x0000000000a02488        0x4 drivers/chips/ws63/porting/efuse/libefuse_port.a(efuse_porting.c.obj)
                0x0000000000a02488                g_efuse_base_addr
 .data.g_efuse_boot_done_addr
                0x0000000000a0248c        0x4 drivers/chips/ws63/porting/efuse/libefuse_port.a(efuse_porting.c.obj)
                0x0000000000a0248c                g_efuse_boot_done_addr
 .data.g_efuse_region_read_address
                0x0000000000a02490        0x4 drivers/chips/ws63/porting/efuse/libefuse_port.a(efuse_porting.c.obj)
                0x0000000000a02490                g_efuse_region_read_address
 .data.g_hiburn_uart
                0x0000000000a02494        0x1 drivers/chips/ws63/boot/boot_porting/libchip_boot_port.a(serial.c.obj)
                0x0000000000a02494                g_hiburn_uart
 *fill*         0x0000000000a02495        0x3 ff
 .data.g_panic_deal
                0x0000000000a02498        0x4 utils/dfx/libdfx_panic.a(panic_rom.c.obj)
 .data.strNullPointer.1869
                0x0000000000a0249c        0x8 open_source/libboundscheck/liblibboundscheck.a(secureprintoutput_a.c.obj)
 .data.strNullString.1791
                0x0000000000a024a4        0x8 open_source/libboundscheck/liblibboundscheck.a(secureprintoutput_a.c.obj)
 .data.wStrNullString.1801
                0x0000000000a024ac       0x20 open_source/libboundscheck/liblibboundscheck.a(secureprintoutput_a.c.obj)
 *(.got)
 .got           0x0000000000a024cc        0x8 bootloader/commonboot/libc/libcommon_boot_libc.a(memset.c.obj)
                0x0000000000a024cc                _GLOBAL_OFFSET_TABLE_
 *(.got*)
 .got.plt       0x0000000000a024d4        0x8 bootloader/commonboot/libc/libcommon_boot_libc.a(memset.c.obj)
 *(.igot)
 *(.igot*)
                0x0000000000a02cdc                _gp_ = (. + 0x800)
 *(.sdata)
 *(.sdata*)
                0x0000000000a024dc                . = ALIGN (0x4)
                0x0000000000a024dc                __data_end__ = .
                0x00000000000000dc                __data_size__ = (__data_end__ - __data_begin__)

preserve        0x0000000000a024dc       0xfc load address 0x0000000000a27b10
 preserve       0x0000000000a024dc       0xfc utils/dfx/libdfx_preserve.a(preserve.c.obj)
                0x0000000000a024dc                g_preserve_data_lib

.bss            0x0000000000a025d8     0x44bc load address 0x0000000000a27c0c
                0x0000000000a025d8                . = ALIGN (0x4)
                0x0000000000a025d8                __bss_begin__ = .
 *(.bss)
 *(.bss*)
 .bss.g_flash_cmd_funcs
                0x0000000000a025d8       0x14 bootloader/commonboot/libcommon_boot.a(boot_flash.c.obj)
 .bss.g_upload_ctx
                0x0000000000a025ec        0x4 bootloader/commonboot/libcommon_boot.a(boot_transfer.c.obj)
                0x0000000000a025ec                g_upload_ctx
 .bss.g_ymodem  0x0000000000a025f0     0x2010 bootloader/commonboot/libcommon_boot.a(boot_ymodem.c.obj)
 .bss.g_ymodem_buf
                0x0000000000a04600     0x2000 bootloader/commonboot/libcommon_boot.a(boot_load.c.obj)
 .bss.g_uart_param
                0x0000000000a06600        0xc bootloader/provision_ws63/libloaderboot_common.a(boot_uart_auth.c.obj)
                0x0000000000a06600                g_uart_param
 .bss.g_flash_all_erased
                0x0000000000a0660c        0x1 bootloader/provision_ws63/libloaderboot_common.a(boot_erase.c.obj)
 *fill*         0x0000000000a0660d        0x3 
 .bss.g_cs_record_handler
                0x0000000000a06610        0x4 kernel/non_os/non_os/libnon_os.a(non_os_utils.c.obj)
 .bss.g_cs_stat_handler
                0x0000000000a06614        0x4 kernel/non_os/non_os/libnon_os.a(non_os_utils.c.obj)
 .bss.g_lock_stat
                0x0000000000a06618        0x4 kernel/non_os/non_os/libnon_os.a(non_os_utils.c.obj)
 .bss.g_non_os_critical_nesting
                0x0000000000a0661c        0x2 kernel/non_os/non_os/libnon_os.a(non_os_utils.c.obj)
 *fill*         0x0000000000a0661e        0x2 
 .bss.g_malloc_func
                0x0000000000a06620        0xc kernel/non_os/malloc/libnonos_malloc.a(malloc.c.obj)
                0x0000000000a06620                g_malloc_func
 .bss.g_st_dfx  0x0000000000a0662c       0x18 kernel/non_os/malloc/libnonos_malloc.a(malloc.c.obj)
                0x0000000000a0662c                g_st_dfx
 .bss.g_drv_func
                0x0000000000a06644       0x24 driver/security_unified/libdrv_security_unified.a(crypto_drv_common.c.obj)
 .bss.g_systick_hw_inited
                0x0000000000a06668        0x1 driver/systick/libsystick.a(systick.c.obj)
 .bss.g_tcxo_inited
                0x0000000000a06669        0x1 driver/tcxo/libtcxo.a(tcxo.c.obj)
 *fill*         0x0000000000a0666a        0x2 
 .bss.g_uart_inited
                0x0000000000a0666c        0x3 driver/uart/libuart.a(uart.c.obj)
 *fill*         0x0000000000a0666f        0x1 
 .bss.g_uart_rx_state_array
                0x0000000000a06670       0x48 driver/uart/libuart.a(uart.c.obj)
 .bss.g_uart_tx_state_array
                0x0000000000a066b8       0xe4 driver/uart/libuart.a(uart.c.obj)
 .bss.g_hal_funcs
                0x0000000000a0679c        0x4 driver/watchdog/libwatchdog.a(watchdog.c.obj)
 .bss.g_watchdog_enabled
                0x0000000000a067a0        0x1 driver/watchdog/libwatchdog.a(watchdog.c.obj)
 .bss.g_watchdog_inited
                0x0000000000a067a1        0x1 driver/watchdog/libwatchdog.a(watchdog.c.obj)
 *fill*         0x0000000000a067a2        0x2 
 .bss.g_hal_efuses_funcs
                0x0000000000a067a4        0x4 hal/efuse/libhal_efuse_v151.a(hal_efuse.c.obj)
                0x0000000000a067a4                g_hal_efuses_funcs
 .bss.g_efuse_is_init
                0x0000000000a067a8        0x1 hal/efuse/libhal_efuse_v151.a(hal_efuse_v151.c.obj)
 *fill*         0x0000000000a067a9        0x3 
 .bss.g_efuse_boot_done_regs
                0x0000000000a067ac        0x4 hal/efuse/libhal_efuse_v151.a(hal_efuse_v151_reg_op.c.obj)
                0x0000000000a067ac                g_efuse_boot_done_regs
 .bss.g_efuse_regs
                0x0000000000a067b0        0x4 hal/efuse/libhal_efuse_v151.a(hal_efuse_v151_reg_op.c.obj)
                0x0000000000a067b0                g_efuse_regs
 .bss.g_ecc_num
                0x0000000000a067b4        0x4 hal/security_unified/libhal_security_unified.a(drv_common_pke.c.obj)
                0x0000000000a067b4                g_ecc_num
 .bss.g_ecc_params
                0x0000000000a067b8        0x4 hal/security_unified/libhal_security_unified.a(drv_common_pke.c.obj)
                0x0000000000a067b8                g_ecc_params
 .bss.g_pke_initialize
                0x0000000000a067bc        0x4 hal/security_unified/libhal_security_unified.a(hal_pke.c.obj)
                0x0000000000a067bc                g_pke_initialize
 .bss.g_hal_hash_initialize
                0x0000000000a067c0        0x1 hal/security_unified/libhal_security_unified.a(hal_hash.c.obj)
 *fill*         0x0000000000a067c1        0x3 
 .bss.g_hash_hard_ctx
                0x0000000000a067c4       0x54 hal/security_unified/libhal_security_unified.a(hal_hash.c.obj)
 .bss.g_node_buffer
                0x0000000000a06818       0x60 hal/security_unified/libhal_security_unified.a(hal_hash.c.obj)
 .bss.g_hal_trng_init_flag
                0x0000000000a06878        0x1 hal/security_unified/libhal_security_unified.a(hal_trng.c.obj)
 *fill*         0x0000000000a06879        0x3 
 .bss.g_tcxo_regs
                0x0000000000a0687c        0x4 hal/tcxo/libhal_tcxo.a(hal_tcxo_v150_regs_op.c.obj)
                0x0000000000a0687c                g_tcxo_regs
 .bss.g_hal_uarts_funcs
                0x0000000000a06880        0xc hal/uart/libhal_uart.a(hal_uart.c.obj)
                0x0000000000a06880                g_hal_uarts_funcs
 .bss.g_hal_uart_callback
                0x0000000000a0688c        0xc hal/uart/libhal_uart.a(hal_uart_v151.c.obj)
 .bss.g_hal_uart_force_isr_flags
                0x0000000000a06898        0x3 hal/uart/libhal_uart.a(hal_uart_v151.c.obj)
 *fill*         0x0000000000a0689b        0x1 
 .bss.g_hal_uart_reg
                0x0000000000a0689c        0xc hal/uart/libhal_uart.a(hal_uart_v151.c.obj)
                0x0000000000a0689c                g_hal_uart_reg
 .bss.g_hal_uart_rx_fifo_level
                0x0000000000a068a8        0x3 hal/uart/libhal_uart.a(hal_uart_v151.c.obj)
                0x0000000000a068a8                g_hal_uart_rx_fifo_level
 *fill*         0x0000000000a068ab        0x1 
 .bss.g_hal_uart_tx_fifo_level
                0x0000000000a068ac        0x3 hal/uart/libhal_uart.a(hal_uart_v151.c.obj)
                0x0000000000a068ac                g_hal_uart_tx_fifo_level
 *fill*         0x0000000000a068af        0x1 
 .bss.g_hal_watchdogs_funcs
                0x0000000000a068b0        0x4 hal/watchdog/libhal_watchdog.a(hal_watchdog.c.obj)
                0x0000000000a068b0                g_hal_watchdogs_funcs
 .bss.g_watchdog_regs
                0x0000000000a068b4        0x4 hal/watchdog/libhal_watchdog.a(hal_watchdog.c.obj)
                0x0000000000a068b4                g_watchdog_regs
 .bss.g_hal_watchdog_callback
                0x0000000000a068b8        0x4 hal/watchdog/libhal_watchdog.a(hal_watchdog_v151.c.obj)
 .bss.g_timeout
                0x0000000000a068bc        0x4 hal/watchdog/libhal_watchdog.a(hal_watchdog_v151.c.obj)
 .bss.g_sfc_bus_dma_regs
                0x0000000000a068c0        0x4 hal/sfc/libhal_sfc.a(hal_sfc.c.obj)
                0x0000000000a068c0                g_sfc_bus_dma_regs
 .bss.g_sfc_bus_regs
                0x0000000000a068c4        0x4 hal/sfc/libhal_sfc.a(hal_sfc.c.obj)
                0x0000000000a068c4                g_sfc_bus_regs
 .bss.g_sfc_cmd_databuf
                0x0000000000a068c8        0x4 hal/sfc/libhal_sfc.a(hal_sfc.c.obj)
                0x0000000000a068c8                g_sfc_cmd_databuf
 .bss.g_sfc_cmd_regs
                0x0000000000a068cc        0x4 hal/sfc/libhal_sfc.a(hal_sfc.c.obj)
                0x0000000000a068cc                g_sfc_cmd_regs
 .bss.g_sfc_global_conf_regs
                0x0000000000a068d0        0x4 hal/sfc/libhal_sfc.a(hal_sfc.c.obj)
                0x0000000000a068d0                g_sfc_global_conf_regs
 .bss.g_sw_debug_uart
                0x0000000000a068d4        0x1 drivers/chips/ws63/porting/uart/libuart_port.a(uart_porting.c.obj)
 *fill*         0x0000000000a068d5        0x3 
 .bss.str_buf.3002
                0x0000000000a068d8       0x80 drivers/chips/ws63/porting/uart/libuart_port.a(uart_porting.c.obj)
 .bss.g_flash_ctrl
                0x0000000000a06958       0x18 drivers/chips/ws63/porting/sfc/driver/libsfc_boot.a(sfc.c.obj)
 .bss.g_sfc_inited
                0x0000000000a06970        0x1 drivers/chips/ws63/porting/sfc/driver/libsfc_boot.a(sfc.c.obj)
 .bss.g_sfc_unknown_flash
                0x0000000000a06971        0x1 drivers/chips/ws63/porting/sfc/driver/libsfc_boot.a(sfc.c.obj)
 .bss.g_hiburn_uart_enabled
                0x0000000000a06972        0x1 drivers/chips/ws63/boot/boot_porting/libchip_boot_port.a(serial.c.obj)
                0x0000000000a06972                g_hiburn_uart_enabled
 .bss.g_uart_mute
                0x0000000000a06973        0x1 drivers/chips/ws63/boot/boot_porting/libchip_boot_port.a(serial.c.obj)
                0x0000000000a06973                g_uart_mute
 .bss.g_interrupt_running