Archive member included to satisfy reference by file (symbol)

bootloader/commonboot/libc/libcommon_boot_libc.a(memset.c.obj)
                              (--whole-archive)
bootloader/commonboot/libc/libcommon_boot_libc.a(memcpy.c.obj)
                              (--whole-archive)
bootloader/commonboot/libc/libcommon_boot_libc.a(memcmp.c.obj)
                              (--whole-archive)
bootloader/commonboot/libc/libcommon_boot_libc.a(strcmp.c.obj)
                              (--whole-archive)
bootloader/commonboot/libc/libcommon_boot_libc.a(strlen.c.obj)
                              (--whole-archive)
bootloader/commonboot/libc/libcommon_boot_libc.a(memmove.c.obj)
                              (--whole-archive)
bootloader/commonboot/libcommon_boot.a(boot_reset.c.obj)
                              (--whole-archive)
bootloader/commonboot/libcommon_boot.a(boot_flash.c.obj)
                              (--whole-archive)
bootloader/commonboot/libcommon_boot.a(boot_debug.c.obj)
                              (--whole-archive)
bootloader/commonboot/libcommon_boot.a(boot_jump.c.obj)
                              (--whole-archive)
bootloader/flashboot_ws63/libflashboot_common.a(main.c.obj)
                              (--whole-archive)
bootloader/flashboot_ws63/libflashboot_common.a(riscv_init.S.obj)
                              (--whole-archive)
bootloader/flashboot_ws63/libflashboot_common.a(secure_verify_boot.c.obj)
                              (--whole-archive)
kernel/non_os/non_os/libnon_os.a(non_os_utils.c.obj)
                              (--whole-archive)
kernel/non_os/non_os/libnon_os.a(non_os_nmi.c.obj)
                              (--whole-archive)
kernel/non_os/malloc/libnonos_malloc.a(malloc.c.obj)
                              (--whole-archive)
kernel/osal/libosal.a(osal_atomic.c.obj)
                              (--whole-archive)
kernel/osal/libosal.a(osal_debug.c.obj)
                              (--whole-archive)
kernel/osal/libosal.a(osal_interrupt.c.obj)
                              (--whole-archive)
kernel/osal/libosal.a(osal_mutex.c.obj)
                              (--whole-archive)
kernel/osal/libosal.a(osal_semaphore.c.obj)
                              (--whole-archive)
kernel/osal/libosal.a(osal_spinlock.c.obj)
                              (--whole-archive)
kernel/osal/libosal.a(osal_wait.c.obj)
                              (--whole-archive)
kernel/osal/libosal.a(osal_task.c.obj)
                              (--whole-archive)
driver/pinmux/libpinctrl.a(pinctrl.c.obj)
                              (--whole-archive)
driver/pmp/libpmp.a(pmp.c.obj)
                              (--whole-archive)
driver/security_unified/libdrv_security_unified.a(hash_romable.c.obj)
                              (--whole-archive)
driver/security_unified/libdrv_security_unified.a(drv_flashboot_cipher.c.obj)
                              (--whole-archive)
driver/security_unified/libdrv_security_unified.a(drv_flashboot_symc.c.obj)
                              (--whole-archive)
driver/security_unified/libdrv_security_unified.a(crypto_drv_common.c.obj)
                              (--whole-archive)
driver/security_unified/libdrv_security_unified.a(drv_keyslot.c.obj)
                              (--whole-archive)
driver/security_unified/libdrv_security_unified.a(drv_klad.c.obj)
                              (--whole-archive)
driver/security_unified/libdrv_security_unified.a(drv_fapc.c.obj)
                              (--whole-archive)
driver/security_unified/libdrv_security_unified.a(crypto_curve_param.c.obj)
                              (--whole-archive)
driver/security_unified/libdrv_security_unified.a(drv_pke_sm2_verify.c.obj)
                              (--whole-archive)
driver/security_unified/libdrv_security_unified.a(drv_pke_ecdsa.c.obj)
                              (--whole-archive)
driver/security_unified/libdrv_security_unified.a(drv_pke_weak_func.c.obj)
                              (--whole-archive)
driver/security_unified/libdrv_security_unified.a(drv_pke_sm2_dsa_hash.c.obj)
                              (--whole-archive)
driver/security_unified/libdrv_security_unified.a(hal_rom_table.c.obj)
                              (--whole-archive)
driver/security_unified/libdrv_security_unified.a(drv_rom_table.c.obj)
                              (--whole-archive)
driver/security_unified/libdrv_security_unified.a(drv_rom_cipher.c.obj)
                              (--whole-archive)
driver/systick/libsystick.a(systick.c.obj)
                              (--whole-archive)
driver/tcxo/libtcxo.a(tcxo.c.obj)
                              (--whole-archive)
driver/timer/libdrv_timer.a(timer.c.obj)
                              (--whole-archive)
driver/uart/libuart.a(uart.c.obj)
                              (--whole-archive)
driver/watchdog/libwatchdog.a(watchdog.c.obj)
                              (--whole-archive)
driver/rtc_unified/librtc_unified.a(rtc.c.obj)
[...]
Memory Configuration

Name             Origin             Length             Attributes
STACK            0x0000000000a03100 0x0000000000002400 xrw
SRAM             0x0000000000a05500 0x000000000001dc00 xrw
FLASHBOOT_ROM_ADDR 0x0000000000a28300 0x0000000000010000 xrw
*default*        0x0000000000000000 0xffffffffffffffff

Linker script and memory map


.text.entry     0x0000000000a28300      0x248
                0x0000000000a28300                . = ALIGN (0x4)
 *(.text.entry)
 .text.entry    0x0000000000a28300      0x120 bootloader/flashboot_ws63/libflashboot_common.a(riscv_init.S.obj)
                0x0000000000a28300                _start
 *(.isr_vector)
 .isr_vector    0x0000000000a28420      0x128 drivers/chips/ws63/libchip_ws63.a(vectors.c.obj)
                0x0000000000a28548                . = ALIGN (0x4)

.stacks         0x0000000000a03100     0x2400
                0x0000000000a03100                . = ALIGN (0x10)
                0x0000000000a03100                g_system_stack_begin = ORIGIN (STACK)
                0x0000000000a04d00                . = (. + 0x1c00)
 *fill*         0x0000000000a03100     0x1c00 
                0x0000000000a04d00                __stack_top__ = .
                0x0000000000a05100                . = (. + 0x400)
 *fill*         0x0000000000a04d00      0x400 
                0x0000000000a05100                __irq_stack_top__ = .
                0x0000000000a05500                . = (. + 0x400)
 *fill*         0x0000000000a05100      0x400 
                0x0000000000a05500                __excp_stack_top__ = .
                0x0000000000a05500                . = ALIGN (0x10)
                0x0000000000a05500                g_system_stack_end = (ORIGIN (STACK) + LENGTH (STACK))

.text           0x0000000000a28550     0xb90c
                0x0000000000a28550                . = ALIGN (0x4)
 *(.text)
 .text          0x0000000000a28550       0x4c drivers/chips/ws63/libchip_ws63.a(vectors.s.obj)
 .text          0x0000000000a2859c        0x4 /home/sueiny/fbb_ws63/src/tools/bin/compiler/riscv/cc_riscv32_musl_105/cc_riscv32_musl/bin/../lib/gcc/riscv32-linux-musl/7.3.0/libgcc.a(_udivdi3.o)
                0x0000000000a2859c                __udivdi3
 .text          0x0000000000a285a0        0xc /home/sueiny/fbb_ws63/src/tools/bin/compiler/riscv/cc_riscv32_musl_105/cc_riscv32_musl/bin/../lib/gcc/riscv32-linux-musl/7.3.0/libgcc.a(_umoddi3.o)
                0x0000000000a285a0                __umoddi3
 .text          0x0000000000a285ac      0x3f8 /home/sueiny/fbb_ws63/src/tools/bin/compiler/riscv/cc_riscv32_musl_105/cc_riscv32_musl/bin/../lib/gcc/riscv32-linux-musl/7.3.0/libgcc.a(_udivmoddi4.o)
                0x0000000000a285ac                __udivmoddi4
 *(.text*)
 .text.memset   0x0000000000a289a4       0xae bootloader/commonboot/libc/libcommon_boot_libc.a(memset.c.obj)
                0x0000000000a289a4                memset
 .text.memcpy   0x0000000000a28a52      0x29c bootloader/commonboot/libc/libcommon_boot_libc.a(memcpy.c.obj)
                0x0000000000a28a52                memcpy
 .text.memcmp   0x0000000000a28cee       0x1e bootloader/commonboot/libc/libcommon_boot_libc.a(memcmp.c.obj)
                0x0000000000a28cee                memcmp
 .text.strlen   0x0000000000a28d0c       0x3e bootloader/commonboot/libc/libcommon_boot_libc.a(strlen.c.obj)
                0x0000000000a28d0c                strlen
 .text.memmove  0x0000000000a28d4a       0xbe bootloader/commonboot/libc/libcommon_boot_libc.a(memmove.c.obj)
                0x0000000000a28d4a                memmove
 .text.reset    0x0000000000a28e08       0x12 bootloader/commonboot/libcommon_boot.a(boot_reset.c.obj)
                0x0000000000a28e08                reset
 .text.boot_fail
                0x0000000000a28e1a        0x2 bootloader/commonboot/libcommon_boot.a(boot_reset.c.obj)
                0x0000000000a28e1a                boot_fail
 .text.boot_regist_flash_cmd
                0x0000000000a28e1c       0x1c bootloader/commonboot/libcommon_boot.a(boot_flash.c.obj)
                0x0000000000a28e1c                boot_regist_flash_cmd
 .text.jump_to_execute_addr
                0x0000000000a28e38        0x8 bootloader/commonboot/libcommon_boot.a(boot_jump.c.obj)
                0x0000000000a28e38                jump_to_execute_addr
 .text.ws63_set_try_fix_cnt
                0x0000000000a28e40       0x10 bootloader/flashboot_ws63/libflashboot_common.a(main.c.obj)
 .text.sfc_flash_erase
                0x0000000000a28e50        0xa bootloader/flashboot_ws63/libflashboot_common.a(main.c.obj)
 .text.sfc_flash_write
                0x0000000000a28e5a        0xa bootloader/flashboot_ws63/libflashboot_common.a(main.c.obj)
 .text.sfc_flash_read
                0x0000000000a28e64        0xa bootloader/flashboot_ws63/libflashboot_common.a(main.c.obj)
 .text.sfc_flash_init
                0x0000000000a28e6e        0xa bootloader/flashboot_ws63/libflashboot_common.a(main.c.obj)
 .text.start_fastboot
                0x0000000000a28e78      0x4fe bootloader/flashboot_ws63/libflashboot_common.a(main.c.obj)
                0x0000000000a28e78                start_fastboot
 .text.check_image_id
                0x0000000000a29376       0x4a bootloader/flashboot_ws63/libflashboot_common.a(secure_verify_boot.c.obj)
 .text.check_verify_enable
                0x0000000000a293c0       0x34 bootloader/flashboot_ws63/libflashboot_common.a(secure_verify_boot.c.obj)
 .text.check_msid
                0x0000000000a293f4       0x34 bootloader/flashboot_ws63/libflashboot_common.a(secure_verify_boot.c.obj)
 .text.secure_authenticate.constprop.2
                0x0000000000a29428       0x6c bootloader/flashboot_ws63/libflashboot_common.a(secure_verify_boot.c.obj)
 .text.check_die_id.constprop.3
                0x0000000000a29494       0x3e bootloader/flashboot_ws63/libflashboot_common.a(secure_verify_boot.c.obj)
 .text.check_version
                0x0000000000a294d2       0x76 bootloader/flashboot_ws63/libflashboot_common.a(secure_verify_boot.c.obj)
 .text.verify_image_head
                0x0000000000a29548      0x1dc bootloader/flashboot_ws63/libflashboot_common.a(secure_verify_boot.c.obj)
                0x0000000000a29548                verify_image_head
 .text.verify_image_body
                0x0000000000a29724       0x7c bootloader/flashboot_ws63/libflashboot_common.a(secure_verify_boot.c.obj)
                0x0000000000a29724                verify_image_body
 .text.non_os_enter_critical
                0x0000000000a297a0       0x7a kernel/non_os/non_os/libnon_os.a(non_os_utils.c.obj)
                0x0000000000a297a0                non_os_enter_critical
 .text.non_os_exit_critical
                0x0000000000a2981a       0x6c kernel/non_os/non_os/libnon_os.a(non_os_utils.c.obj)
                0x0000000000a2981a                non_os_exit_critical
 .text.malloc_register_funcs
                0x0000000000a29886       0x16 kernel/non_os/malloc/libnonos_malloc.a(malloc.c.obj)
                0x0000000000a29886                malloc_register_funcs
 .text.rom_malloc_init
                0x0000000000a2989c       0x3e kernel/non_os/malloc/libnonos_malloc.a(malloc.c.obj)
                0x0000000000a2989c                rom_malloc_init
 .text.malloc_init
                0x0000000000a298da        0x2 kernel/non_os/malloc/libnonos_malloc.a(malloc.c.obj)
                0x0000000000a298da                malloc_init
 .text.rom_malloc
                0x0000000000a298dc       0xd8 kernel/non_os/malloc/libnonos_malloc.a(malloc.c.obj)
                0x0000000000a298dc                rom_malloc
 .text.malloc   0x0000000000a299b4        0x8 kernel/non_os/malloc/libnonos_malloc.a(malloc.c.obj)
                0x0000000000a299b4                malloc
 .text.rom_free
                0x0000000000a299bc       0x2e kernel/non_os/malloc/libnonos_malloc.a(malloc.c.obj)
                0x0000000000a299bc                rom_free
 .text.free     0x0000000000a299ea        0x2 kernel/non_os/malloc/libnonos_malloc.a(malloc.c.obj)
                0x0000000000a299ea                free
 .text.osal_irq_lock
                0x0000000000a299ec        0x8 kernel/osal/libosal.a(osal_interrupt.c.obj)
                0x0000000000a299ec                osal_irq_lock
 .text.osal_irq_restore
                0x0000000000a299f4        0x2 kernel/osal/libosal.a(osal_interrupt.c.obj)
                0x0000000000a299f4                osal_irq_restore
 .text.uapi_pmp_config
                0x0000000000a299f6       0x7c driver/pmp/libpmp.a(pmp.c.obj)
                0x0000000000a299f6                uapi_pmp_config
 .text.drv_rom_hash
                0x0000000000a29a72      0x148 driver/security_unified/libdrv_security_unified.a(hash_romable.c.obj)
                0x0000000000a29a72                drv_rom_hash
 .text.drv_rom_cipher_create_keyslot
                0x0000000000a29bba       0x7c driver/security_unified/libdrv_security_unified.a(drv_flashboot_cipher.c.obj)
                0x0000000000a29bba                drv_rom_cipher_create_keyslot
 .text.drv_rom_cipher_destroy_keyslot
                0x0000000000a29c36        0x2 driver/security_unified/libdrv_security_unified.a(drv_flashboot_cipher.c.obj)
                0x0000000000a29c36                drv_rom_cipher_destroy_keyslot
 .text.drv_rom_cipher_config_odrk1
                0x0000000000a29c38       0x64 driver/security_unified/libdrv_security_unified.a(drv_flashboot_cipher.c.obj)
                0x0000000000a29c38                drv_rom_cipher_config_odrk1
 .text.drv_rom_cipher_fapc_config
                0x0000000000a29c9c       0x46 driver/security_unified/libdrv_security_unified.a(drv_flashboot_cipher.c.obj)
                0x0000000000a29c9c                drv_rom_cipher_fapc_config
 .text.drv_rom_cipher_fapc_bypass_config
                0x0000000000a29ce2        0x2 driver/security_unified/libdrv_security_unified.a(drv_flashboot_cipher.c.obj)
                0x0000000000a29ce2                drv_rom_cipher_fapc_bypass_config
 .text.inner_symc_crypto
                0x0000000000a29ce4      0x12c driver/security_unified/libdrv_security_unified.a(drv_flashboot_symc.c.obj)
 .text.drv_rom_cipher_symc_init
                0x0000000000a29e10       0x50 driver/security_unified/libdrv_security_unified.a(drv_flashboot_symc.c.obj)
                0x0000000000a29e10                drv_rom_cipher_symc_init
 .text.drv_rom_cipher_symc_deinit
                0x0000000000a29e60       0x10 driver/security_unified/libdrv_security_unified.a(drv_flashboot_symc.c.obj)
                0x0000000000a29e60                drv_rom_cipher_symc_deinit
 .text.drv_rom_cipher_symc_decrypt
                0x0000000000a29e70        0xa driver/security_unified/libdrv_security_unified.a(drv_flashboot_symc.c.obj)
                0x0000000000a29e70                drv_rom_cipher_symc_decrypt
 .text.crypto_get_cpu_type
                0x0000000000a29e7a       0x14 driver/security_unified/libdrv_security_unified.a(crypto_drv_common.c.obj)
                0x0000000000a29e7a                crypto_get_cpu_type
 .text.crypto_sm_support
                0x0000000000a29e8e        0x4 driver/security_unified/libdrv_security_unified.a(crypto_drv_common.c.obj)
                0x0000000000a29e8e                crypto_sm_support
 .text.crypto_get_value_by_index
                0x0000000000a29e92       0x2a driver/security_unified/libdrv_security_unified.a(crypto_drv_common.c.obj)
                0x0000000000a29e92                crypto_get_value_by_index
 .text.drv_keyslot_create
                0x0000000000a29ebc       0x56 driver/security_unified/libdrv_security_unified.a(drv_keyslot.c.obj)
                0x0000000000a29ebc                drv_keyslot_create
 .text.drv_keyslot_destroy
                0x0000000000a29f12       0x38 driver/security_unified/libdrv_security_unified.a(drv_keyslot.c.obj)
                0x0000000000a29f12                drv_keyslot_destroy
 .text.drv_klad_create
                0x0000000000a29f4a       0x36 driver/security_unified/libdrv_security_unified.a(drv_klad.c.obj)
                0x0000000000a29f4a                drv_klad_create
 .text.drv_klad_destroy
                0x0000000000a29f80       0x34 driver/security_unified/libdrv_security_unified.a(drv_klad.c.obj)
                0x0000000000a29f80                drv_klad_destroy
 .text.drv_klad_attach
                0x0000000000a29fb4       0x62 driver/security_unified/libdrv_security_unified.a(drv_klad.c.obj)
                0x0000000000a29fb4                drv_klad_attach
 .text.drv_klad_detach
                0x0000000000a2a016       0x3e driver/security_unified/libdrv_security_unified.a(drv_klad.c.obj)
                0x0000000000a2a016                drv_klad_detach
 .text.drv_klad_set_attr
                0x0000000000a2a054       0x66 driver/security_unified/libdrv_security_unified.a(drv_klad.c.obj)
                0x0000000000a2a054                drv_klad_set_attr
 .text.drv_klad_set_effective_key
                0x0000000000a2a0ba       0xb8 driver/security_unified/libdrv_security_unified.a(drv_klad.c.obj)
                0x0000000000a2a0ba                drv_klad_set_effective_key
 .text.drv_fapc_set_iv
                0x0000000000a2a172       0x10 driver/security_unified/libdrv_security_unified.a(drv_fapc.c.obj)
                0x0000000000a2a172                drv_fapc_set_iv
 .text.drv_fapc_set_config
                0x0000000000a2a182       0x88 driver/security_unified/libdrv_security_unified.a(drv_fapc.c.obj)
                0x0000000000a2a182                drv_fapc_set_config
 .text.drv_fapc_set_bypass_config
                0x0000000000a2a20a       0x28 driver/security_unified/libdrv_security_unified.a(drv_fapc.c.obj)
                0x0000000000a2a20a                drv_fapc_set_bypass_config
 .text.hal_hash_lock
                0x0000000000a2a232        0x8 driver/security_unified/libdrv_security_unified.a(hal_rom_table.c.obj)
                0x0000000000a2a232                hal_hash_lock
 .text.hal_hash_unlock
                0x0000000000a2a23a        0x8 driver/security_unified/libdrv_security_unified.a(hal_rom_table.c.obj)
                0x0000000000a2a23a                hal_hash_unlock
 .text.hal_cipher_hash_config
                0x0000000000a2a242        0x8 driver/security_unified/libdrv_security_unified.a(hal_rom_table.c.obj)
                0x0000000000a2a242                hal_cipher_hash_config
 .text.hal_cipher_hash_add_in_node
                0x0000000000a2a24a        0x8 driver/security_unified/libdrv_security_unified.a(hal_rom_table.c.obj)
                0x0000000000a2a24a                hal_cipher_hash_add_in_node
 .text.hal_cipher_hash_start
                0x0000000000a2a252        0x8 driver/security_unified/libdrv_security_unified.a(hal_rom_table.c.obj)
                0x0000000000a2a252                hal_cipher_hash_start
 .text.hal_cipher_hash_wait_done
                0x0000000000a2a25a        0x8 driver/security_unified/libdrv_security_unified.a(hal_rom_table.c.obj)
                0x0000000000a2a25a                hal_cipher_hash_wait_done
 .text.drv_rom_cipher_pke_bp256r_verify
                0x0000000000a2a262        0x8 driver/security_unified/libdrv_security_unified.a(drv_rom_table.c.obj)
                0x0000000000a2a262                drv_rom_cipher_pke_bp256r_verify
 .text.drv_rom_cipher_sha256
                0x0000000000a2a26a       0x30 driver/security_unified/libdrv_security_unified.a(drv_rom_cipher.c.obj)
                0x0000000000a2a26a                drv_rom_cipher_sha256
 .text.uapi_systick_get_count
                0x0000000000a2a29a       0x30 driver/systick/libsystick.a(systick.c.obj)
                0x0000000000a2a29a                uapi_systick_get_count
 .text.uapi_systick_get_us
                0x0000000000a2a2ca       0x2c driver/systick/libsystick.a(systick.c.obj)
                0x0000000000a2a2ca                uapi_systick_get_us
 .text.uapi_tcxo_init
                0x0000000000a2a2f6       0x36 driver/tcxo/libtcxo.a(tcxo.c.obj)
                0x0000000000a2a2f6                uapi_tcxo_init
 .text.uapi_tcxo_get_count
                0x0000000000a2a32c       0x30 driver/tcxo/libtcxo.a(tcxo.c.obj)
                0x0000000000a2a32c                uapi_tcxo_get_count
 .text.uapi_tcxo_delay_ms
                0x0000000000a2a35c       0x50 driver/tcxo/libtcxo.a(tcxo.c.obj)
                0x0000000000a2a35c                uapi_tcxo_delay_ms
 .text.uapi_tcxo_delay_us
                0x0000000000a2a3ac       0x3e driver/tcxo/libtcxo.a(tcxo.c.obj)
                0x0000000000a2a3ac                uapi_tcxo_delay_us
 .text.uart_rx_buffer_report
                0x0000000000a2a3ea       0x2a driver/uart/libuart.a(uart.c.obj)
 .text.uapi_uart_param_check
                0x0000000000a2a414       0x28 driver/uart/libuart.a(uart.c.obj)
 .text.uart_helper_invoke_current_fragment_callback
                0x0000000000a2a43c       0x1e driver/uart/libuart.a(uart.c.obj)
 .text.uart_helper_move_to_next_fragment
                0x0000000000a2a45a       0x3e driver/uart/libuart.a(uart.c.obj)
 .text.uart_helper_send_next_char
                0x0000000000a2a498       0x2e driver/uart/libuart.a(uart.c.obj)
 .text.uart_error_isr
                0x0000000000a2a4c6       0x7e driver/uart/libuart.a(uart.c.obj)
 .text.uart_evt_callback
                0x0000000000a2a544      0x1a8 driver/uart/libuart.a(uart.c.obj)
 .text.uapi_uart_init
                0x0000000000a2a6ec       0xce driver/uart/libuart.a(uart.c.obj)
                0x0000000000a2a6ec                uapi_uart_init
 .text.uapi_uart_write
                0x0000000000a2a7ba       0x58 driver/uart/libuart.a(uart.c.obj)
                0x0000000000a2a7ba                uapi_uart_write
 .text.uapi_watchdog_init
                0x0000000000a2a812       0x52 driver/watchdog/libwatchdog.a(watchdog.c.obj)
                0x0000000000a2a812                uapi_watchdog_init
 .text.uapi_watchdog_enable
                0x0000000000a2a864       0x44 driver/watchdog/libwatchdog.a(watchdog.c.obj)
                0x0000000000a2a864                uapi_watchdog_enable
 .text.uapi_watchdog_disable
                0x0000000000a2a8a8       0x36 driver/watchdog/libwatchdog.a(watchdog.c.obj)
                0x0000000000a2a8a8                uapi_watchdog_disable
 .text.uapi_watchdog_deinit
                0x0000000000a2a8de       0x3a driver/watchdog/libwatchdog.a(watchdog.c.obj)
                0x0000000000a2a8de                uapi_watchdog_deinit
 .text.uapi_watchdog_kick
                0x0000000000a2a918       0x2c driver/watchdog/libwatchdog.a(watchdog.c.obj)
                0x0000000000a2a918                uapi_watchdog_kick
 .text.uapi_efuse_init
                0x0000000000a2a944       0x10 driver/efuse/libefuse.a(efuse.c.obj)
                0x0000000000a2a944                uapi_efuse_init
 .text.uapi_efuse_read_bit
                0x0000000000a2a954       0x56 driver/efuse/libefuse.a(efuse.c.obj)
                0x0000000000a2a954                uapi_efuse_read_bit
 .text.uapi_efuse_read_buffer
                0x0000000000a2a9aa       0x5a driver/efuse/libefuse.a(efuse.c.obj)
                0x0000000000a2a9aa                uapi_efuse_read_buffer
 .text.hal_efuse_register_funcs
                0x0000000000a2aa04       0x16 hal/efuse/libhal_efuse_v151.a(hal_efuse.c.obj)
                0x0000000000a2aa04                hal_efuse_register_funcs
 .text.hal_efuse_get_funcs
                0x0000000000a2aa1a        0xa hal/efuse/libhal_efuse_v151.a(hal_efuse.c.obj)
                0x0000000000a2aa1a                hal_efuse_get_funcs
 .text.hal_efuse_deinit
                0x0000000000a2aa24        0xc hal/efuse/libhal_efuse_v151.a(hal_efuse_v151.c.obj)
 .text.hal_efuse_get_writeread_addr
                0x0000000000a2aa30       0x26 hal/efuse/libhal_efuse_v151.a(hal_efuse_v151.c.obj)
 .text.hal_efuse_init
                0x0000000000a2aa56       0x2e hal/efuse/libhal_efuse_v151.a(hal_efuse_v151.c.obj)
 .text.hal_efuse_read_byte
                0x0000000000a2aa84       0x60 hal/efuse/libhal_efuse_v151.a(hal_efuse_v151.c.obj)
 .text.hal_efuse_get_die_id
                0x0000000000a2aae4       0x34 hal/efuse/libhal_efuse_v151.a(hal_efuse_v151.c.obj)
 .text.hal_efuse_write_operation
                0x0000000000a2ab18       0x98 hal/efuse/libhal_efuse_v151.a(hal_efuse_v151.c.obj)
 .text.hal_efuse_write_buffer_operation
                0x0000000000a2abb0       0x3c hal/efuse/libhal_efuse_v151.a(hal_efuse_v151.c.obj)
 .text.hal_efuse_set_clock_period
                0x0000000000a2abec        0xa hal/efuse/libhal_efuse_v151.a(hal_efuse_v151.c.obj)
                0x0000000000a2abec                hal_efuse_set_clock_period
 .text.hal_efuse_funcs_get
                0x0000000000a2abf6        0x8 hal/efuse/libhal_efuse_v151.a(hal_efuse_v151.c.obj)
                0x0000000000a2abf6                hal_efuse_funcs_get
 .text.hal_efuse_regs_init
                0x0000000000a2abfe       0x32 hal/efuse/libhal_efuse_v151.a(hal_efuse_v151_reg_op.c.obj)
                0x0000000000a2abfe                hal_efuse_regs_init
 .text.hal_pmp_register_funcs
                0x0000000000a2ac30       0x16 hal/pmp/libhal_pmp.a(hal_pmp.c.obj)
                0x0000000000a2ac30                hal_pmp_register_funcs
 .text.hal_pmp_get_funcs
                0x0000000000a2ac46        0xa hal/pmp/libhal_pmp.a(hal_pmp.c.obj)
                0x0000000000a2ac46                hal_pmp_get_funcs
 .text.hal_pmp_riscv31_config
                0x0000000000a2ac50       0x4c hal/pmp/libhal_pmp.a(hal_pmp_riscv31.c.obj)
 .text.hal_pmp_riscv31_funcs_get
                0x0000000000a2ac9c        0x8 hal/pmp/libhal_pmp.a(hal_pmp_riscv31.c.obj)
                0x0000000000a2ac9c                hal_pmp_riscv31_funcs_get
 .text.hal_pmp_riscv31_regs_set_pmpaddr
                0x0000000000a2aca4       0x9e hal/pmp/libhal_pmp.a(hal_pmp_riscv31_regs_op.c.obj)
                0x0000000000a2aca4                hal_pmp_riscv31_regs_set_pmpaddr
 .text.hal_pmp_riscv31_regs_set_memxattr
                0x0000000000a2ad42       0x50 hal/pmp/libhal_pmp.a(hal_pmp_riscv31_regs_op.c.obj)
                0x0000000000a2ad42                hal_pmp_riscv31_regs_set_memxattr
 .text.hal_pmp_riscv31_regs_set_pmpxcfg
                0x0000000000a2ad92       0x76 hal/pmp/libhal_pmp.a(hal_pmp_riscv31_regs_op.c.obj)
                0x0000000000a2ad92                hal_pmp_riscv31_regs_set_pmpxcfg
 .text.hal_reboot_chip
                0x0000000000a2ae08       0x10 hal/reboot/libhal_reboot.a(hal_reboot.c.obj)
                0x0000000000a2ae08                hal_reboot_chip
 .text.hal_rkp_lock
                0x0000000000a2ae18       0x42 hal/security_unified/libhal_security_unified.a(hal_rkp.c.obj)
                0x0000000000a2ae18                hal_rkp_lock
 .text.hal_rkp_unlock
                0x0000000000a2ae5a       0x10 hal/security_unified/libhal_security_unified.a(hal_rkp.c.obj)
                0x0000000000a2ae5a                hal_rkp_unlock
 .text.hal_rkp_kdf_wait_done
                0x0000000000a2ae6a       0x40 hal/security_unified/libhal_security_unified.a(hal_rkp.c.obj)
                0x0000000000a2ae6a                hal_rkp_kdf_wait_done
 .text.hal_rkp_kdf_hard_calculation
                0x0000000000a2aeaa      0x102 hal/security_unified/libhal_security_unified.a(hal_rkp.c.obj)
                0x0000000000a2aeaa                hal_rkp_kdf_hard_calculation
 .text.inner_kslot_chn_is_locked
                0x0000000000a2afac       0x36 hal/security_unified/libhal_security_unified.a(hal_keyslot.c.obj)
 .text.inner_chk_kslot_busy
                0x0000000000a2afe2       0x2a hal/security_unified/libhal_security_unified.a(hal_keyslot.c.obj)
 .text.inner_kslot_is_busy
                0x0000000000a2b00c       0x14 hal/security_unified/libhal_security_unified.a(hal_keyslot.c.obj)
 .text.hal_keyslot_lock
                0x0000000000a2b020       0x9c hal/security_unified/libhal_security_unified.a(hal_keyslot.c.obj)
                0x0000000000a2b020                hal_keyslot_lock
 .text.hal_keyslot_unlock
                0x0000000000a2b0bc       0xb6 hal/security_unified/libhal_security_unified.a(hal_keyslot.c.obj)
                0x0000000000a2b0bc                hal_keyslot_unlock
 .text.inner_klad_set_key_odd
                0x0000000000a2b172       0x1c hal/security_unified/libhal_security_unified.a(hal_klad.c.obj)
 .text.inner_klad_wait_com_route_done
                0x0000000000a2b18e       0x52 hal/security_unified/libhal_security_unified.a(hal_klad.c.obj)
 .text.hal_klad_lock
                0x0000000000a2b1e0       0x5a hal/security_unified/libhal_security_unified.a(hal_klad.c.obj)
                0x0000000000a2b1e0                hal_klad_lock
 .text.hal_klad_unlock
                0x0000000000a2b23a       0x3c hal/security_unified/libhal_security_unified.a(hal_klad.c.obj)
                0x0000000000a2b23a                hal_klad_unlock
 .text.hal_klad_set_key_crypto_cfg
                0x0000000000a2b276       0x6a hal/security_unified/libhal_security_unified.a(hal_klad.c.obj)
                0x0000000000a2b276                hal_klad_set_key_crypto_cfg
 .text.hal_klad_set_key_dest_cfg
                0x0000000000a2b2e0       0x38 hal/security_unified/libhal_security_unified.a(hal_klad.c.obj)
                0x0000000000a2b2e0                hal_klad_set_key_dest_cfg
 .text.hal_klad_set_key_secure_cfg
                0x0000000000a2b318       0x52 hal/security_unified/libhal_security_unified.a(hal_klad.c.obj)
                0x0000000000a2b318                hal_klad_set_key_secure_cfg
 .text.hal_klad_set_key_addr
                0x0000000000a2b36a       0x32 hal/security_unified/libhal_security_unified.a(hal_klad.c.obj)
                0x0000000000a2b36a                hal_klad_set_key_addr
 .text.hal_klad_start_com_route
                0x0000000000a2b39c       0xc6 hal/security_unified/libhal_security_unified.a(hal_klad.c.obj)
                0x0000000000a2b39c                hal_klad_start_com_route
 .text.hal_fapc_set_region_addr
                0x0000000000a2b462       0x22 hal/security_unified/libhal_security_unified.a(hal_fapc.c.obj)
                0x0000000000a2b462                hal_fapc_set_region_addr
 .text.hal_fapc_set_region_permission
                0x0000000000a2b484        0x4 hal/security_unified/libhal_security_unified.a(hal_fapc.c.obj)
                0x0000000000a2b484                hal_fapc_set_region_permission
 .text.hal_fapc_set_region_mac_addr
                0x0000000000a2b488        0x4 hal/security_unified/libhal_security_unified.a(hal_fapc.c.obj)
                0x0000000000a2b488                hal_fapc_set_region_mac_addr
 .text.hal_fapc_set_region_mode
                0x0000000000a2b48c       0x3a hal/security_unified/libhal_security_unified.a(hal_fapc.c.obj)
                0x0000000000a2b48c                hal_fapc_set_region_mode
 .text.hal_fapc_region_enable
                0x0000000000a2b4c6        0x4 hal/security_unified/libhal_security_unified.a(hal_fapc.c.obj)
                0x0000000000a2b4c6                hal_fapc_region_enable
 .text.hal_fapc_region_lock
                0x0000000000a2b4ca       0x24 hal/security_unified/libhal_security_unified.a(hal_fapc.c.obj)
                0x0000000000a2b4ca                hal_fapc_region_lock
 .text.hal_fapc_set_region_iv
                0x0000000000a2b4ee       0x48 hal/security_unified/libhal_security_unified.a(hal_fapc.c.obj)
                0x0000000000a2b4ee                hal_fapc_set_region_iv
 .text.hal_fapc_set_region_iv_start_addr
                0x0000000000a2b536       0x1c hal/security_unified/libhal_security_unified.a(hal_fapc.c.obj)
                0x0000000000a2b536                hal_fapc_set_region_iv_start_addr
 .text.hal_tcxo_init
                0x0000000000a2b552       0x2c hal/tcxo/libhal_tcxo.a(hal_tcxo_v150.c.obj)
                0x0000000000a2b552                hal_tcxo_init
 .text.hal_tcxo_get
                0x0000000000a2b57e       0x30 hal/tcxo/libhal_tcxo.a(hal_tcxo_v150.c.obj)
                0x0000000000a2b57e                hal_tcxo_get
 .text.hal_tcxo_v150_regs_init
                0x0000000000a2b5ae       0x20 hal/tcxo/libhal_tcxo.a(hal_tcxo_v150_regs_op.c.obj)
                0x0000000000a2b5ae                hal_tcxo_v150_regs_init
 .text.hal_tcxo_reg_count_get
                0x0000000000a2b5ce        0xe hal/tcxo/libhal_tcxo.a(hal_tcxo_v150_regs_op.c.obj)
                0x0000000000a2b5ce                hal_tcxo_reg_count_get
 .text.hal_uart_register_funcs
                0x0000000000a2b5dc       0x1e hal/uart/libhal_uart.a(hal_uart.c.obj)
                0x0000000000a2b5dc                hal_uart_register_funcs
 .text.hal_uart_init
                0x0000000000a2b5fa       0x3e hal/uart/libhal_uart.a(hal_uart.c.obj)
                0x0000000000a2b5fa                hal_uart_init
 .text.hal_uart_write
                0x0000000000a2b638       0x12 hal/uart/libhal_uart.a(hal_uart.c.obj)
                0x0000000000a2b638                hal_uart_write
 .text.hal_uart_read
                0x0000000000a2b64a       0x12 hal/uart/libhal_uart.a(hal_uart.c.obj)
                0x0000000000a2b64a                hal_uart_read
 .text.hal_uart_ctrl
                0x0000000000a2b65c       0x1c hal/uart/libhal_uart.a(hal_uart.c.obj)
                0x0000000000a2b65c                hal_uart_ctrl
 .text.hal_uart_v151_ctrl_get_rxfifo_passnum
                0x0000000000a2b678       0x12 hal/uart/libhal_uart.a(hal_uart_v151.c.obj)
 .text.hal_uart_v151_get_uart_rxfifo_threshold
                0x0000000000a2b68a       0x22 hal/uart/libhal_uart.a(hal_uart_v151.c.obj)
 .text.hal_uart_v151_deinit
                0x0000000000a2b6ac       0x12 hal/uart/libhal_uart.a(hal_uart_v151.c.obj)
 .text.hal_uart_set_diven
                0x0000000000a2b6be       0x18 hal/uart/libhal_uart.a(hal_uart_v151.c.obj)
 .text.hal_uart_is_tx_fifo_full
                0x0000000000a2b6d6       0x16 hal/uart/libhal_uart.a(hal_uart_v151.c.obj)
 .text.hal_uart_is_tx_fifo_empty
                0x0000000000a2b6ec       0x18 hal/uart/libhal_uart.a(hal_uart_v151.c.obj)
 .text.hal_uart_is_busy
                0x0000000000a2b704       0x1e hal/uart/libhal_uart.a(hal_uart_v151.c.obj)
 .text.hal_uart_is_rx_fifo_empty
                0x0000000000a2b722       0x18 hal/uart/libhal_uart.a(hal_uart_v151.c.obj)
 .text.hal_uart_v151_write
                0x0000000000a2b73a       0x26 hal/uart/libhal_uart.a(hal_uart_v151.c.obj)
 .text.hal_uart_v151_read
                0x0000000000a2b760       0x28 hal/uart/libhal_uart.a(hal_uart_v151.c.obj)
 .text.hal_uart_v151_ctrl
                0x0000000000a2b788       0x1c hal/uart/libhal_uart.a(hal_uart_v151.c.obj)
 .text.hal_uart_init_fifo
                0x0000000000a2b7a4       0x3c hal/uart/libhal_uart.a(hal_uart_v151.c.obj)
                0x0000000000a2b7a4                hal_uart_init_fifo
 .text.hal_uart_v151_ctrl_set_txfifo_int_level
                0x0000000000a2b7e0       0x20 hal/uart/libhal_uart.a(hal_uart_v151.c.obj)
 .text.hal_uart_v151_ctrl_set_rxfifo_int_level
                0x0000000000a2b800       0x22 hal/uart/libhal_uart.a(hal_uart_v151.c.obj)
 .text.hal_uart_set_baud_rate
                0x0000000000a2b822       0x46 hal/uart/libhal_uart.a(hal_uart_v151.c.obj)
                0x0000000000a2b822                hal_uart_set_baud_rate
 .text.hal_uart_set_data_bits
                0x0000000000a2b868       0x1a hal/uart/libhal_uart.a(hal_uart_v151.c.obj)
                0x0000000000a2b868                hal_uart_set_data_bits
 .text.hal_uart_set_stop_bits
                0x0000000000a2b882       0x1c hal/uart/libhal_uart.a(hal_uart_v151.c.obj)
                0x0000000000a2b882                hal_uart_set_stop_bits
 .text.hal_uart_auto_flow_ctl_en
                0x0000000000a2b89e       0x1c hal/uart/libhal_uart.a(hal_uart_v151.c.obj)
                0x0000000000a2b89e                hal_uart_auto_flow_ctl_en
 .text.hal_uart_enable_interrupt
                0x0000000000a2b8ba       0x4a hal/uart/libhal_uart.a(hal_uart_v151.c.obj)
                0x0000000000a2b8ba                hal_uart_enable_interrupt
 .text.hal_uart_en_para_err_int
                0x0000000000a2b904        0xe hal/uart/libhal_uart.a(hal_uart_v151.c.obj)
 .text.hal_uart_en_idle_int
                0x0000000000a2b912        0xe hal/uart/libhal_uart.a(hal_uart_v151.c.obj)
 .text.hal_uart_en_rx_int
                0x0000000000a2b920        0xe hal/uart/libhal_uart.a(hal_uart_v151.c.obj)
 .text.hal_uart_en_tx_int
                0x0000000000a2b92e        0xe hal/uart/libhal_uart.a(hal_uart_v151.c.obj)
 .text.hal_uart_check_en
                0x0000000000a2b93c       0x1c hal/uart/libhal_uart.a(hal_uart_v151.c.obj)
                0x0000000000a2b93c                hal_uart_check_en
 .text.hal_uart_parity_en
                0x0000000000a2b958       0x1a hal/uart/libhal_uart.a(hal_uart_v151.c.obj)
                0x0000000000a2b958                hal_uart_parity_en
 .text.hal_uart_set_parity
                0x0000000000a2b972       0x26 hal/uart/libhal_uart.a(hal_uart_v151.c.obj)
                0x0000000000a2b972                hal_uart_set_parity
 .text.hal_uart_v151_ctrl_set_attr
                0x0000000000a2b998       0x30 hal/uart/libhal_uart.a(hal_uart_v151.c.obj)
 .text.hal_uart_tx_pause_en
                0x0000000000a2b9c8       0x18 hal/uart/libhal_uart.a(hal_uart_v151.c.obj)
                0x0000000000a2b9c8                hal_uart_tx_pause_en
 .text.hal_uart_v151_init
                0x0000000000a2b9e0       0x9e hal/uart/libhal_uart.a(hal_uart_v151.c.obj)
 .text.hal_uart_v151_funcs_get
                0x0000000000a2ba7e        0x8 hal/uart/libhal_uart.a(hal_uart_v151.c.obj)
                0x0000000000a2ba7e                hal_uart_v151_funcs_get
 .text.hal_watchdog_register_funcs
                0x0000000000a2ba86       0x16 hal/watchdog/libhal_watchdog.a(hal_watchdog.c.obj)
                0x0000000000a2ba86                hal_watchdog_register_funcs
 .text.hal_watchdog_unregister_funcs
                0x0000000000a2ba9c        0xe hal/watchdog/libhal_watchdog.a(hal_watchdog.c.obj)
                0x0000000000a2ba9c                hal_watchdog_unregister_funcs
 .text.hal_watchdog_get_funcs
                0x0000000000a2baaa        0xa hal/watchdog/libhal_watchdog.a(hal_watchdog.c.obj)
                0x0000000000a2baaa                hal_watchdog_get_funcs
 .text.hal_watchdog_regs_init
                0x0000000000a2bab4       0x1e hal/watchdog/libhal_watchdog.a(hal_watchdog.c.obj)
                0x0000000000a2bab4                hal_watchdog_regs_init
 .text.hal_watchdog_regs_deinit
                0x0000000000a2bad2        0xc hal/watchdog/libhal_watchdog.a(hal_watchdog.c.obj)
                0x0000000000a2bad2                hal_watchdog_regs_deinit
 .text.hal_watchdog_v151_kick
                0x0000000000a2bade       0x12 hal/watchdog/libhal_watchdog.a(hal_watchdog_v151.c.obj)
 .text.hal_watchdog_v151_get_attr
                0x0000000000a2baf0        0xa hal/watchdog/libhal_watchdog.a(hal_watchdog_v151.c.obj)
 .text.hal_register_watchdog_v151_callback
                0x0000000000a2bafa        0xa hal/watchdog/libhal_watchdog.a(hal_watchdog_v151.c.obj)
 .text.hal_watchdog_v151_deinit
                0x0000000000a2bb04        0x2 hal/watchdog/libhal_watchdog.a(hal_watchdog_v151.c.obj)
 .text.hal_watchdog_v151_init
                0x0000000000a2bb06        0x2 hal/watchdog/libhal_watchdog.a(hal_watchdog_v151.c.obj)
 .text.hal_watchdog_v151_get_left_time
                0x0000000000a2bb08       0x50 hal/watchdog/libhal_watchdog.a(hal_watchdog_v151.c.obj)
 .text.hal_watchdog_v151_clear_interrupt
                0x0000000000a2bb58       0x12 hal/watchdog/libhal_watchdog.a(hal_watchdog_v151.c.obj)
 .text.hal_watchdog_v151_disable
                0x0000000000a2bb6a       0x14 hal/watchdog/libhal_watchdog.a(hal_watchdog_v151.c.obj)
 .text.hal_watchdog_v151_set_attr
                0x0000000000a2bb7e       0x70 hal/watchdog/libhal_watchdog.a(hal_watchdog_v151.c.obj)
 .text.hal_watchdog_v151_enable
                0x0000000000a2bbee       0x3e hal/watchdog/libhal_watchdog.a(hal_watchdog_v151.c.obj)
 .text.hal_watchdog_v151_funcs_get
                0x0000000000a2bc2c        0x8 hal/watchdog/libhal_watchdog.a(hal_watchdog_v151.c.obj)
                0x0000000000a2bc2c                hal_watchdog_v151_funcs_get
 .text.hal_sfc_regs_init
                0x0000000000a2bc34       0x5a hal/sfc/libhal_sfc.a(hal_sfc.c.obj)
                0x0000000000a2bc34                hal_sfc_regs_init
 .text.hal_sfc_regs_set_cmd_addr
                0x0000000000a2bc8e       0x1e hal/sfc/libhal_sfc.a(hal_sfc_v150.c.obj)
 .text.hal_sfc_regs_wait_ready.constprop.3
                0x0000000000a2bcac       0x60 hal/sfc/libhal_sfc.a(hal_sfc_v150.c.obj)
 .text.hal_sfc_execute_type_cmd
                0x0000000000a2bd0c       0x5e hal/sfc/libhal_sfc.a(hal_sfc_v150.c.obj)
 .text.hal_sfc_write_enable
                0x0000000000a2bd6a       0x1c hal/sfc/libhal_sfc.a(hal_sfc_v150.c.obj)
 .text.hal_sfc_reg_write_once
                0x0000000000a2bd86       0x7c hal/sfc/libhal_sfc.a(hal_sfc_v150.c.obj)
 .text.hal_sfc_get_flash_id
                0x0000000000a2be02       0x44 hal/sfc/libhal_sfc.a(hal_sfc_v150.c.obj)
                0x0000000000a2be02                hal_sfc_get_flash_id
 .text.hal_sfc_init
                0x0000000000a2be46       0xe2 hal/sfc/libhal_sfc.a(hal_sfc_v150.c.obj)
                0x0000000000a2be46                hal_sfc_init
 .text.hal_sfc_reg_read
                0x0000000000a2bf28       0x8c hal/sfc/libhal_sfc.a(hal_sfc_v150.c.obj)
                0x0000000000a2bf28                hal_sfc_reg_read
 .text.hal_sfc_reg_write
                0x0000000000a2bfb4       0x60 hal/sfc/libhal_sfc.a(hal_sfc_v150.c.obj)
                0x0000000000a2bfb4                hal_sfc_reg_write
 .text.hal_sfc_reg_erase
                0x0000000000a2c014       0x32 hal/sfc/libhal_sfc.a(hal_sfc_v150.c.obj)
                0x0000000000a2c014                hal_sfc_reg_erase
 .text.hal_sfc_regs_set_opt
                0x0000000000a2c046       0x38 hal/sfc/libhal_sfc.a(hal_sfc_v150_regs_op.c.obj)
                0x0000000000a2c046                hal_sfc_regs_set_opt
 .text.hal_sfc_regs_set_opt_attr
                0x0000000000a2c07e       0x2e hal/sfc/libhal_sfc.a(hal_sfc_v150_regs_op.c.obj)
                0x0000000000a2c07e                hal_sfc_regs_set_opt_attr
 .text.hal_sfc_regs_wait_config
                0x0000000000a2c0ac       0x10 hal/sfc/libhal_sfc.a(hal_sfc_v150_regs_op.c.obj)
                0x0000000000a2c0ac                hal_sfc_regs_wait_config
 .text.hal_sfc_regs_set_bus_read
                0x0000000000a2c0bc       0x3c hal/sfc/libhal_sfc.a(hal_sfc_v150_regs_op.c.obj)
                0x0000000000a2c0bc                hal_sfc_regs_set_bus_read
 .text.hal_sfc_regs_set_bus_write
                0x0000000000a2c0f8       0x36 hal/sfc/libhal_sfc.a(hal_sfc_v150_regs_op.c.obj)
                0x0000000000a2c0f8                hal_sfc_regs_set_bus_write
 .text.pmp_enable
                0x0000000000a2c12e       0x40 drivers/chips/ws63/porting/arch/libpmp_cfg_ws63.a(pmp_cfg.c.obj)
                0x0000000000a2c12e                pmp_enable
 .text.print_str_inner
                0x0000000000a2c16e       0x48 drivers/chips/ws63/porting/uart/libuart_port.a(uart_porting.c.obj)
 .text.uart_port_register_hal_funcs
                0x0000000000a2c1b6       0x12 drivers/chips/ws63/porting/uart/libuart_port.a(uart_porting.c.obj)
                0x0000000000a2c1b6                uart_port_register_hal_funcs
 .text.uart_port_set_clock_value
                0x0000000000a2c1c8        0xa drivers/chips/ws63/porting/uart/libuart_port.a(uart_porting.c.obj)
                0x0000000000a2c1c8                uart_port_set_clock_value
 .text.uart_port_get_clock_value
                0x0000000000a2c1d2        0xa drivers/chips/ws63/porting/uart/libuart_port.a(uart_porting.c.obj)
                0x0000000000a2c1d2                uart_port_get_clock_value
 .text.uart_port_config_pinmux
                0x0000000000a2c1dc       0x10 drivers/chips/ws63/porting/uart/libuart_port.a(uart_porting.c.obj)
                0x0000000000a2c1dc                uart_port_config_pinmux
 .text.uart_port_register_irq
                0x0000000000a2c1ec        0x2 drivers/chips/ws63/porting/uart/libuart_port.a(uart_porting.c.obj)
                0x0000000000a2c1ec                uart_port_register_irq
 .text.uart_port_unregister_irq
                0x0000000000a2c1ee        0x2 drivers/chips/ws63/porting/uart/libuart_port.a(uart_porting.c.obj)
                0x0000000000a2c1ee                uart_port_unregister_irq
 .text.print_str
                0x0000000000a2c1f0       0x30 drivers/chips/ws63/porting/uart/libuart_port.a(uart_porting.c.obj)
                0x0000000000a2c1f0                print_str
 .text.uart_porting_lock
                0x0000000000a2c220        0x4 drivers/chips/ws63/porting/uart/libuart_port.a(uart_porting.c.obj)
                0x0000000000a2c220                uart_porting_lock
 .text.uart_porting_unlock
                0x0000000000a2c224        0x6 drivers/chips/ws63/porting/uart/libuart_port.a(uart_porting.c.obj)
                0x0000000000a2c224                uart_porting_unlock
 .text.hal_systick_get_count
                0x0000000000a2c22a       0x10 drivers/chips/ws63/porting/systick/libsystick_port.a(hal_systick_ws63.c.obj)
                0x0000000000a2c22a                hal_systick_get_count
 .text.systick_clock_get
                0x0000000000a2c23a        0xa drivers/chips/ws63/porting/systick/libsystick_port.a(systick_porting.c.obj)
                0x0000000000a2c23a                systick_clock_get
 .text.tcxo_porting_base_addr_get
                0x0000000000a2c244        0x8 drivers/chips/ws63/porting/tcxo/libtcxo_port.a(tcxo_porting.c.obj)
                0x0000000000a2c244                tcxo_porting_base_addr_get
 .text.tcxo_porting_ticks_per_usec_get
                0x0000000000a2c24c        0xa drivers/chips/ws63/porting/tcxo/libtcxo_port.a(tcxo_porting.c.obj)
                0x0000000000a2c24c                tcxo_porting_ticks_per_usec_get
 .text.tcxo_porting_ticks_per_usec_set
                0x0000000000a2c256        0xa drivers/chips/ws63/porting/tcxo/libtcxo_port.a(tcxo_porting.c.obj)
                0x0000000000a2c256                tcxo_porting_ticks_per_usec_set
 .text.watchdog_port_register_hal_funcs
                0x0000000000a2c260        0xc drivers/chips/ws63/porting/watchdog/libwatchdog_port.a(watchdog_porting.c.obj)
                0x0000000000a2c260                watchdog_port_register_hal_funcs
 .text.watchdog_port_unregister_hal_funcs
                0x0000000000a2c26c        0x4 drivers/chips/ws63/porting/watchdog/libwatchdog_port.a(watchdog_porting.c.obj)
                0x0000000000a2c26c                watchdog_port_unregister_hal_funcs
 .text.watchdog_port_register_irq
                0x0000000000a2c270        0x2 drivers/chips/ws63/porting/watchdog/libwatchdog_port.a(watchdog_porting.c.obj)
                0x0000000000a2c270                watchdog_port_register_irq
 .text.watchdog_port_set_clock
                0x0000000000a2c272       0x16 drivers/chips/ws63/porting/watchdog/libwatchdog_port.a(watchdog_porting.c.obj)
                0x0000000000a2c272                watchdog_port_set_clock
 .text.watchdog_port_get_clock
                0x0000000000a2c288        0xa drivers/chips/ws63/porting/watchdog/libwatchdog_port.a(watchdog_porting.c.obj)
                0x0000000000a2c288                watchdog_port_get_clock
 .text.pmp_port_register_hal_funcs
                0x0000000000a2c292        0xc drivers/chips/ws63/porting/pmp/libpmp_port.a(pmp_porting.c.obj)
                0x0000000000a2c292                pmp_port_register_hal_funcs
 .text.sfc_port_get_flash_spi_infos
                0x0000000000a2c29e        0x8 drivers/chips/ws63/porting/sfc/flash_config/libsfc_flash_config_ws63.a(flash_config_info.c.obj)
                0x0000000000a2c29e                sfc_port_get_flash_spi_infos
 .text.sfc_port_get_flash_num
                0x0000000000a2c2a6        0x4 drivers/chips/ws63/porting/sfc/flash_config/libsfc_flash_config_ws63.a(flash_config_info.c.obj)
                0x0000000000a2c2a6                sfc_port_get_flash_num
 .text.sfc_port_get_unknown_flash_info
                0x0000000000a2c2aa        0x8 drivers/chips/ws63/porting/sfc/flash_config/libsfc_flash_config_ws63.a(flash_config_info.c.obj)
                0x0000000000a2c2aa                sfc_port_get_unknown_flash_info
 .text.sfc_port_get_sfc_start_addr
                0x0000000000a2c2b2        0x6 drivers/chips/ws63/porting/sfc/porting/libsfc_port_ws63.a(sfc_porting.c.obj)
                0x0000000000a2c2b2                sfc_port_get_sfc_start_addr
 .text.sfc_port_get_sfc_end_addr
                0x0000000000a2c2b8        0x8 drivers/chips/ws63/porting/sfc/porting/libsfc_port_ws63.a(sfc_porting.c.obj)
                0x0000000000a2c2b8                sfc_port_get_sfc_end_addr
 .text.sfc_port_get_sfc_global_conf_base_addr
                0x0000000000a2c2c0        0x8 drivers/chips/ws63/porting/sfc/porting/libsfc_port_ws63.a(sfc_porting.c.obj)
                0x0000000000a2c2c0                sfc_port_get_sfc_global_conf_base_addr
 .text.sfc_port_get_sfc_bus_regs_base_addr
                0x0000000000a2c2c8        0x8 drivers/chips/ws63/porting/sfc/porting/libsfc_port_ws63.a(sfc_porting.c.obj)
                0x0000000000a2c2c8                sfc_port_get_sfc_bus_regs_base_addr
 .text.sfc_port_get_sfc_bus_dma_regs_base_addr
                0x0000000000a2c2d0        0x8 drivers/chips/ws63/porting/sfc/porting/libsfc_port_ws63.a(sfc_porting.c.obj)
                0x0000000000a2c2d0                sfc_port_get_sfc_bus_dma_regs_base_addr
 .text.sfc_port_get_sfc_cmd_regs_base_addr
                0x0000000000a2c2d8        0x8 drivers/chips/ws63/porting/sfc/porting/libsfc_port_ws63.a(sfc_porting.c.obj)
                0x0000000000a2c2d8                sfc_port_get_sfc_cmd_regs_base_addr
 .text.sfc_port_get_sfc_cmd_databuf_base_addr
                0x0000000000a2c2e0        0x8 drivers/chips/ws63/porting/sfc/porting/libsfc_port_ws63.a(sfc_porting.c.obj)
                0x0000000000a2c2e0                sfc_port_get_sfc_cmd_databuf_base_addr
 .text.sfc_port_get_delay_once_time
                0x0000000000a2c2e8        0xa drivers/chips/ws63/porting/sfc/porting/libsfc_port_ws63.a(sfc_porting.c.obj)
                0x0000000000a2c2e8                sfc_port_get_delay_once_time
 .text.sfc_port_get_delay_times
                0x0000000000a2c2f2        0xa drivers/chips/ws63/porting/sfc/porting/libsfc_port_ws63.a(sfc_porting.c.obj)
                0x0000000000a2c2f2                sfc_port_get_delay_times
 .text.sfc_port_lock_init
                0x0000000000a2c2fc        0x2 drivers/chips/ws63/porting/sfc/porting/libsfc_port_ws63.a(sfc_porting.c.obj)
                0x0000000000a2c2fc                sfc_port_lock_init
 .text.sfc_port_lock
                0x0000000000a2c2fe        0x4 drivers/chips/ws63/porting/sfc/porting/libsfc_port_ws63.a(sfc_porting.c.obj)
                0x0000000000a2c2fe                sfc_port_lock
 .text.sfc_port_unlock
                0x0000000000a2c302        0x2 drivers/chips/ws63/porting/sfc/porting/libsfc_port_ws63.a(sfc_porting.c.obj)
                0x0000000000a2c302                sfc_port_unlock
 .text.hal_sfc_regs_wait_ready.constprop.0
                0x0000000000a2c304       0x5c drivers/chips/ws63/porting/sfc/porting/libsfc_port_ws63.a(sfc_protect.c.obj)
 .text.sfc_port_write_sr
                0x0000000000a2c360       0x76 drivers/chips/ws63/porting/sfc/porting/libsfc_port_ws63.a(sfc_protect.c.obj)
                0x0000000000a2c360                sfc_port_write_sr
 .text.sfc_port_read_sr
                0x0000000000a2c3d6       0x32 drivers/chips/ws63/porting/sfc/porting/libsfc_port_ws63.a(sfc_protect.c.obj)
                0x0000000000a2c3d6                sfc_port_read_sr
 .text.sfc_port_write_lock
                0x0000000000a2c408       0x32 drivers/chips/ws63/porting/sfc/porting/libsfc_port_ws63.a(sfc_protect.c.obj)
                0x0000000000a2c408                sfc_port_write_lock
 .text.sfc_port_write_unlock
                0x0000000000a2c43a       0x1a drivers/chips/ws63/porting/sfc/porting/libsfc_port_ws63.a(sfc_protect.c.obj)
                0x0000000000a2c43a                sfc_port_write_unlock
 .text.sfc_port_fix_sr
                0x0000000000a2c454       0x24 drivers/chips/ws63/porting/sfc/porting/libsfc_port_ws63.a(sfc_protect.c.obj)
                0x0000000000a2c454                sfc_port_fix_sr
 .text.sfc_port_gd25q32_read_sr
                0x0000000000a2c478       0x82 drivers/chips/ws63/porting/sfc/porting/libsfc_port_ws63.a(sfc_protect_gd25q32.c.obj)
 .text.sfc_port_fix_sr_gd25q32
                0x0000000000a2c4fa       0x7e drivers/chips/ws63/porting/sfc/porting/libsfc_port_ws63.a(sfc_protect_gd25q32.c.obj)
                0x0000000000a2c4fa                sfc_port_fix_sr_gd25q32
 .text.build_flash_ctrl
                0x0000000000a2c578       0x52 drivers/chips/ws63/porting/sfc/driver/libsfc_boot.a(sfc.c.obj)
 .text.check_opt_param
                0x0000000000a2c5ca       0x36 drivers/chips/ws63/porting/sfc/driver/libsfc_boot.a(sfc.c.obj)
 .text.check_init_param
                0x0000000000a2c600       0x46 drivers/chips/ws63/porting/sfc/driver/libsfc_boot.a(sfc.c.obj)
 .text.uapi_sfc_init
                0x0000000000a2c646       0xaa drivers/chips/ws63/porting/sfc/driver/libsfc_boot.a(sfc.c.obj)
                0x0000000000a2c646                uapi_sfc_init
 .text.uapi_sfc_reg_read
                0x0000000000a2c6f0       0xd4 drivers/chips/ws63/porting/sfc/driver/libsfc_boot.a(sfc.c.obj)
                0x0000000000a2c6f0                uapi_sfc_reg_read
 .text.uapi_sfc_reg_write
                0x0000000000a2c7c4       0xfe drivers/chips/ws63/porting/sfc/driver/libsfc_boot.a(sfc.c.obj)
                0x0000000000a2c7c4                uapi_sfc_reg_write
 .text.uapi_sfc_reg_erase
                0x0000000000a2c8c2       0xbe drivers/chips/ws63/porting/sfc/driver/libsfc_boot.a(sfc.c.obj)
                0x0000000000a2c8c2                uapi_sfc_reg_erase
 .text.efuse_read_item.part.1
                0x0000000000a2c980       0x98 drivers/chips/ws63/porting/efuse/libefuse_port.a(efuse_porting.c.obj)
 .text.efuse_port_register_hal_funcs
                0x0000000000a2ca18        0xc drivers/chips/ws63/porting/efuse/libefuse_port.a(efuse_porting.c.obj)
                0x0000000000a2ca18                efuse_port_register_hal_funcs
 .text.hal_efuse_get_region
                0x0000000000a2ca24        0x6 drivers/chips/ws63/porting/efuse/libefuse_port.a(efuse_porting.c.obj)
                0x0000000000a2ca24                hal_efuse_get_region
 .text.hal_efuse_get_byte_offset
                0x0000000000a2ca2a        0x4 drivers/chips/ws63/porting/efuse/libefuse_port.a(efuse_porting.c.obj)
                0x0000000000a2ca2a                hal_efuse_get_byte_offset
 .text.efuse_read_item
                0x0000000000a2ca2e        0xe drivers/chips/ws63/porting/efuse/libefuse_port.a(efuse_porting.c.obj)
                0x0000000000a2ca2e                efuse_read_item
 .text.set_efuse_period
                0x0000000000a2ca3c       0x16 drivers/chips/ws63/porting/efuse/libefuse_port.a(efuse_porting.c.obj)
                0x0000000000a2ca3c                set_efuse_period
 .text.malloc_port
                0x0000000000a2ca52        0x4 drivers/chips/ws63/porting/mem/libnonos_malloc_port.a(malloc_porting.c.obj)
 .text.malloc_port_init
                0x0000000000a2ca56       0x3a drivers/chips/ws63/porting/mem/libnonos_malloc_port.a(malloc_porting.c.obj)
                0x0000000000a2ca56                malloc_port_init
 .text.reboot_port_reboot_chip
                0x0000000000a2ca90       0x22 drivers/chips/ws63/porting/reboot/libreboot_port.a(reboot_porting.c.obj)
                0x0000000000a2ca90                reboot_port_reboot_chip
 .text.get_tcxo_freq
                0x0000000000a2cab2        0xa drivers/chips/ws63/porting/soc/libsoc_port.a(soc_porting.c.obj)
                0x0000000000a2cab2                get_tcxo_freq
 .text.boot_clock_adapt
                0x0000000000a2cabc       0x44 drivers/chips/ws63/porting/soc/libsoc_port.a(soc_porting.c.obj)
                0x0000000000a2cabc                boot_clock_adapt
 .text.switch_flash_clock_to_pll
                0x0000000000a2cb00       0x2c drivers/chips/ws63/porting/soc/libsoc_port.a(soc_porting.c.obj)
                0x0000000000a2cb00                switch_flash_clock_to_pll
 .text.config_sfc_ctrl_ds
                0x0000000000a2cb2c       0x66 drivers/chips/ws63/porting/soc/libsoc_port.a(soc_porting.c.obj)
                0x0000000000a2cb2c                config_sfc_ctrl_ds
 .text.serial_set_mute
                0x0000000000a2cb92        0xc drivers/chips/ws63/boot/boot_porting/libchip_boot_port.a(serial.c.obj)
                0x0000000000a2cb92                serial_set_mute
 .text.serial_cancel_mute
                0x0000000000a2cb9e        0xc drivers/chips/ws63/boot/boot_porting/libchip_boot_port.a(serial.c.obj)
                0x0000000000a2cb9e                serial_cancel_mute
 .text.serial_putc
                0x0000000000a2cbaa       0x20 drivers/chips/ws63/boot/boot_porting/libchip_boot_port.a(serial.c.obj)
                0x0000000000a2cbaa                serial_putc
 .text.serial_puts
                0x0000000000a2cbca       0x24 drivers/chips/ws63/boot/boot_porting/libchip_boot_port.a(serial.c.obj)
                0x0000000000a2cbca                serial_puts
 .text.serial_puthex
                0x0000000000a2cbee       0x64 drivers/chips/ws63/boot/boot_porting/libchip_boot_port.a(serial.c.obj)
                0x0000000000a2cbee                serial_puthex
 .text.boot_msg0
                0x0000000000a2cc52       0x12 drivers/chips/ws63/boot/boot_porting/libchip_boot_port.a(serial.c.obj)
                0x0000000000a2cc52                boot_msg0
 .text.boot_msg1
                0x0000000000a2cc64       0x1c drivers/chips/ws63/boot/boot_porting/libchip_boot_port.a(serial.c.obj)
                0x0000000000a2cc64                boot_msg1
 .text.boot_msg2
                0x0000000000a2cc80       0x32 drivers/chips/ws63/boot/boot_porting/libchip_boot_port.a(serial.c.obj)
                0x0000000000a2cc80                boot_msg2
 .text.hiburn_uart_init
                0x0000000000a2ccb2       0x7c drivers/chips/ws63/boot/boot_porting/libchip_boot_port.a(serial.c.obj)
                0x0000000000a2ccb2                hiburn_uart_init
 .text.set_reset_count
                0x0000000000a2cd2e       0x14 drivers/chips/ws63/boot/boot_porting/libchip_boot_port.a(reset_porting.c.obj)
                0x0000000000a2cd2e                set_reset_count
 .text.update_reset_count
                0x0000000000a2cd42       0x3a drivers/chips/ws63/boot/boot_porting/libchip_boot_port.a(reset_porting.c.obj)
                0x0000000000a2cd42                update_reset_count
 .text.interrupt0_handler
                0x0000000000a2cd7c       0x40 drivers/chips/ws63/libchip_ws63.a(interrupt_handler.c.obj)
                0x0000000000a2cd7c                interrupt0_handler
 .text.interrupt1_handler
                0x0000000000a2cdbc       0x40 drivers/chips/ws63/libchip_ws63.a(interrupt_handler.c.obj)
                0x0000000000a2cdbc                interrupt1_handler
 .text.interrupt2_handler
                0x0000000000a2cdfc       0x40 drivers/chips/ws63/libchip_ws63.a(interrupt_handler.c.obj)
                0x0000000000a2cdfc                interrupt2_handler
 .text.interrupt3_handler
                0x0000000000a2ce3c       0x40 drivers/chips/ws63/libchip_ws63.a(interrupt_handler.c.obj)
                0x0000000000a2ce3c                interrupt3_handler
 .text.interrupt4_handler
                0x0000000000a2ce7c       0x40 drivers/chips/ws63/libchip_ws63.a(interrupt_handler.c.obj)
                0x0000000000a2ce7c                interrupt4_handler
 .text.interrupt5_handler
                0x0000000000a2cebc       0x40 drivers/chips/ws63/libchip_ws63.a(interrupt_handler.c.obj)
                0x0000000000a2cebc                interrupt5_handler
 .text.local_interrupt_handler
                0x0000000000a2cefc       0x50 drivers/chips/ws63/libchip_ws63.a(interrupt_handler.c.obj)
                0x0000000000a2cefc                local_interrupt_handler
 .text.interrupt_number_get
                0x0000000000a2cf4c        0xc drivers/chips/ws63/libchip_ws63.a(interrupt_handler.c.obj)
                0x0000000000a2cf4c                interrupt_number_get
 .text.isr_not_implemented
                0x0000000000a2cf58        0x2 drivers/chips/ws63/libchip_ws63.a(vectors.c.obj)
                0x0000000000a2cf58                usb_handler
                0x0000000000a2cf58                pmu_cmu_interrupt_handler
                0x0000000000a2cf58                pmu_sleep_handler
                0x0000000000a2cf58                b_wdt_handler
                0x0000000000a2cf58                i2c_2_handler
                0x0000000000a2cf58                pmu_32k_cali_handler
                0x0000000000a2cf58                hal_timer_isr
                0x0000000000a2cf58                pwm_4_handler
                0x0000000000a2cf58                irq_uarth0_handler
                0x0000000000a2cf58                qspi0_2cs_handler
                0x0000000000a2cf58                pwm_2_handler
                0x0000000000a2cf58                pwm_0_handler
                0x0000000000a2cf58                pmu_wakeup_handler
                0x0000000000a2cf58                spi_m_s_1_handler
                0x0000000000a2cf58                sec_int_handler
                0x0000000000a2cf58                spi_m_handler
                0x0000000000a2cf58                mcu_pclr_lock_handler
                0x0000000000a2cf58                qdec_handler
                0x0000000000a2cf58                eh2h_brg_int_handler
                0x0000000000a2cf58                hal_rtc_timer_isr
                0x0000000000a2cf58                mem_sub_monitor_handler
                0x0000000000a2cf58                spi_m_s_0_handler
                0x0000000000a2cf58                irq_uartl2_handler
                0x0000000000a2cf58                spi3_m_s_handler
                0x0000000000a2cf58                bt_int1_handler
                0x0000000000a2cf58                b_sub_monitor_handler
                0x0000000000a2cf58                pwm_3_handler
                0x0000000000a2cf58                irq_uartl0_handler
                0x0000000000a2cf58                i2c_0_handler
                0x0000000000a2cf58                pwm_1_handler
                0x0000000000a2cf58                pwm_5_handler
                0x0000000000a2cf58                eflash_handler
                0x0000000000a2cf58                irq_dma_handler
                0x0000000000a2cf58                i2c_1_handler
                0x0000000000a2cf58                reserve_handler
                0x0000000000a2cf58                spi4_s_handler
                0x0000000000a2cf58                bt_int0_handler
                0x0000000000a2cf58                irq_shareram_monitor_handler
                0x0000000000a2cf58                key_scan_handler
                0x0000000000a2cf58                irq_tsensor_handler
                0x0000000000a2cf58                irq_sdma_handler
                0x0000000000a2cf58                qspi1_2cs_handler
                0x0000000000a2cf58                irq_gpio_handler
 .text.isr_get_ramexceptiontable_addr
                0x0000000000a2cf5a        0x8 drivers/chips/ws63/libchip_ws63.a(vectors.c.obj)
                0x0000000000a2cf5a                isr_get_ramexceptiontable_addr
 .text.do_hard_fault_handler
                0x0000000000a2cf62       0x68 middleware/chips/ws63/exception/libdfx_exception.a(exception_riscv.c.obj)
                0x0000000000a2cf62                do_hard_fault_handler
 .text.exc_info_display.part.2
                0x0000000000a2cfca      0x226 middleware/chips/ws63/exception/libdfx_exception.a(exception_riscv.c.obj)
 .text.do_process_exception
                0x0000000000a2d1f0       0x16 middleware/chips/ws63/exception/libdfx_exception.a(exception_riscv.c.obj)
 .text.do_trap_unknown
                0x0000000000a2d206       0x16 middleware/chips/ws63/exception/libdfx_exception.a(exception_riscv.c.obj)
                0x0000000000a2d206                do_trap_unknown
 .text.do_trap_insn_misaligned
                0x0000000000a2d21c       0x16 middleware/chips/ws63/exception/libdfx_exception.a(exception_riscv.c.obj)
                0x0000000000a2d21c                do_trap_insn_misaligned
 .text.do_trap_insn_fault
                0x0000000000a2d232       0x16 middleware/chips/ws63/exception/libdfx_exception.a(exception_riscv.c.obj)
                0x0000000000a2d232                do_trap_insn_fault
 .text.do_trap_insn_illegal
                0x0000000000a2d248       0x16 middleware/chips/ws63/exception/libdfx_exception.a(exception_riscv.c.obj)
                0x0000000000a2d248                do_trap_insn_illegal
 .text.do_trap_load_misaligned
                0x0000000000a2d25e       0x16 middleware/chips/ws63/exception/libdfx_exception.a(exception_riscv.c.obj)
                0x0000000000a2d25e                do_trap_load_misaligned
 .text.do_trap_load_fault
                0x0000000000a2d274       0x16 middleware/chips/ws63/exception/libdfx_exception.a(exception_riscv.c.obj)
                0x0000000000a2d274                do_trap_load_fault
 .text.do_trap_store_misaligned
                0x0000000000a2d28a       0x16 middleware/chips/ws63/exception/libdfx_exception.a(exception_riscv.c.obj)
                0x0000000000a2d28a                do_trap_store_misaligned
 .text.do_trap_store_fault
                0x0000000000a2d2a0       0x16 middleware/chips/ws63/exception/libdfx_exception.a(exception_riscv.c.obj)
                0x0000000000a2d2a0                do_trap_store_fault
 .text.do_trap_ecall_u
                0x0000000000a2d2b6       0x16 middleware/chips/ws63/exception/libdfx_exception.a(exception_riscv.c.obj)
                0x0000000000a2d2b6                do_trap_ecall_u
 .text.do_trap_ecall_s
                0x0000000000a2d2cc       0x16 middleware/chips/ws63/exception/libdfx_exception.a(exception_riscv.c.obj)
                0x0000000000a2d2cc                do_trap_ecall_s
 .text.do_trap_ecall_m
                0x0000000000a2d2e2       0x16 middleware/chips/ws63/exception/libdfx_exception.a(exception_riscv.c.obj)
                0x0000000000a2d2e2                do_trap_ecall_m
 .text.do_trap_break
                0x0000000000a2d2f8       0x16 middleware/chips/ws63/exception/libdfx_exception.a(exception_riscv.c.obj)
                0x0000000000a2d2f8                do_trap_break
 .text.do_insn_page_fault
                0x0000000000a2d30e       0x16 middleware/chips/ws63/exception/libdfx_exception.a(exception_riscv.c.obj)
                0x0000000000a2d30e                do_insn_page_fault
 .text.do_load_page_fault
                0x0000000000a2d324       0x16 middleware/chips/ws63/exception/libdfx_exception.a(exception_riscv.c.obj)
                0x0000000000a2d324                do_load_page_fault
 .text.do_store_page_fault
                0x0000000000a2d33a       0x16 middleware/chips/ws63/exception/libdfx_exception.a(exception_riscv.c.obj)
                0x0000000000a2d33a                do_store_page_fault
 .text.do_hard_fault
                0x0000000000a2d350       0x16 middleware/chips/ws63/exception/libdfx_exception.a(exception_riscv.c.obj)
                0x0000000000a2d350                do_hard_fault
 .text.do_lockup
                0x0000000000a2d366       0x16 middleware/chips/ws63/exception/libdfx_exception.a(exception_riscv.c.obj)
                0x0000000000a2d366                do_lockup
 .text.default_handler
                0x0000000000a2d37c       0x14 middleware/chips/ws63/exception/libdfx_exception.a(exception_riscv.c.obj)
                0x0000000000a2d37c                default_handler
 .text.nmi_handler
                0x0000000000a2d390       0x14 middleware/chips/ws63/exception/libdfx_exception.a(exception_riscv.c.obj)
                0x0000000000a2d390                nmi_handler
 .text.partition_get_addr
                0x0000000000a2d3a4        0x8 middleware/chips/ws63/partition/libpartition_ws63.a(partition_porting.c.obj)
                0x0000000000a2d3a4                partition_get_addr
 .text.partition_get_path_map
                0x0000000000a2d3ac        0xc middleware/chips/ws63/partition/libpartition_ws63.a(partition_porting.c.obj)
                0x0000000000a2d3ac                partition_get_path_map
 .text.upg_progress_callbck
                0x0000000000a2d3b8       0x5e middleware/chips/ws63/update/common/libupdate_common_ws63.a(upg_common_porting.c.obj)
 .text.check_fota_msid
                0x0000000000a2d416       0x38 middleware/chips/ws63/update/common/libupdate_common_ws63.a(upg_common_porting.c.obj)
 .text.ws63_upg_putc
                0x0000000000a2d44e        0x4 middleware/chips/ws63/update/common/libupdate_common_ws63.a(upg_common_porting.c.obj)
 .text.upg_free_port
                0x0000000000a2d452       0x18 middleware/chips/ws63/update/common/libupdate_common_ws63.a(upg_common_porting.c.obj)
 .text.upg_malloc_port
                0x0000000000a2d46a       0x1c middleware/chips/ws63/update/common/libupdate_common_ws63.a(upg_common_porting.c.obj)
 .text.upg_get_ids_map
                0x0000000000a2d486        0xc middleware/chips/ws63/update/common/libupdate_common_ws63.a(upg_common_porting.c.obj)
                0x0000000000a2d486                upg_get_ids_map
 .text.upg_img_in_set
                0x0000000000a2d492       0x26 middleware/chips/ws63/update/common/libupdate_common_ws63.a(upg_common_porting.c.obj)
                0x0000000000a2d492                upg_img_in_set
 .text.upg_get_upgrade_flag_flash_start_addr
                0x0000000000a2d4b8       0x1e middleware/chips/ws63/update/common/libupdate_common_ws63.a(upg_common_porting.c.obj)
                0x0000000000a2d4b8                upg_get_upgrade_flag_flash_start_addr
 .text.upg_get_progress_status_start_addr
                0x0000000000a2d4d6       0x24 middleware/chips/ws63/update/common/libupdate_common_ws63.a(upg_common_porting.c.obj)
                0x0000000000a2d4d6                upg_get_progress_status_start_addr
 .text.upg_get_fota_partiton_area_addr
                0x0000000000a2d4fa       0x1c middleware/chips/ws63/update/common/libupdate_common_ws63.a(upg_common_porting.c.obj)
                0x0000000000a2d4fa                upg_get_fota_partiton_area_addr
 .text.upg_reboot
                0x0000000000a2d516       0x10 middleware/chips/ws63/update/common/libupdate_common_ws63.a(upg_common_porting.c.obj)
                0x0000000000a2d516                upg_reboot
 .text.upg_progress_callback_register
                0x0000000000a2d526       0x1c middleware/chips/ws63/update/common/libupdate_common_ws63.a(upg_common_porting.c.obj)
                0x0000000000a2d526                upg_progress_callback_register
 .text.upg_watchdog_kick
                0x0000000000a2d542        0x4 middleware/chips/ws63/update/common/libupdate_common_ws63.a(upg_common_porting.c.obj)
                0x0000000000a2d542                upg_watchdog_kick
 .text.upg_get_flash_base_addr
                0x0000000000a2d546        0x6 middleware/chips/ws63/update/common/libupdate_common_ws63.a(upg_common_porting.c.obj)
                0x0000000000a2d546                upg_get_flash_base_addr
 .text.upg_get_flash_size
                0x0000000000a2d54c        0x6 middleware/chips/ws63/update/common/libupdate_common_ws63.a(upg_common_porting.c.obj)
                0x0000000000a2d54c                upg_get_flash_size
 .text.upg_flash_read
                0x0000000000a2d552        0xa middleware/chips/ws63/update/common/libupdate_common_ws63.a(upg_common_porting.c.obj)
                0x0000000000a2d552                upg_flash_read
 .text.upg_flash_erase
                0x0000000000a2d55c       0xae middleware/chips/ws63/update/common/libupdate_common_ws63.a(upg_common_porting.c.obj)
                0x0000000000a2d55c                upg_flash_erase
 .text.upg_flash_write
                0x0000000000a2d60a       0x1e middleware/chips/ws63/update/common/libupdate_common_ws63.a(upg_common_porting.c.obj)
                0x0000000000a2d60a                upg_flash_write
 .text.upg_get_root_public_key
                0x0000000000a2d628       0x1e middleware/chips/ws63/update/common/libupdate_common_ws63.a(upg_common_porting.c.obj)
                0x0000000000a2d628                upg_get_root_public_key
 .text.upg_check_fota_information
                0x0000000000a2d646       0x1e middleware/chips/ws63/update/common/libupdate_common_ws63.a(upg_common_porting.c.obj)
                0x0000000000a2d646                upg_check_fota_information
 .text.ws63_upg_init
                0x0000000000a2d664       0x42 middleware/chips/ws63/update/common/libupdate_common_ws63.a(upg_common_porting.c.obj)
                0x0000000000a2d664                ws63_upg_init
 .text.upg_erase_whole_image
                0x0000000000a2d6a6       0x16 middleware/chips/ws63/update/common/libupdate_common_ws63.a(upg_common_porting.c.obj)
                0x0000000000a2d6a6                upg_erase_whole_image
 .text.upg_cryto_init
                0x0000000000a2d6bc      0x10e middleware/chips/ws63/update/local_update/libupdate_local_ws63.a(upg_encry_porting.c.obj)
                0x0000000000a2d6bc                upg_cryto_init
 .text.upg_cryto_deinit
                0x0000000000a2d7ca       0x30 middleware/chips/ws63/update/local_update/libupdate_local_ws63.a(upg_encry_porting.c.obj)
                0x0000000000a2d7ca                upg_cryto_deinit
 .text.upg_process_cryto_info
                0x0000000000a2d7fa       0x18 middleware/chips/ws63/update/local_update/libupdate_local_ws63.a(upg_encry_porting.c.obj)
                0x0000000000a2d7fa                upg_process_cryto_info
 .text.upg_decry_fota_pkt
                0x0000000000a2d812       0x40 middleware/chips/ws63/update/local_update/libupdate_local_ws63.a(upg_encry_porting.c.obj)
                0x0000000000a2d812                upg_decry_fota_pkt
 .text.upg_encry_fota_pkt
                0x0000000000a2d852       0x40 middleware/chips/ws63/update/local_update/libupdate_local_ws63.a(upg_encry_porting.c.obj)
                0x0000000000a2d852                upg_encry_fota_pkt
 .text.mfg_malloc
                0x0000000000a2d892       0x1c middleware/chips/ws63/factory/libfactory_ws63.a(factory.c.obj)
 .text.mfg_free
                0x0000000000a2d8ae       0x18 middleware/chips/ws63/factory/libfactory_ws63.a(factory.c.obj)
 .text.mfg_flash_read
                0x0000000000a2d8c6       0x44 middleware/chips/ws63/factory/libfactory_ws63.a(factory.c.obj)
                0x0000000000a2d8c6                mfg_flash_read
 .text.mfg_flash_write_info
                0x0000000000a2d90a       0xfc middleware/chips/ws63/factory/libfactory_ws63.a(factory.c.obj)
                0x0000000000a2d90a                mfg_flash_write_info
 .text.mfg_flash_write
                0x0000000000a2da06       0x44 middleware/chips/ws63/factory/libfactory_ws63.a(factory.c.obj)
                0x0000000000a2da06                mfg_flash_write
 .text.mfg_get_ftm_run_region
                0x0000000000a2da4a       0x90 middleware/chips/ws63/factory/libfactory_ws63.a(factory.c.obj)
                0x0000000000a2da4a                mfg_get_ftm_run_region
 .text.cpu_utils_set_system_status_by_cause
                0x0000000000a2dada        0x8 utils/dfx/dfx_reboot/cpu_utils/libcpu_utils.a(cpu_utils.c.obj)
                0x0000000000a2dada                cpu_utils_set_system_status_by_cause
 .text.cpu_utils_reset_chip_with_log
                0x0000000000a2dae2       0x16 utils/dfx/dfx_reboot/cpu_utils/libcpu_utils.a(cpu_utils.c.obj)
                0x0000000000a2dae2                cpu_utils_reset_chip_with_log
 .text.panic_deal
                0x0000000000a2daf8       0x84 utils/dfx/libdfx_panic.a(panic.c.obj)
                0x0000000000a2daf8                panic_deal
 .text.panic    0x0000000000a2db7c       0x26 utils/dfx/libdfx_panic.a(panic_rom.c.obj)
                0x0000000000a2db7c                panic
 .text.duplicate_preserve_mem
                0x0000000000a2dba2       0x18 utils/dfx/libdfx_preserve.a(preserve.c.obj)
 .text.set_cpu_utils_system_boot_magic
                0x0000000000a2dbba       0x50 utils/dfx/libdfx_preserve.a(preserve.c.obj)
                0x0000000000a2dbba                set_cpu_utils_system_boot_magic
 .text.set_cpu_utils_reset_cause
                0x0000000000a2dc0a       0x12 utils/dfx/libdfx_preserve.a(preserve.c.obj)
                0x0000000000a2dc0a                set_cpu_utils_reset_cause
 .text.set_update_reset_cause_on_boot
                0x0000000000a2dc1c        0xc utils/dfx/libdfx_preserve.a(preserve.c.obj)
                0x0000000000a2dc1c                set_update_reset_cause_on_boot
 .text.set_last_panic
                0x0000000000a2dc28       0x1c utils/dfx/libdfx_preserve.a(preserve.c.obj)
                0x0000000000a2dc28                set_last_panic
 .text.set_exception_info_riscv
                0x0000000000a2dc44       0x1c utils/dfx/libdfx_preserve.a(preserve.c.obj)
                0x0000000000a2dc44                set_exception_info_riscv
 .text.set_exception_info
                0x0000000000a2dc60       0x20 utils/dfx/libdfx_preserve.a(preserve.c.obj)
                0x0000000000a2dc60                set_exception_info
 .text.set_exception_stack_frame
                0x0000000000a2dc80       0x14 utils/dfx/libdfx_preserve.a(preserve.c.obj)
                0x0000000000a2dc80                set_exception_stack_frame
 .text.uapi_partition_init
                0x0000000000a2dc94       0x7e utils/partition/libpartition.a(partition.c.obj)
                0x0000000000a2dc94                uapi_partition_init
 .text.uapi_partition_get_info
                0x0000000000a2dd12       0x80 utils/partition/libpartition.a(partition.c.obj)
                0x0000000000a2dd12                uapi_partition_get_info
 .text.upg_malloc
                0x0000000000a2dd92       0x1a utils/update/common/libupdate_common.a(upg_alloc.c.obj)
                0x0000000000a2dd92                upg_malloc
 .text.upg_free
                0x0000000000a2ddac       0x30 utils/update/common/libupdate_common.a(upg_alloc.c.obj)
                0x0000000000a2ddac                upg_free
 .text.upg_get_ctx
                0x0000000000a2dddc        0x8 utils/update/common/libupdate_common.a(upg_common.c.obj)
                0x0000000000a2dddc                upg_get_ctx
 .text.upg_alloc_and_get_upgrade_flag
                0x0000000000a2dde4       0x62 utils/update/common/libupdate_common.a(upg_common.c.obj)
                0x0000000000a2dde4                upg_alloc_and_get_upgrade_flag
 .text.upg_get_image_info
                0x0000000000a2de46       0x46 utils/update/common/libupdate_common.a(upg_common.c.obj)
                0x0000000000a2de46                upg_get_image_info
 .text.upg_read_fota_pkg_data
                0x0000000000a2de8c       0x4c utils/update/common/libupdate_common.a(upg_common.c.obj)
                0x0000000000a2de8c                upg_read_fota_pkg_data
 .text.uapi_upg_get_storage_size
                0x0000000000a2ded8       0x26 utils/update/common/libupdate_common.a(upg_common.c.obj)
                0x0000000000a2ded8                uapi_upg_get_storage_size
 .text.upg_get_partition_info
                0x0000000000a2defe       0x4a utils/update/common/libupdate_common.a(upg_common.c.obj)
                0x0000000000a2defe                upg_get_partition_info
 .text.upg_get_package_header
                0x0000000000a2df48       0x22 utils/update/common/libupdate_common.a(upg_common.c.obj)
                0x0000000000a2df48                upg_get_package_header
 .text.upg_get_pkg_image_hash_table
                0x0000000000a2df6a       0x34 utils/update/common/libupdate_common.a(upg_common.c.obj)
                0x0000000000a2df6a                upg_get_pkg_image_hash_table
 .text.upg_get_pkg_image_header
                0x0000000000a2df9e       0x2e utils/update/common/libupdate_common.a(upg_common.c.obj)
                0x0000000000a2df9e                upg_get_pkg_image_header
 .text.upg_get_pkg_image_data
                0x0000000000a2dfcc       0x66 utils/update/common/libupdate_common.a(upg_common.c.obj)
                0x0000000000a2dfcc                upg_get_pkg_image_data
 .text.upg_copy_pkg_image_data
                0x0000000000a2e032       0x44 utils/update/common/libupdate_common.a(upg_common.c.obj)
                0x0000000000a2e032                upg_copy_pkg_image_data
 .text.upg_set_firmware_update_status
                0x0000000000a2e076       0xf2 utils/update/common/libupdate_common.a(upg_common.c.obj)
                0x0000000000a2e076                upg_set_firmware_update_status
 .text.upg_get_image_update_status
                0x0000000000a2e168       0x7a utils/update/common/libupdate_common.a(upg_common.c.obj)
                0x0000000000a2e168                upg_get_image_update_status
 .text.upg_flash_erase_metadata_pages
                0x0000000000a2e1e2        0x4 utils/update/common/libupdate_common.a(upg_common.c.obj)
                0x0000000000a2e1e2                upg_flash_erase_metadata_pages
 .text.upg_set_temporary_result
                0x0000000000a2e1e6        0xa utils/update/common/libupdate_common.a(upg_common.c.obj)
                0x0000000000a2e1e6                upg_set_temporary_result
 .text.upg_set_update_result
                0x0000000000a2e1f0       0x20 utils/update/common/libupdate_common.a(upg_common.c.obj)
                0x0000000000a2e1f0                upg_set_update_result
 .text.upg_check_image_update_complete
                0x0000000000a2e210       0x40 utils/update/common/libupdate_common.a(upg_common.c.obj)
                0x0000000000a2e210                upg_check_image_update_complete
 .text.upg_set_complete_flag
                0x0000000000a2e250       0xb8 utils/update/common/libupdate_common.a(upg_common.c.obj)
                0x0000000000a2e250                upg_set_complete_flag
 .text.upg_get_func_list
                0x0000000000a2e308        0xa utils/update/common/libupdate_common.a(upg_common.c.obj)
                0x0000000000a2e308                upg_get_func_list
 .text.upg_is_inited
                0x0000000000a2e312        0xa utils/update/common/libupdate_common.a(upg_common.c.obj)
                0x0000000000a2e312                upg_is_inited
 .text.uapi_upg_init
                0x0000000000a2e31c       0x9c utils/update/common/libupdate_common.a(upg_common.c.obj)
                0x0000000000a2e31c                uapi_upg_init
 .text.hash_operation.isra.1.constprop.11
                0x0000000000a2e3b8       0x20 utils/update/common/libupdate_common.a(upg_verify.c.obj)
 .text.verify_hash_cmp
                0x0000000000a2e3d8       0x1a utils/update/common/libupdate_common.a(upg_verify.c.obj)
                0x0000000000a2e3d8                verify_hash_cmp
 .text.upg_verify_hash
                0x0000000000a2e3f2       0x54 utils/update/common/libupdate_common.a(upg_verify.c.obj)
 .text.secure_authenticate
                0x0000000000a2e446       0x8c utils/update/common/libupdate_common.a(upg_verify.c.obj)
                0x0000000000a2e446                secure_authenticate
 .text.verify_fota_info.isra.4
                0x0000000000a2e4d2       0x4e utils/update/common/libupdate_common.a(upg_verify.c.obj)
 .text.uapi_upg_verify_file_head
                0x0000000000a2e520       0xda utils/update/common/libupdate_common.a(upg_verify.c.obj)
                0x0000000000a2e520                uapi_upg_verify_file_head
 .text.uapi_upg_verify_file_image
                0x0000000000a2e5fa       0x8c utils/update/common/libupdate_common.a(upg_verify.c.obj)
                0x0000000000a2e5fa                uapi_upg_verify_file_image
 .text.uapi_upg_verify_file
                0x0000000000a2e686       0xd2 utils/update/common/libupdate_common.a(upg_verify.c.obj)
                0x0000000000a2e686                uapi_upg_verify_file
 .text.uapi_upg_reset_upgrade_flag
                0x0000000000a2e758       0x76 utils/update/storage/libupdate_storage.a(upg_storage.c.obj)
                0x0000000000a2e758                uapi_upg_reset_upgrade_flag
 .text.uapi_upg_request_upgrade
                0x0000000000a2e7ce      0x102 utils/update/storage/libupdate_storage.a(upg_storage.c.obj)
                0x0000000000a2e7ce                uapi_upg_request_upgrade
 .text.upg_encry_and_write_pkt
                0x0000000000a2e8d0       0xa0 utils/update/local_update/libupdate_local.a(upg_encry.c.obj)
                0x0000000000a2e8d0                upg_encry_and_write_pkt
 .text.upg_lzma_alloc
                0x0000000000a2e970       0x1e utils/update/local_update/libupdate_local.a(upg_lzmadec.c.obj)
 .text.upg_lzma_free
                0x0000000000a2e98e        0xa utils/update/local_update/libupdate_local.a(upg_lzmadec.c.obj)
 .text.upg_lzma_init_buf
                0x0000000000a2e998       0x3c utils/update/local_update/libupdate_local.a(upg_lzmadec.c.obj)
                0x0000000000a2e998                upg_lzma_init_buf
 .text.upg_lzma_init
                0x0000000000a2e9d4       0xa2 utils/update/local_update/libupdate_local.a(upg_lzmadec.c.obj)
                0x0000000000a2e9d4                upg_lzma_init
 .text.upg_lzma_deinit
                0x0000000000a2ea76       0x44 utils/update/local_update/libupdate_local.a(upg_lzmadec.c.obj)
                0x0000000000a2ea76                upg_lzma_deinit
 .text.upg_lzma_write_image
                0x0000000000a2eaba       0x48 utils/update/local_update/libupdate_local.a(upg_lzmadec.c.obj)
                0x0000000000a2eaba                upg_lzma_write_image
 .text.upg_lzma_decode_to_midbuf
                0x0000000000a2eb02       0xbc utils/update/local_update/libupdate_local.a(upg_lzmadec.c.obj)
                0x0000000000a2eb02                upg_lzma_decode_to_midbuf
 .text.upg_lzma_decode
                0x0000000000a2ebbe       0x7c utils/update/local_update/libupdate_local.a(upg_lzmadec.c.obj)
                0x0000000000a2ebbe                upg_lzma_decode
 .text.upg_check_first_entry
                0x0000000000a2ec3a       0x3e utils/update/local_update/libupdate_local.a(upg_process.c.obj)
                0x0000000000a2ec3a                upg_check_first_entry
 .text.uapi_upg_start
                0x0000000000a2ec78      0x3f6 utils/update/local_update/libupdate_local.a(upg_process.c.obj)
                0x0000000000a2ec78                uapi_upg_start
 .text.uapi_upg_register_progress_callback
                0x0000000000a2f06e        0xe utils/update/local_update/libupdate_local.a(upg_process.c.obj)
                0x0000000000a2f06e                uapi_upg_register_progress_callback
 .text.upg_calculate_and_notify_process
                0x0000000000a2f07c       0x42 utils/update/local_update/libupdate_local.a(upg_process.c.obj)
                0x0000000000a2f07c                upg_calculate_and_notify_process
 .text.upg_write_new_image_data
                0x0000000000a2f0be       0x52 utils/update/local_update/libupdate_local.a(upg_process.c.obj)
                0x0000000000a2f0be                upg_write_new_image_data
 .text.uapi_upg_lzma_ota_image
                0x0000000000a2f110       0x88 utils/update/local_update/libupdate_local.a(upg_upgrade.c.obj)
                0x0000000000a2f110                uapi_upg_lzma_ota_image
 .text.uapi_upg_compress_image_update
                0x0000000000a2f198       0x6a utils/update/local_update/libupdate_local.a(upg_upgrade.c.obj)
                0x0000000000a2f198                uapi_upg_compress_image_update
 .text.uapi_upg_diff_image_update
                0x0000000000a2f202        0x8 utils/update/local_update/libupdate_local.a(upg_upgrade.c.obj)
                0x0000000000a2f202                uapi_upg_diff_image_update
 .text.uapi_upg_full_image_update
                0x0000000000a2f20a       0x9e utils/update/local_update/libupdate_local.a(upg_upgrade.c.obj)
                0x0000000000a2f20a                uapi_upg_full_image_update
 .text.LzmaDec_TryDummy
                0x0000000000a2f2a8      0x458 open_source/7-zip-lzma-sdk/liblzma_22.00.a(LzmaDec.c.obj)
 .text.LzmaDec_DecodeReal2
                0x0000000000a2f700      0xec0 open_source/7-zip-lzma-sdk/liblzma_22.00.a(LzmaDec.c.obj)
 .text.LzmaDec_Init
                0x0000000000a305c0       0x18 open_source/7-zip-lzma-sdk/liblzma_22.00.a(LzmaDec.c.obj)
                0x0000000000a305c0                LzmaDec_Init
 .text.LzmaDec_DecodeToDic
                0x0000000000a305d8      0x32e open_source/7-zip-lzma-sdk/liblzma_22.00.a(LzmaDec.c.obj)
                0x0000000000a305d8                LzmaDec_DecodeToDic
 .text.LzmaDec_DecodeToBuf
                0x0000000000a30906       0x94 open_source/7-zip-lzma-sdk/liblzma_22.00.a(LzmaDec.c.obj)
                0x0000000000a30906                LzmaDec_DecodeToBuf
 .text.LzmaDec_FreeProbs
                0x0000000000a3099a       0x12 open_source/7-zip-lzma-sdk/liblzma_22.00.a(LzmaDec.c.obj)
                0x0000000000a3099a                LzmaDec_FreeProbs
 .text.LzmaDec_AllocateProbs2.isra.2
                0x0000000000a309ac       0x4c open_source/7-zip-lzma-sdk/liblzma_22.00.a(LzmaDec.c.obj)
 .text.LzmaProps_Decode
                0x0000000000a309f8       0x4e open_source/7-zip-lzma-sdk/liblzma_22.00.a(LzmaDec.c.obj)
                0x0000000000a309f8                LzmaProps_Decode
 .text.LzmaDec_AllocateProbs
                0x0000000000a30a46       0x2a open_source/7-zip-lzma-sdk/liblzma_22.00.a(LzmaDec.c.obj)
                0x0000000000a30a46                LzmaDec_AllocateProbs
 .text.SecMemcpyError
                0x0000000000a30a70       0x5e open_source/libboundscheck/liblibboundscheck.a(memcpy_s.c.obj)
 .text.memcpy_s
                0x0000000000a30ace       0x38 open_source/libboundscheck/liblibboundscheck.a(memcpy_s.c.obj)
                0x0000000000a30ace                memcpy_s
 .text.memmove_s
                0x0000000000a30b06       0x44 open_source/libboundscheck/liblibboundscheck.a(memmove_s.c.obj)
                0x0000000000a30b06                memmove_s
 .text.memset_s
                0x0000000000a30b4a       0x42 open_source/libboundscheck/liblibboundscheck.a(memset_s.c.obj)
                0x0000000000a30b4a                memset_s
 .text.SecWriteMultiChar
                0x0000000000a30b8c       0x2c open_source/libboundscheck/liblibboundscheck.a(secureprintoutput_a.c.obj)
 .text.SecOutput
                0x0000000000a30bb8      0x892 open_source/libboundscheck/liblibboundscheck.a(secureprintoutput_a.c.obj)
 .text.SecVsnprintfImpl
                0x0000000000a3144a       0x42 open_source/libboundscheck/liblibboundscheck.a(secureprintoutput_a.c.obj)
                0x0000000000a3144a                SecVsnprintfImpl
 .text.vsnprintf_s
                0x0000000000a3148c       0x50 open_source/libboundscheck/liblibboundscheck.a(vsnprintf_s.c.obj)
                0x0000000000a3148c                vsnprintf_s
 *(.rodata)
 .rodata        0x0000000000a314dc        0xc hal/sfc/libhal_sfc.a(hal_sfc_v150.c.obj)
 *fill*         0x0000000000a314e8        0x8 
 .rodata        0x0000000000a314f0      0x886 drivers/chips/ws63/libchip_ws63.a(vectors.s.obj)
                0x0000000000a31540                trap_entry
                0x0000000000a3163c                trap_vector
                0x0000000000a317dc                nmi_vector
                0x0000000000a31d58                global_interrupt_lock
                0x0000000000a31d64                global_interrupt_unlock
                0x0000000000a31d70                global_interrupt_restore
 *fill*         0x0000000000a31d76        0x2 
 .rodata        0x0000000000a31d78        0x3 utils/update/common/libupdate_common.a(upg_common.c.obj)
 *fill*         0x0000000000a31d7b        0x1 
 .rodata        0x0000000000a31d7c        0x3 utils/update/local_update/libupdate_local.a(upg_process.c.obj)
 *fill*         0x0000000000a31d7f        0x1 
 .rodata        0x0000000000a31d80      0x100 /home/sueiny/fbb_ws63/src/tools/bin/compiler/riscv/cc_riscv32_musl_105/cc_riscv32_musl/bin/../lib/gcc/riscv32-linux-musl/7.3.0/libgcc.a(_clz.o)
                0x0000000000a31d80                __clz_tab
 *(.rodata*)
 .rodata.sfc_cfg
                0x0000000000a31e80        0xc bootloader/flashboot_ws63/libflashboot_common.a(main.c.obj)
                0x0000000000a31e80                sfc_cfg
 .rodata.start_fastboot.str1.4
                0x0000000000a31e8c      0x35b bootloader/flashboot_ws63/libflashboot_common.a(main.c.obj)
 *fill*         0x0000000000a321e7        0x1 
 .rodata.check_die_id.constprop.3.str1.4
                0x0000000000a321e8       0x34 bootloader/flashboot_ws63/libflashboot_common.a(secure_verify_boot.c.obj)
 .rodata.check_image_id.str1.4
                0x0000000000a3221c       0x10 bootloader/flashboot_ws63/libflashboot_common.a(secure_verify_boot.c.obj)
 .rodata.check_msid.str1.4
                0x0000000000a3222c       0x33 bootloader/flashboot_ws63/libflashboot_common.a(secure_verify_boot.c.obj)
 *fill*         0x0000000000a3225f        0x1 
 .rodata.check_verify_enable.str1.4
                0x0000000000a32260       0x24 bootloader/flashboot_ws63/libflashboot_common.a(secure_verify_boot.c.obj)
 .rodata.check_version.str1.4
                0x0000000000a32284       0x16 bootloader/flashboot_ws63/libflashboot_common.a(secure_verify_boot.c.obj)
 *fill*         0x0000000000a3229a        0x2 
 .rodata.g_verify_table
                0x0000000000a3229c       0xa8 bootloader/flashboot_ws63/libflashboot_common.a(secure_verify_boot.c.obj)
 .rodata.secure_authenticate.constprop.2.str1.4
                0x0000000000a32344       0x6b bootloader/flashboot_ws63/libflashboot_common.a(secure_verify_boot.c.obj)
 *fill*         0x0000000000a323af        0x1 
 .rodata.verify_image_body.str1.4
                0x0000000000a323b0       0x79 bootloader/flashboot_ws63/libflashboot_common.a(secure_verify_boot.c.obj)
 *fill*         0x0000000000a32429        0x3 
 .rodata.verify_image_head.str1.4
                0x0000000000a3242c      0x28d bootloader/flashboot_ws63/libflashboot_common.a(secure_verify_boot.c.obj)
 *fill*         0x0000000000a326b9        0x3 
 .rodata.g_sha256_ival
                0x0000000000a326bc       0x20 driver/security_unified/libdrv_security_unified.a(hash_romable.c.obj)
 .rodata.g_sm3_ival
                0x0000000000a326dc       0x20 driver/security_unified/libdrv_security_unified.a(hash_romable.c.obj)
 .rodata.uart_evt_callback
                0x0000000000a326fc       0x14 driver/uart/libuart.a(uart.c.obj)
 .rodata.hal_uart_enable_interrupt
                0x0000000000a32710       0x38 hal/uart/libhal_uart.a(hal_uart_v151.c.obj)
 .rodata.CSWTCH.8
                0x0000000000a32748        0x3 hal/uart/libhal_uart.a(hal_uart_v151.c.obj)
 *fill*         0x0000000000a3274b        0x1 
 .rodata.g_hal_uart_ctrl_func_array
                0x0000000000a3274c       0x54 hal/uart/libhal_uart.a(hal_uart_v151.c.obj)
 .rodata.g_uart_base_addrs
                0x0000000000a327a0        0xc drivers/chips/ws63/porting/uart/libuart_port.a(uart_porting.c.obj)
                0x0000000000a327a0                g_uart_base_addrs
 .rodata.g_default_erase_cmds
                0x0000000000a327ac        0xc drivers/chips/ws63/porting/sfc/flash_config/libsfc_flash_config_ws63.a(flash_config_info.c.obj)
 .rodata.g_default_quad_enable
                0x0000000000a327b8        0x6 drivers/chips/ws63/porting/sfc/flash_config/libsfc_flash_config_ws63.a(flash_config_info.c.obj)
 *fill*         0x0000000000a327be        0x2 
 .rodata.g_default_read_cmds
                0x0000000000a327c0        0x4 drivers/chips/ws63/porting/sfc/flash_config/libsfc_flash_config_ws63.a(flash_config_info.c.obj)
 .rodata.g_default_write_cmds
                0x0000000000a327c4        0x8 drivers/chips/ws63/porting/sfc/flash_config/libsfc_flash_config_ws63.a(flash_config_info.c.obj)
 .rodata.g_flash_common_erase_cmds
                0x0000000000a327cc       0x10 drivers/chips/ws63/porting/sfc/flash_config/libsfc_flash_config_ws63.a(flash_config_info.c.obj)
 .rodata.g_flash_common_read_cmds
                0x0000000000a327dc       0x18 drivers/chips/ws63/porting/sfc/flash_config/libsfc_flash_config_ws63.a(flash_config_info.c.obj)
 .rodata.g_flash_common_write_cmds
                0x0000000000a327f4       0x18 drivers/chips/ws63/porting/sfc/flash_config/libsfc_flash_config_ws63.a(flash_config_info.c.obj)
 .rodata.g_flash_gd_bus_enable
                0x0000000000a3280c       0x12 drivers/chips/ws63/porting/sfc/flash_config/libsfc_flash_config_ws63.a(flash_config_info.c.obj)
 *fill*         0x0000000000a3281e        0x2 
 .rodata.g_flash_spi_info_list
                0x0000000000a32820       0x1c drivers/chips/ws63/porting/sfc/flash_config/libsfc_flash_config_ws63.a(flash_config_info.c.obj)
 .rodata.g_flash_spi_unknown_info
                0x0000000000a3283c       0x1c drivers/chips/ws63/porting/sfc/flash_config/libsfc_flash_config_ws63.a(flash_config_info.c.obj)
 .rodata.sfc_port_fix_sr_gd25q32.str1.4
                0x0000000000a32858       0x25 drivers/chips/ws63/porting/sfc/porting/libsfc_port_ws63.a(sfc_protect_gd25q32.c.obj)
 *fill*         0x0000000000a3287d        0x3 
 .rodata.sfc_port_gd25q32_read_sr.str1.4
                0x0000000000a32880       0x28 drivers/chips/ws63/porting/sfc/porting/libsfc_port_ws63.a(sfc_protect_gd25q32.c.obj)
 .rodata.g_efuse_cfg
                0x0000000000a328a8       0x72 drivers/chips/ws63/porting/efuse/libefuse_port.a(efuse_porting.c.obj)
 .rodata.boot_msg0.str1.4
                0x0000000000a3291a       0x28 drivers/chips/ws63/boot/boot_porting/libchip_boot_port.a(serial.c.obj)
                                          0x3 (size before relaxing)
 *fill*         0x0000000000a3291a        0x2 
 .rodata.boot_puthex.str1.4
                0x0000000000a3291c        0x2 drivers/chips/ws63/boot/boot_porting/libchip_boot_port.a(serial.c.obj)