The target system is: Generic -  - 
The host system is: Linux - 6.6.87.2-microsoft-standard-WSL2 - x86_64
Compiling the C compiler identification source file "CMakeCCompilerId.c" succeeded.
Compiler: /home/sueiny/fbb_ws63/src/tools/bin/compiler/riscv/cc_riscv32_musl_105/cc_riscv32_musl/bin/riscv32-linux-musl-gcc 
Build flags: 
Id flags:  

The output was:
0


Compilation of the C compiler identification source "CMakeCCompilerId.c" produced "a.out"

The C compiler identification is GNU, found in "/home/sueiny/fbb_ws63/src/output/ws63/acore/ws63-loaderboot/CMakeFiles/3.16.3/CompilerIdC/a.out"

Checking whether the ASM compiler is GNU using "--version" matched "(GNU assembler)|(GCC)|(Free Software Foundation)":
riscv32-linux-musl-gcc (build ver105.010 2024-06-18) 7.3.0
Copyright (C) 2017 Free Software Foundation, Inc.
This is free software; see the source for copying conditions.  There is NO
warranty; not even for MERCHANTABILITY or FITNESS FOR A PARTICULAR PURPOSE.

Compiling the CXX compiler identification source file "CMakeCXXCompilerId.cpp" succeeded.
Compiler: /home/sueiny/fbb_ws63/src/tools/bin/compiler/riscv/cc_riscv32_musl_105/cc_riscv32_musl/bin/riscv32-linux-musl-g++ 
Build flags: 
Id flags:  

The output was:
0


Compilation of the CXX compiler identification source "CMakeCXXCompilerId.cpp" produced "a.out"

The CXX compiler identification is GNU, found in "/home/sueiny/fbb_ws63/src/output/ws63/acore/ws63-loaderboot/CMakeFiles/3.16.3/CompilerIdCXX/a.out"

Detecting C compiler ABI info compiled with the following output:
Change Dir: /home/sueiny/fbb_ws63/src/output/ws63/acore/ws63-loaderboot/CMakeFiles/CMakeTmp

Run Build Command(s):/usr/bin/make cmTC_ef1ec/fast && /usr/bin/make -f CMakeFiles/cmTC_ef1ec.dir/build.make CMakeFiles/cmTC_ef1ec.dir/build
make[1]: Entering directory '/home/sueiny/fbb_ws63/src/output/ws63/acore/ws63-loaderboot/CMakeFiles/CMakeTmp'
Building C object CMakeFiles/cmTC_ef1ec.dir/CMakeCCompilerABI.c.obj
/home/sueiny/fbb_ws63/src/tools/bin/compiler/riscv/cc_riscv32_musl_105/cc_riscv32_musl/bin/riscv32-linux-musl-gcc   -v -o CMakeFiles/cmTC_ef1ec.dir/CMakeCCompilerABI.c.obj   -c /usr/share/cmake-3.16/Modules/CMakeCCompilerABI.c
Using built-in specs.
COLLECT_GCC=/home/sueiny/fbb_ws63/src/tools/bin/compiler/riscv/cc_riscv32_musl_105/cc_riscv32_musl/bin/riscv32-linux-musl-gcc
Target: riscv32-linux-musl
Configured with: /devcloud/workspace/cc_source/build/cc_riscv32_musl/../../open_source/cc_riscv32_musl_build_src/gcc/configure --build=x86_64-pc-linux-gnu --host=x86_64-pc-linux-gnu --target=riscv32-linux-musl --with-arch=rv32imc --prefix=/devcloud/workspace/cc_source/build/cc_riscv32_musl/riscv32_elf_musl_build_dir/cc_riscv32_musl --disable-multilib --disable-__cxa_atexit --with-gnu-as --with-gnu-ld --disable-libmudflap --enable-libgomp --enable-libssp --disable-threads --enable-shared --with-abi=ilp32 --enable-poison-system-directories --enable-symvers=gnu --with-pkgversion='build ver105.010 2024-06-18' --enable-languages=c,c++ --with-headers=/devcloud/workspace/cc_source/build/cc_riscv32_musl/riscv32_elf_musl_build_dir/cc_riscv32_musl/sysroot/usr/include --with-sysroot=/devcloud/workspace/cc_source/build/cc_riscv32_musl/riscv32_elf_musl_build_dir/cc_riscv32_musl/sysroot --with-build-sysroot=/devcloud/workspace/cc_source/build/cc_riscv32_musl/riscv32_elf_musl_build_dir/cc_riscv32_musl/sysroot --with-gmp=/devcloud/workspace/cc_source/build/cc_riscv32_musl/riscv32_elf_musl_build_dir/obj/host-libs/usr --with-mpfr=/devcloud/workspace/cc_source/build/cc_riscv32_musl/riscv32_elf_musl_build_dir/obj/host-libs/usr --with-mpc=/devcloud/workspace/cc_source/build/cc_riscv32_musl/riscv32_elf_musl_build_dir/obj/host-libs/usr --with-isl=/devcloud/workspace/cc_source/build/cc_riscv32_musl/riscv32_elf_musl_build_dir/obj/host-libs/usr --with-build-time-tools=/devcloud/workspace/cc_source/build/cc_riscv32_musl/riscv32_elf_musl_build_dir/cc_riscv32_musl/riscv32-linux-musl/bin --libdir=/devcloud/workspace/cc_source/build/cc_riscv32_musl/riscv32_elf_musl_build_dir/cc_riscv32_musl/lib --disable-libitm --with-system-zlib
Thread model: single
gcc version 7.3.0 (build ver105.010 2024-06-18) 
COLLECT_GCC_OPTIONS='-v' '-o' 'CMakeFiles/cmTC_ef1ec.dir/CMakeCCompilerABI.c.obj' '-c' '-march=rv32imc' '-mabi=ilp32'
 /home/sueiny/fbb_ws63/src/tools/bin/compiler/riscv/cc_riscv32_musl_105/cc_riscv32_musl/bin/../libexec/gcc/riscv32-linux-musl/7.3.0/cc1 -quiet -v -iprefix /home/sueiny/fbb_ws63/src/tools/bin/compiler/riscv/cc_riscv32_musl_105/cc_riscv32_musl/bin/../lib/gcc/riscv32-linux-musl/7.3.0/ -isysroot /home/sueiny/fbb_ws63/src/tools/bin/compiler/riscv/cc_riscv32_musl_105/cc_riscv32_musl/bin/../sysroot /usr/share/cmake-3.16/Modules/CMakeCCompilerABI.c -quiet -dumpbase CMakeCCompilerABI.c -march=rv32imc -mabi=ilp32 -auxbase-strip CMakeFiles/cmTC_ef1ec.dir/CMakeCCompilerABI.c.obj -version -o /tmp/cc9WjEK1.s
GNU C11 (build ver105.010 2024-06-18) version 7.3.0 (riscv32-linux-musl)
	compiled by GNU C version 7.3.0, GMP version 6.2.1, MPFR version 4.1.0, MPC version 1.2.1, isl version UNKNOWN-GMP

GGC heuristics: --param ggc-min-expand=100 --param ggc-min-heapsize=131072
ignoring nonexistent directory "/home/sueiny/fbb_ws63/src/tools/bin/compiler/riscv/cc_riscv32_musl_105/cc_riscv32_musl/bin/../sysroot/usr/local/include"
ignoring duplicate directory "/home/sueiny/fbb_ws63/src/tools/bin/compiler/riscv/cc_riscv32_musl_105/cc_riscv32_musl/bin/../lib/gcc/../../lib/gcc/riscv32-linux-musl/7.3.0/../../../../riscv32-linux-musl/include"
ignoring duplicate directory "/home/sueiny/fbb_ws63/src/tools/bin/compiler/riscv/cc_riscv32_musl_105/cc_riscv32_musl/bin/../lib/gcc/../../lib/gcc/riscv32-linux-musl/7.3.0/include"
#include "..." search starts here:
#include <...> search starts here:
 /home/sueiny/fbb_ws63/src/tools/bin/compiler/riscv/cc_riscv32_musl_105/cc_riscv32_musl/bin/../lib/gcc/riscv32-linux-musl/7.3.0/../../../../riscv32-linux-musl/include
 /home/sueiny/fbb_ws63/src/tools/bin/compiler/riscv/cc_riscv32_musl_105/cc_riscv32_musl/bin/../lib/gcc/riscv32-linux-musl/7.3.0/include
 /home/sueiny/fbb_ws63/src/tools/bin/compiler/riscv/cc_riscv32_musl_105/cc_riscv32_musl/bin/../sysroot/usr/include
End of search list.
GNU C11 (build ver105.010 2024-06-18) version 7.3.0 (riscv32-linux-musl)
	compiled by GNU C version 7.3.0, GMP version 6.2.1, MPFR version 4.1.0, MPC version 1.2.1, isl version UNKNOWN-GMP

GGC heuristics: --param ggc-min-expand=100 --param ggc-min-heapsize=131072
Compiler executable checksum: 295ee0a3bf902e20e0effc95996b1580
COLLECT_GCC_OPTIONS='-v' '-o' 'CMakeFiles/cmTC_ef1ec.dir/CMakeCCompilerABI.c.obj' '-c' '-march=rv32imc' '-mabi=ilp32'
 /home/sueiny/fbb_ws63/src/tools/bin/compiler/riscv/cc_riscv32_musl_105/cc_riscv32_musl/bin/../lib/gcc/riscv32-linux-musl/7.3.0/../../../../riscv32-linux-musl/bin/as -v --traditional-format -march=rv32imc -mabi=ilp32 -o CMakeFiles/cmTC_ef1ec.dir/CMakeCCompilerABI.c.obj /tmp/cc9WjEK1.s
GNU assembler version 2.38 (riscv32-linux-musl) using BFD version (build ver105.010 2024-06-18) 2.38
COMPILER_PATH=/home/sueiny/fbb_ws63/src/tools/bin/compiler/riscv/cc_riscv32_musl_105/cc_riscv32_musl/bin/../libexec/gcc/riscv32-linux-musl/7.3.0/:/home/sueiny/fbb_ws63/src/tools/bin/compiler/riscv/cc_riscv32_musl_105/cc_riscv32_musl/bin/../libexec/gcc/:/home/sueiny/fbb_ws63/src/tools/bin/compiler/riscv/cc_riscv32_musl_105/cc_riscv32_musl/bin/../lib/gcc/riscv32-linux-musl/7.3.0/../../../../riscv32-linux-musl/bin/
LIBRARY_PATH=/home/sueiny/fbb_ws63/src/tools/bin/compiler/riscv/cc_riscv32_musl_105/cc_riscv32_musl/bin/../lib/gcc/riscv32-linux-musl/7.3.0/:/home/sueiny/fbb_ws63/src/tools/bin/compiler/riscv/cc_riscv32_musl_105/cc_riscv32_musl/bin/../lib/gcc/:/home/sueiny/fbb_ws63/src/tools/bin/compiler/riscv/cc_riscv32_musl_105/cc_riscv32_musl/bin/../lib/gcc/riscv32-linux-musl/7.3.0/../../../../riscv32-linux-musl/lib/:/home/sueiny/fbb_ws63/src/tools/bin/compiler/riscv/cc_riscv32_musl_105/cc_riscv32_musl/bin/../sysroot/usr/lib/
COLLECT_GCC_OPTIONS='-v' '-o' 'CMakeFiles/cmTC_ef1ec.dir/CMakeCCompilerABI.c.obj' '-c' '-march=rv32imc' '-mabi=ilp32'
Linking C executable cmTC_ef1ec
/usr/bin/cmake -E cmake_link_script CMakeFiles/cmTC_ef1ec.dir/link.txt --verbose=1
/home/sueiny/fbb_ws63/src/tools/bin/compiler/riscv/cc_riscv32_musl_105/cc_riscv32_musl/bin/riscv32-linux-musl-gcc     -v CMakeFiles/cmTC_ef1ec.dir/CMakeCCompilerABI.c.obj  -o cmTC_ef1ec 
Using built-in specs.
COLLECT_GCC=/home/sueiny/fbb_ws63/src/tools/bin/compiler/riscv/cc_riscv32_musl_105/cc_riscv32_musl/bin/riscv32-linux-musl-gcc
COLLECT_LTO_WRAPPER=/home/sueiny/fbb_ws63/src/tools/bin/compiler/riscv/cc_riscv32_musl_105/cc_riscv32_musl/bin/../libexec/gcc/riscv32-linux-musl/7.3.0/lto-wrapper
Target: riscv32-linux-musl
Configured with: /devcloud/workspace/cc_source/build/cc_riscv32_musl/../../open_source/cc_riscv32_musl_build_src/gcc/configure --build=x86_64-pc-linux-gnu --host=x86_64-pc-linux-gnu --target=riscv32-linux-musl --with-arch=rv32imc --prefix=/devcloud/workspace/cc_source/build/cc_riscv32_musl/riscv32_elf_musl_build_dir/cc_riscv32_musl --disable-multilib --disable-__cxa_atexit --with-gnu-as --with-gnu-ld --disable-libmudflap --enable-libgomp --enable-libssp --disable-threads --enable-shared --with-abi=ilp32 --enable-poison-system-directories --enable-symvers=gnu --with-pkgversion='build ver105.010 2024-06-18' --enable-languages=c,c++ --with-headers=/devcloud/workspace/cc_source/build/cc_riscv32_musl/riscv32_elf_musl_build_dir/cc_riscv32_musl/sysroot/usr/include --with-sysroot=/devcloud/workspace/cc_source/build/cc_riscv32_musl/riscv32_elf_musl_build_dir/cc_riscv32_musl/sysroot --with-build-sysroot=/devcloud/workspace/cc_source/build/cc_riscv32_musl/riscv32_elf_musl_build_dir/cc_riscv32_musl/sysroot --with-gmp=/devcloud/workspace/cc_source/build/cc_riscv32_musl/riscv32_elf_musl_build_dir/obj/host-libs/usr --with-mpfr=/devcloud/workspace/cc_source/build/cc_riscv32_musl/riscv32_elf_musl_build_dir/obj/host-libs/usr --with-mpc=/devcloud/workspace/cc_source/build/cc_riscv32_musl/riscv32_elf_musl_build_dir/obj/host-libs/usr --with-isl=/devcloud/workspace/cc_source/build/cc_riscv32_musl/riscv32_elf_musl_build_dir/obj/host-libs/usr --with-build-time-tools=/devcloud/workspace/cc_source/build/cc_riscv32_musl/riscv32_elf_musl_build_dir/cc_riscv32_musl/riscv32-linux-musl/bin --libdir=/devcloud/workspace/cc_source/build/cc_riscv32_musl/riscv32_elf_musl_build_dir/cc_riscv32_musl/lib --disable-libitm --with-system-zlib
Thread model: single
gcc version 7.3.0 (build ver105.010 2024-06-18) 
COMPILER_PATH=/home/sueiny/fbb_ws63/src/tools/bin/compiler/riscv/cc_riscv32_musl_105/cc_riscv32_musl/bin/../libexec/gcc/riscv32-linux-musl/7.3.0/:/home/sueiny/fbb_ws63/src/tools/bin/compiler/riscv/cc_riscv32_musl_105/cc_riscv32_musl/bin/../libexec/gcc/:/home/sueiny/fbb_ws63/src/tools/bin/compiler/riscv/cc_riscv32_musl_105/cc_riscv32_musl/bin/../lib/gcc/riscv32-linux-musl/7.3.0/../../../../riscv32-linux-musl/bin/
LIBRARY_PATH=/home/sueiny/fbb_ws63/src/tools/bin/compiler/riscv/cc_riscv32_musl_105/cc_riscv32_musl/bin/../lib/gcc/riscv32-linux-musl/7.3.0/:/home/sueiny/fbb_ws63/src/tools/bin/compiler/riscv/cc_riscv32_musl_105/cc_riscv32_musl/bin/../lib/gcc/:/home/sueiny/fbb_ws63/src/tools/bin/compiler/riscv/cc_riscv32_musl_105/cc_riscv32_musl/bin/../lib/gcc/riscv32-linux-musl/7.3.0/../../../../riscv32-linux-musl/lib/:/home/sueiny/fbb_ws63/src/tools/bin/compiler/riscv/cc_riscv32_musl_105/cc_riscv32_musl/bin/../sysroot/usr/lib/
COLLECT_GCC_OPTIONS='-v' '-o' 'cmTC_ef1ec' '-march=rv32imc' '-mabi=ilp32'
 /home/sueiny/fbb_ws63/src/tools/bin/compiler/riscv/cc_riscv32_musl_105/cc_riscv32_musl/bin/../libexec/gcc/riscv32-linux-musl/7.3.0/collect2 -plugin /home/sueiny/fbb_ws63/src/tools/bin/compiler/riscv/cc_riscv32_musl_105/cc_riscv32_musl/bin/../libexec/gcc/riscv32-linux-musl/7.3.0/liblto_plugin.so -plugin-opt=/home/sueiny/fbb_ws63/src/tools/bin/compiler/riscv/cc_riscv32_musl_105/cc_riscv32_musl/bin/../libexec/gcc/riscv32-linux-musl/7.3.0/lto-wrapper -plugin-opt=-fresolution=/tmp/ccs6rFhw.res -plugin-opt=-pass-through=-lgcc -plugin-opt=-pass-through=-lgcc_s -plugin-opt=-pass-through=-lc -plugin-opt=-pass-through=-lgcc -plugin-opt=-pass-through=-lgcc_s --sysroot=/home/sueiny/fbb_ws63/src/tools/bin/compiler/riscv/cc_riscv32_musl_105/cc_riscv32_musl/bin/../sysroot --eh-frame-hdr -melf32lriscv -dynamic-linker /lib/ld-musl-riscv32-sf.so.1 -o cmTC_ef1ec /home/sueiny/fbb_ws63/src/tools/bin/compiler/riscv/cc_riscv32_musl_105/cc_riscv32_musl/bin/../sysroot/usr/lib/crt1.o /home/sueiny/fbb_ws63/src/tools/bin/compiler/riscv/cc_riscv32_musl_105/cc_riscv32_musl/bin/../lib/gcc/riscv32-linux-musl/7.3.0/crti.o /home/sueiny/fbb_ws63/src/tools/bin/compiler/riscv/cc_riscv32_musl_105/cc_riscv32_musl/bin/../lib/gcc/riscv32-linux-musl/7.3.0/crtbegin.o -L/home/sueiny/fbb_ws63/src/tools/bin/compiler/riscv/cc_riscv32_musl_105/cc_riscv32_musl/bin/../lib/gcc/riscv32-linux-musl/7.3.0 -L/home/sueiny/fbb_ws63/src/tools/bin/compiler/riscv/cc_riscv32_musl_105/cc_riscv32_musl/bin/../lib/gcc -L/home/sueiny/fbb_ws63/src/tools/bin/compiler/riscv/cc_riscv32_musl_105/cc_riscv32_musl/bin/../lib/gcc/riscv32-linux-musl/7.3.0/../../../../riscv32-linux-musl/lib -L/home/sueiny/fbb_ws63/src/tools/bin/compiler/riscv/cc_riscv32_musl_105/cc_riscv32_musl/bin/../sysroot/usr/lib CMakeFiles/cmTC_ef1ec.dir/CMakeCCompilerABI.c.obj -lgcc --as-needed -lgcc_s --no-as-needed -lc -lgcc --as-needed -lgcc_s --no-as-needed /home/sueiny/fbb_ws63/src/tools/bin/compiler/riscv/cc_riscv32_musl_105/cc_riscv32_musl/bin/../lib/gcc/riscv32-linux-musl/7.3.0/crtend.o /home/sueiny/fbb_ws63/src/tools/bin/compiler/riscv/cc_riscv32_musl_105/cc_riscv32_musl/bin/../lib/gcc/riscv32-linux-musl/7.3.0/crtn.o
COLLECT_GCC_OPTIONS='-v' '-o' 'cmTC_ef1ec' '-march=rv32imc' '-mabi=ilp32'
make[1]: Leaving directory '/home/sueiny/fbb_ws63/src/output/ws63/acore/ws63-loaderboot/CMakeFiles/CMakeTmp'



Parsed C implicit include dir info from above output: rv=done
  found start of include info
  found start of implicit include info
    add: [/home/sueiny/fbb_ws63/src/tools/bin/compiler/riscv/cc_riscv32_musl_105/cc_riscv32_musl/bin/../lib/gcc/riscv32-linux-musl/7.3.0/../../../../riscv32-linux-musl/include]
    add: [/home/sueiny/fbb_ws63/src/tools/bin/compiler/riscv/cc_riscv32_musl_105/cc_riscv32_musl/bin/../lib/gcc/riscv32-linux-musl/7.3.0/include]
    add: [/home/sueiny/fbb_ws63/src/tools/bin/compiler/riscv/cc_riscv32_musl_105/cc_riscv32_musl/bin/../sysroot/usr/include]
  end of search list found
  collapse include dir [/home/sueiny/fbb_ws63/src/tools/bin/compiler/riscv/cc_riscv32_musl_105/cc_riscv32_musl/bin/../lib/gcc/riscv32-linux-musl/7.3.0/../../../../riscv32-linux-musl/include] ==> [/home/sueiny/fbb_ws63/src/tools/bin/compiler/riscv/cc_riscv32_musl_105/cc_riscv32_musl/riscv32-linux-musl/include]
  collapse include dir [/home/sueiny/fbb_ws63/src/tools/bin/compiler/riscv/cc_riscv32_musl_105/cc_riscv32_musl/bin/../lib/gcc/riscv32-linux-musl/7.3.0/include] ==> [/home/sueiny/fbb_ws63/src/tools/bin/compiler/riscv/cc_riscv32_musl_105/cc_riscv32_musl/lib/gcc/riscv32-linux-musl/7.3.0/include]
  collapse include dir [/home/sueiny/fbb_ws63/src/tools/bin/compiler/riscv/cc_riscv32_musl_105/cc_riscv32_musl/bin/../sysroot/usr/include] ==> [/home/sueiny/fbb_ws63/src/tools/bin/compiler/riscv/cc_riscv32_musl_105/cc_riscv32_musl/sysroot/usr/include]
  implicit include dirs: [/home/sueiny/fbb_ws63/src/tools/bin/compiler/riscv/cc_riscv32_musl_105/cc_riscv32_musl/riscv32-linux-musl/include;/home/sueiny/fbb_ws63/src/tools/bin/compiler/riscv/cc_riscv32_musl_105/cc_riscv32_musl/lib/gcc/riscv32-linux-musl/7.3.0/include;/home/sueiny/fbb_ws63/src/tools/bin/compiler/riscv/cc_riscv32_musl_105/cc_riscv32_musl/sysroot/usr/include]


Parsed C implicit link information from above output:
  link line regex: [^( *|.*[/\])(riscv32-linux-musl-ld|CMAKE_LINK_STARTFILE-NOTFOUND|([^/\]+-)?ld|collect2)[^/\]*( |$)]
  ignore line: [Change Dir: /home/sueiny/fbb_ws63/src/output/ws63/acore/ws63-loaderboot/CMakeFiles/CMakeTmp]
  ignore line: []
  ignore line: [Run Build Command(s):/usr/bin/make cmTC_ef1ec/fast && /usr/bin/make -f CMakeFiles/cmTC_ef1ec.dir/build.make CMakeFiles/cmTC_ef1ec.dir/build]
  ignore line: [make[1]: Entering directory '/home/sueiny/fbb_ws63/src/output/ws63/acore/ws63-loaderboot/CMakeFiles/CMakeTmp']
  ignore line: [Building C object CMakeFiles/cmTC_ef1ec.dir/CMakeCCompilerABI.c.obj]
  ignore line: [/home/sueiny/fbb_ws63/src/tools/bin/compiler/riscv/cc_riscv32_musl_105/cc_riscv32_musl/bin/riscv32-linux-musl-gcc   -v -o CMakeFiles/cmTC_ef1ec.dir/CMakeCCompilerABI.c.obj   -c /usr/share/cmake-3.16/Modules/CMakeCCompilerABI.c]
  ignore line: [Using built-in specs.]
  ignore line: [COLLECT_GCC=/home/sueiny/fbb_ws63/src/tools/bin/compiler/riscv/cc_riscv32_musl_105/cc_riscv32_musl/bin/riscv32-linux-musl-gcc]
  ignore line: [Target: riscv32-linux-musl]
  ignore line: [Configured with: /devcloud/workspace/cc_source/build/cc_riscv32_musl/../../open_source/cc_riscv32_musl_build_src/gcc/configure --build=x86_64-pc-linux-gnu --host=x86_64-pc-linux-gnu --target=riscv32-linux-musl --with-arch=rv32imc --prefix=/devcloud/workspace/cc_source/build/cc_riscv32_musl/riscv32_elf_musl_build_dir/cc_riscv32_musl --disable-multilib --disable-__cxa_atexit --with-gnu-as --with-gnu-ld --disable-libmudflap --enable-libgomp --enable-libssp --disable-threads --enable-shared --with-abi=ilp32 --enable-poison-system-directories --enable-symvers=gnu --with-pkgversion='build ver105.010 2024-06-18' --enable-languages=c,c++ --with-headers=/devcloud/workspace/cc_source/build/cc_riscv32_musl/riscv32_elf_musl_build_dir/cc_riscv32_musl/sysroot/usr/include --with-sysroot=/devcloud/workspace/cc_source/build/cc_riscv32_musl/riscv32_elf_musl_build_dir/cc_riscv32_musl/sysroot --with-build-sysroot=/devcloud/workspace/cc_source/build/cc_riscv32_musl/riscv32_elf_musl_build_dir/cc_riscv32_musl/sysroot --with-gmp=/devcloud/workspace/cc_source/build/cc_riscv32_musl/riscv32_elf_musl_build_dir/obj/host-libs/usr --with-mpfr=/devcloud/workspace/cc_source/build/cc_riscv32_musl/riscv32_elf_musl_build_dir/obj/host-libs/usr --with-mpc=/devcloud/workspace/cc_source/build/cc_riscv32_musl/riscv32_elf_musl_build_dir/obj/host-libs/usr --with-isl=/devcloud/workspace/cc_source/build/cc_riscv32_musl/riscv32_elf_musl_build_dir/obj/host-libs/usr --with-build-time-tools=/devcloud/workspace/cc_source/build/cc_riscv32_musl/riscv32_elf_musl_build_dir/cc_riscv32_musl/riscv32-linux-musl/bin --libdir=/devcloud/workspace/cc_source/build/cc_riscv32_musl/riscv32_elf_musl_build_dir/cc_riscv32_musl/lib --disable-libitm --with-system-zlib]
  ignore line: [Thread model: single]
  ignore line: [gcc version 7.3.0 (build ver105.010 2024-06-18) ]
  ignore line: [COLLECT_GCC_OPTIONS='-v' '-o' 'CMakeFiles/cmTC_ef1ec.dir/CMakeCCompilerABI.c.obj' '-c' '-march=rv32imc' '-mabi=ilp32']
  ignore line: [ /home/sueiny/fbb_ws63/src/tools/bin/compiler/riscv/cc_riscv32_musl_105/cc_riscv32_musl/bin/../libexec/gcc/riscv32-linux-musl/7.3.0/cc1 -quiet -v -iprefix /home/sueiny/fbb_ws63/src/tools/bin/compiler/riscv/cc_riscv32_musl_105/cc_riscv32_musl/bin/../lib/gcc/riscv32-linux-musl/7.3.0/ -isysroot /home/sueiny/fbb_ws63/src/tools/bin/compiler/riscv/cc_riscv32_musl_105/cc_riscv32_musl/bin/../sysroot /usr/share/cmake-3.16/Modules/CMakeCCompilerABI.c -quiet -dumpbase CMakeCCompilerABI.c -march=rv32imc -mabi=ilp32 -auxbase-strip CMakeFiles/cmTC_ef1ec.dir/CMakeCCompilerABI.c.obj -version -o /tmp/cc9WjEK1.s]
  ignore line: [GNU C11 (build ver105.010 2024-06-18) version 7.3.0 (riscv32-linux-musl)]
  ignore line: [	compiled by GNU C version 7.3.0  GMP version 6.2.1  MPFR version 4.1.0  MPC version 1.2.1  isl version UNKNOWN-GMP]
  ignore line: []
  ignore line: [GGC heuristics: --param ggc-min-expand=100 --param ggc-min-heapsize=131072]
  ignore line: [ignoring nonexistent directory "/home/sueiny/fbb_ws63/src/tools/bin/compiler/riscv/cc_riscv32_musl_105/cc_riscv32_musl/bin/../sysroot/usr/local/include"]
  ignore line: [ignoring duplicate directory "/home/sueiny/fbb_ws63/src/tools/bin/compiler/riscv/cc_riscv32_musl_105/cc_riscv32_musl/bin/../lib/gcc/../../lib/gcc/riscv32-linux-musl/7.3.0/../../../../riscv32-linux-musl/include"]
  ignore line: [ignoring duplicate directory "/home/sueiny/fbb_ws63/src/tools/bin/compiler/riscv/cc_riscv32_musl_105/cc_riscv32_musl/bin/../lib/gcc/../../lib/gcc/riscv32-linux-musl/7.3.0/include"]
  ignore line: [#include "..." search starts here:]
  ignore line: [#include <...> search starts here:]
  ignore line: [ /home/sueiny/fbb_ws63/src/tools/bin/compiler/riscv/cc_riscv32_musl_105/cc_riscv32_musl/bin/../lib/gcc/riscv32-linux-musl/7.3.0/../../../../riscv32-linux-musl/include]
  ignore line: [ /home/sueiny/fbb_ws63/src/tools/bin/compiler/riscv/cc_riscv32_musl_105/cc_riscv32_musl/bin/../lib/gcc/riscv32-linux-musl/7.3.0/include]
  ignore line: [ /home/sueiny/fbb_ws63/src/tools/bin/compiler/riscv/cc_riscv32_musl_105/cc_riscv32_musl/bin/../sysroot/usr/include]
  ignore line: [End of search list.]
  ignore line: [GNU C11 (build ver105.010 2024-06-18) version 7.3.0 (riscv32-linux-musl)]
  ignore line: [	compiled by GNU C version 7.3.0  GMP version 6.2.1  MPFR version 4.1.0  MPC version 1.2.1  isl version UNKNOWN-GMP]
  ignore line: []
  ignore line: [GGC heuristics: --param ggc-min-expand=100 --param ggc-min-heapsize=131072]
  ignore line: [Compiler executable checksum: 295ee0a3bf902e20e0effc95996b1580]
  ignore line: [COLLECT_GCC_OPTIONS='-v' '-o' 'CMakeFiles/cmTC_ef1ec.dir/CMakeCCompilerABI.c.obj' '-c' '-march=rv32imc' '-mabi=ilp32']
  ignore line: [ /home/sueiny/fbb_ws63/src/tools/bin/compiler/riscv/cc_riscv32_musl_105/cc_riscv32_musl/bin/../lib/gcc/riscv32-linux-musl/7.3.0/../../../../riscv32-linux-musl/bin/as -v --traditional-format -march=rv32imc -mabi=ilp32 -o CMakeFiles/cmTC_ef1ec.dir/CMakeCCompilerABI.c.obj /tmp/cc9WjEK1.s]
  ignore line: [GNU assembler version 2.38 (riscv32-linux-musl) using BFD version (build ver105.010 2024-06-18) 2.38]
  ignore line: [COMPILER_PATH=/home/sueiny/fbb_ws63/src/tools/bin/compiler/riscv/cc_riscv32_musl_105/cc_riscv32_musl/bin/../libexec/gcc/riscv32-linux-musl/7.3.0/:/home/sueiny/fbb_ws63/src/tools/bin/compiler/riscv/cc_riscv32_musl_105/cc_riscv32_musl/bin/../libexec/gcc/:/home/sueiny/fbb_ws63/src/tools/bin/compiler/riscv/cc_riscv32_musl_105/cc_riscv32_musl/bin/../lib/gcc/riscv32-linux-musl/7.3.0/../../../../riscv32-linux-musl/bin/]
  ignore line: [LIBRARY_PATH=/home/sueiny/fbb_ws63/src/tools/bin/compiler/riscv/cc_riscv32_musl_105/cc_riscv32_musl/bin/../lib/gcc/riscv32-linux-musl/7.3.0/:/home/sueiny/fbb_ws63/src/tools/bin/compiler/riscv/cc_riscv32_musl_105/cc_riscv32_musl/bin/../lib/gcc/:/home/sueiny/fbb_ws63/src/tools/bin/compiler/riscv/cc_riscv32_musl_105/cc_riscv32_musl/bin/../lib/gcc/riscv32-linux-musl/7.3.0/../../../../riscv32-linux-musl/lib/:/home/sueiny/fbb_ws63/src/tools/bin/compiler/riscv/cc_riscv32_musl_105/cc_riscv32_musl/bin/../sysroot/usr/lib/]
  ignore line: [COLLECT_GCC_OPTIONS='-v' '-o' 'CMakeFiles/cmTC_ef1ec.dir/CMakeCCompilerABI.c.obj' '-c' '-march=rv32imc' '-mabi=ilp32']
  ignore line: [Linking C executable cmTC_ef1ec]
  ignore line: [/usr/bin/cmake -E cmake_link_script CMakeFiles/cmTC_ef1ec.dir/link.txt --verbose=1]
  ignore line: [/home/sueiny/fbb_ws63/src/tools/bin/compiler/riscv/cc_riscv32_musl_105/cc_riscv32_musl/bin/riscv32-linux-musl-gcc     -v CMakeFiles/cmTC_ef1ec.dir/CMakeCCompilerABI.c.obj  -o cmTC_ef1ec ]
  ignore line: [Using built-in specs.]
  ignore line: [COLLECT_GCC=/home/sueiny/fbb_ws63/src/tools/bin/compiler/riscv/cc_riscv32_musl_105/cc_riscv32_musl/bin/riscv32-linux-musl-gcc]
  ignore line: [COLLECT_LTO_WRAPPER=/home/sueiny/fbb_ws63/src/tools/bin/compiler/riscv/cc_riscv32_musl_105/cc_riscv32_musl/bin/../libexec/gcc/riscv32-linux-musl/7.3.0/lto-wrapper]
  ignore line: [Target: riscv32-linux-musl]
  ignore line: [Configured with: /devcloud/workspace/cc_source/build/cc_riscv32_musl/../../open_source/cc_riscv32_musl_build_src/gcc/configure --build=x86_64-pc-linux-gnu --host=x86_64-pc-linux-gnu --target=riscv32-linux-musl --with-arch=rv32imc --prefix=/devcloud/workspace/cc_source/build/cc_riscv32_musl/riscv32_elf_musl_build_dir/cc_riscv32_musl --disable-multilib --disable-__cxa_atexit --with-gnu-as --with-gnu-ld --disable-libmudflap --enable-libgomp --enable-libssp --disable-threads --enable-shared --with-abi=ilp32 --enable-poison-system-directories --enable-symvers=gnu --with-pkgversion='build ver105.010 2024-06-18' --enable-languages=c,c++ --with-headers=/devcloud/workspace/cc_source/build/cc_riscv32_musl/riscv32_elf_musl_build_dir/cc_riscv32_musl/sysroot/usr/include --with-sysroot=/devcloud/workspace/cc_source/build/cc_riscv32_musl/riscv32_elf_musl_build_dir/cc_riscv32_musl/sysroot --with-build-sysroot=/devcloud/workspace/cc_source/build/cc_riscv32_musl/riscv32_elf_musl_build_dir/cc_riscv32_musl/sysroot --with-gmp=/devcloud/workspace/cc_source/build/cc_riscv32_musl/riscv32_elf_musl_build_dir/obj/host-libs/usr --with-mpfr=/devcloud/workspace/cc_source/build/cc_riscv32_musl/riscv32_elf_musl_build_dir/obj/host-libs/usr --with-mpc=/devcloud/workspace/cc_source/build/cc_riscv32_musl/riscv32_elf_musl_build_dir/obj/host-libs/usr --with-isl=/devcloud/workspace/cc_source/build/cc_riscv32_musl/riscv32_elf_musl_build_dir/obj/host-libs/usr --with-build-time-tools=/devcloud/workspace/cc_source/build/cc_riscv32_musl/riscv32_elf_musl_build_dir/cc_riscv32_musl/riscv32-linux-musl/bin --libdir=/devcloud/workspace/cc_source/build/cc_riscv32_musl/riscv32_elf_musl_build_dir/cc_riscv32_musl/lib --disable-libitm --with-system-zlib]
  ignore line: [Thread model: single]
  ignore line: [gcc version 7.3.0 (build ver105.010 2024-06-18) ]
  ignore line: [COMPILER_PATH=/home/sueiny/fbb_ws63/src/tools/bin/compiler/riscv/cc_riscv32_musl_105/cc_riscv32_musl/bin/../libexec/gcc/riscv32-linux-musl/7.3.0/:/home/sueiny/fbb_ws63/src/tools/bin/compiler/riscv/cc_riscv32_musl_105/cc_riscv32_musl/bin/../libexec/gcc/:/home/sueiny/fbb_ws63/src/tools/bin/compiler/riscv/cc_riscv32_musl_105/cc_riscv32_musl/bin/../lib/gcc/riscv32-linux-musl/7.3.0/../../../../riscv32-linux-musl/bin/]
  ignore line: [LIBRARY_PATH=/home/sueiny/fbb_ws63/src/tools/bin/compiler/riscv/cc_riscv32_musl_105/cc_riscv32_musl/bin/../lib/gcc/riscv32-linux-musl/7.3.0/:/home/sueiny/fbb_ws63/src/tools/bin/compiler/riscv/cc_riscv32_musl_105/cc_riscv32_musl/bin/../lib/gcc/:/home/sueiny/fbb_ws63/src/tools/bin/compiler/riscv/cc_riscv32_musl_105/cc_riscv32_musl/bin/../lib/gcc/riscv32-linux-musl/7.3.0/../../../../riscv32-linux-musl/lib/:/home/sueiny/fbb_ws63/src/tools/bin/compiler/riscv/cc_riscv32_musl_105/cc_riscv32_musl/bin/../sysroot/usr/lib/]
  ignore line: [COLLECT_GCC_OPTIONS='-v' '-o' 'cmTC_ef1ec' '-march=rv32imc' '-mabi=ilp32']
  link line: [ /home/sueiny/fbb_ws63/src/tools/bin/compiler/riscv/cc_riscv32_musl_105/cc_riscv32_musl/bin/../libexec/gcc/riscv32-linux-musl/7.3.0/collect2 -plugin /home/sueiny/fbb_ws63/src/tools/bin/compiler/riscv/cc_riscv32_musl_105/cc_riscv32_musl/bin/../libexec/gcc/riscv32-linux-musl/7.3.0/liblto_plugin.so -plugin-opt=/home/sueiny/fbb_ws63/src/tools/bin/compiler/riscv/cc_riscv32_musl_105/cc_riscv32_musl/bin/../libexec/gcc/riscv32-linux-musl/7.3.0/lto-wrapper -plugin-opt=-fresolution=/tmp/ccs6rFhw.res -plugin-opt=-pass-through=-lgcc -plugin-opt=-pass-through=-lgcc_s -plugin-opt=-pass-through=-lc -plugin-opt=-pass-through=-lgcc -plugin-opt=-pass-through=-lgcc_s --sysroot=/home/sueiny/fbb_ws63/src/tools/bin/compiler/riscv/cc_riscv32_musl_105/cc_riscv32_musl/bin/../sysroot --eh-frame-hdr -melf32lriscv -dynamic-linker /lib/ld-musl-riscv32-sf.so.1 -o cmTC_ef1ec /home/sueiny/fbb_ws63/src/tools/bin/compiler/riscv/cc_riscv32_musl_105/cc_riscv32_musl/bin/../sysroot/usr/lib/crt1.o /home/sueiny/fbb_ws63/src/tools/bin/compiler/riscv/cc_riscv32_musl_105/cc_riscv32_musl/bin/../lib/gcc/riscv32-linux-musl/7.3.0/crti.o /home/sueiny/fbb_ws63/src/tools/bin/compiler/riscv/cc_riscv32_musl_105/cc_riscv32_musl/bin/../lib/gcc/riscv32-linux-musl/7.3.0/crtbegin.o -L/home/sueiny/fbb_ws63/src/tools/bin/compiler/riscv/cc_riscv32_musl_105/cc_riscv32_musl/bin/../lib/gcc/riscv32-linux-musl/7.3.0 -L/home/sueiny/fbb_ws63/src/tools/bin/compiler/riscv/cc_riscv32_musl_105/cc_riscv32_musl/bin/../lib/gcc -L/home/sueiny/fbb_ws63/src/tools/bin/compiler/riscv/cc_riscv32_musl_105/cc_riscv32_musl/bin/../lib/gcc/riscv32-linux-musl/7.3.0/../../../../riscv32-linux-musl/lib -L/home/sueiny/fbb_ws63/src/tools/bin/compiler/riscv/cc_riscv32_musl_105/cc_riscv32_musl/bin/../sysroot/usr/lib CMakeFiles/cmTC_ef1ec.dir/CMakeCCompilerABI.c.obj -lgcc --as-needed -lgcc_s --no-as-needed -lc -lgcc --as-needed -lgcc_s --no-as-needed /home/sueiny/fbb_ws63/src/tools/bin/compiler/riscv/cc_riscv32_musl_105/cc_riscv32_musl/bin/../lib/gcc/riscv32-linux-musl/7.3.0/crtend.o /home/sueiny/fbb_ws63/src/tools/bin/compiler/riscv/cc_riscv32_musl_105/cc_riscv32_musl/bin/../lib/gcc/riscv32-linux-musl/7.3.0/crtn.o]
    arg [/home/sueiny/fbb_ws63/src/tools/bin/compiler/riscv/cc_riscv32_musl_105/cc_riscv32_musl/bin/../libexec/gcc/riscv32-linux-musl/7.3.0/collect2] ==> ignore
    arg [-plugin] ==> ignore
    arg [/home/sueiny/fbb_ws63/src/tools/bin/compiler/riscv/cc_riscv32_musl_105/cc_riscv32_musl/bin/../libexec/gcc/riscv32-linux-musl/7.3.0/liblto_plugin.so] ==> ignore
    arg [-plugin-opt=/home/sueiny/fbb_ws63/src/tools/bin/compiler/riscv/cc_riscv32_musl_105/cc_riscv32_musl/bin/../libexec/gcc/riscv32-linux-musl/7.3.0/lto-wrapper] ==> ignore
    arg [-plugin-opt=-fresolution=/tmp/ccs6rFhw.res] ==> ignore
    arg [-plugin-opt=-pass-through=-lgcc] ==> ignore
    arg [-plugin-opt=-pass-through=-lgcc_s] ==> ignore
    arg [-plugin-opt=-pass-through=-lc] ==> ignore
    arg [-plugin-opt=-pass-through=-lgcc] ==> ignore
    arg [-plugin-opt=-pass-through=-lgcc_s] ==> ignore
    arg [--sysroot=/home/sueiny/fbb_ws63/src/tools/bin/compiler/riscv/cc_riscv32_musl_105/cc_riscv32_musl/bin/../sysroot] ==> ignore
    arg [--eh-frame-hdr] ==> ignore
    arg [-melf32lriscv] ==> ignore
    arg [-dynamic-linker] ==> ignore
    arg [/lib/ld-musl-riscv32-sf.so.1] ==> ignore
    arg [-o] ==> ignore
    arg [cmTC_ef1ec] ==> ignore
    arg [/home/sueiny/fbb_ws63/src/tools/bin/compiler/riscv/cc_riscv32_musl_105/cc_riscv32_musl/bin/../sysroot/usr/lib/crt1.o] ==> ignore
    arg [/home/sueiny/fbb_ws63/src/tools/bin/compiler/riscv/cc_riscv32_musl_105/cc_riscv32_musl/bin/../lib/gcc/riscv32-linux-musl/7.3.0/crti.o] ==> ignore
    arg [/home/sueiny/fbb_ws63/src/tools/bin/compiler/riscv/cc_riscv32_musl_105/cc_riscv32_musl/bin/../lib/gcc/riscv32-linux-musl/7.3.0/crtbegin.o] ==> ignore
    arg [-L/home/sueiny/fbb_ws63/src/tools/bin/compiler/riscv/cc_riscv32_musl_105/cc_riscv32_musl/bin/../lib/gcc/riscv32-linux-musl/7.3.0] ==> dir [/home/sueiny/fbb_ws63/src/tools/bin/compiler/riscv/cc_riscv32_musl_105/cc_riscv32_musl/bin/../lib/gcc/riscv32-linux-musl/7.3.0]
    arg [-L/home/sueiny/fbb_ws63/src/tools/bin/compiler/riscv/cc_riscv32_musl_105/cc_riscv32_musl/bin/../lib/gcc] ==> dir [/home/sueiny/fbb_ws63/src/tools/bin/compiler/riscv/cc_riscv32_musl_105/cc_riscv32_musl/bin/../lib/gcc]
    arg [-L/home/sueiny/fbb_ws63/src/tools/bin/compiler/riscv/cc_riscv32_musl_105/cc_riscv32_musl/bin/../lib/gcc/riscv32-linux-musl/7.3.0/../../../../riscv32-linux-musl/lib] ==> dir [/home/sueiny/fbb_ws63/src/tools/bin/compiler/riscv/cc_riscv32_musl_105/cc_riscv32_musl/bin/../lib/gcc/riscv32-linux-musl/7.3.0/../../../../riscv32-linux-musl/lib]
    arg [-L/home/sueiny/fbb_ws63/src/tools/bin/compiler/riscv/cc_riscv32_musl_105/cc_riscv32_musl/bin/../sysroot/usr/lib] ==> dir [/home/sueiny/fbb_ws63/src/tools/bin/compiler/riscv/cc_riscv32_musl_105/cc_riscv32_musl/bin/../sysroot/usr/lib]
    arg [CMakeFiles/cmTC_ef1ec.dir/CMakeCCompilerABI.c.obj] ==> ignore
    arg [-lgcc] ==> lib [gcc]
    arg [--as-needed] ==> ignore
    arg [-lgcc_s] ==> lib [gcc_s]
    arg [--no-as-needed] ==> ignore
    arg [-lc] ==> lib [c]
    arg [-lgcc] ==> lib [gcc]
    arg [--as-needed] ==> ignore
    arg [-lgcc_s] ==> lib [gcc_s]
    arg [--no-as-needed] ==> ignore
    arg [/home/sueiny/fbb_ws63/src/tools/bin/compiler/riscv/cc_riscv32_musl_105/cc_riscv32_musl/bin/../lib/gcc/riscv32-linux-musl/7.3.0/crtend.o] ==> ignore
    arg [/home/sueiny/fbb_ws63/src/tools/bin/compiler/riscv/cc_riscv32_musl_105/cc_riscv32_musl/bin/../lib/gcc/riscv32-linux-musl/7.3.0/crtn.o] ==> ignore
  collapse library dir [/home/sueiny/fbb_ws63/src/tools/bin/compiler/riscv/cc_riscv32_musl_105/cc_riscv32_musl/bin/../lib/gcc/riscv32-linux-musl/7.3.0] ==> [/home/sueiny/fbb_ws63/src/tools/bin/compiler/riscv/cc_riscv32_musl_105/cc_riscv32_musl/lib/gcc/riscv32-linux-musl/7.3.0]
  collapse library dir [/home/sueiny/fbb_ws63/src/tools/bin/compiler/riscv/cc_riscv32_musl_105/cc_riscv32_musl/bin/../lib/gcc] ==> [/home/sueiny/fbb_ws63/src/tools/bin/compiler/riscv/cc_riscv32_musl_105/cc_riscv32_musl/lib/gcc]
  collapse library dir [/home/sueiny/fbb_ws63/src/tools/bin/compiler/riscv/cc_riscv32_musl_105/cc_riscv32_musl/bin/../lib/gcc/riscv32-linux-musl/7.3.0/../../../../riscv32-linux-musl/lib] ==> [/home/sueiny/fbb_ws63/src/tools/bin/compiler/riscv/cc_riscv32_musl_105/cc_riscv32_musl/riscv32-linux-musl/lib]
  collapse library dir [/home/sueiny/fbb_ws63/src/tools/bin/compiler/riscv/cc_riscv32_musl_105/cc_riscv32_musl/bin/../sysroot/usr/lib] ==> [/home/sueiny/fbb_ws63/src/tools/bin/compiler/riscv/cc_riscv32_musl_105/cc_riscv32_musl/sysroot/usr/lib]
  implicit libs: [gcc;gcc_s;c;gcc;gcc_s]
  implicit dirs: [/home/sueiny/fbb_ws63/src/tools/bin/compiler/riscv/cc_riscv32_musl_105/cc_riscv32_musl/lib/gcc/riscv32-linux-musl/7.3.0;/home/sueiny/fbb_ws63/src/tools/bin/compiler/riscv/cc_riscv32_musl_105/cc_riscv32_musl/lib/gcc;/home/sueiny/fbb_ws63/src/tools/bin/compiler/riscv/cc_riscv32_musl_105/cc_riscv32_musl/riscv32-linux-musl/lib;/home/sueiny/fbb_ws63/src/tools/bin/compiler/riscv/cc_riscv32_musl_105/cc_riscv32_musl/sysroot/usr/lib]
  implicit fwks: []


Detecting CXX compiler ABI info compiled with the following output:
Change Dir: /home/sueiny/fbb_ws63/src/output/ws63/acore/ws63-loaderboot/CMakeFiles/CMakeTmp

Run Build Command(s):/usr/bin/make cmTC_e4669/fast && /usr/bin/make -f CMakeFiles/cmTC_e4669.dir/build.make CMakeFiles/cmTC_e4669.dir/build
make[1]: Entering directory '/home/sueiny/fbb_ws63/src/output/ws63/acore/ws63-loaderboot/CMakeFiles/CMakeTmp'
Building CXX object CMakeFiles/cmTC_e4669.dir/CMakeCXXCompilerABI.cpp.obj
/home/sueiny/fbb_ws63/src/tools/bin/compiler/riscv/cc_riscv32_musl_105/cc_riscv32_musl/bin/riscv32-linux-musl-g++    -v -o CMakeFiles/cmTC_e4669.dir/CMakeCXXCompilerABI.cpp.obj -c /usr/share/cmake-3.16/Modules/CMakeCXXCompilerABI.cpp
Using built-in specs.
COLLECT_GCC=/home/sueiny/fbb_ws63/src/tools/bin/compiler/riscv/cc_riscv32_musl_105/cc_riscv32_musl/bin/riscv32-linux-musl-g++
Target: riscv32-linux-musl
Configured with: /devcloud/workspace/cc_source/build/cc_riscv32_musl/../../open_source/cc_riscv32_musl_build_src/gcc/configure --build=x86_64-pc-linux-gnu --host=x86_64-pc-linux-gnu --target=riscv32-linux-musl --with-arch=rv32imc --prefix=/devcloud/workspace/cc_source/build/cc_riscv32_musl/riscv32_elf_musl_build_dir/cc_riscv32_musl --disable-multilib --disable-__cxa_atexit --with-gnu-as --with-gnu-ld --disable-libmudflap --enable-libgomp --enable-libssp --disable-threads --enable-shared --with-abi=ilp32 --enable-poison-system-directories --enable-symvers=gnu --with-pkgversion='build ver105.010 2024-06-18' --enable-languages=c,c++ --with-headers=/devcloud/workspace/cc_source/build/cc_riscv32_musl/riscv32_elf_musl_build_dir/cc_riscv32_musl/sysroot/usr/include --with-sysroot=/devcloud/workspace/cc_source/build/cc_riscv32_musl/riscv32_elf_musl_build_dir/cc_riscv32_musl/sysroot --with-build-sysroot=/devcloud/workspace/cc_source/build/cc_riscv32_musl/riscv32_elf_musl_build_dir/cc_riscv32_musl/sysroot --with-gmp=/devcloud/workspace/cc_source/build/cc_riscv32_musl/riscv32_elf_musl_build_dir/obj/host-libs/usr --with-mpfr=/devcloud/workspace/cc_source/build/cc_riscv32_musl/riscv32_elf_musl_build_dir/obj/host-libs/usr --with-mpc=/devcloud/workspace/cc_source/build/cc_riscv32_musl/riscv32_elf_musl_build_dir/obj/host-libs/usr --with-isl=/devcloud/workspace/cc_source/build/cc_riscv32_musl/riscv32_elf_musl_build_dir/obj/host-libs/usr --with-build-time-tools=/devcloud/workspace/cc_source/build/cc_riscv32_musl/riscv32_elf_musl_build_dir/cc_riscv32_musl/riscv32-linux-musl/bin --libdir=/devcloud/workspace/cc_source/build/cc_riscv32_musl/riscv32_elf_musl_build_dir/cc_riscv32_musl/lib --disable-libitm --with-system-zlib
Thread model: single
gcc version 7.3.0 (build ver105.010 2024-06-18) 
COLLECT_GCC_OPTIONS='-v' '-o' 'CMakeFiles/cmTC_e4669.dir/CMakeCXXCompilerABI.cpp.obj' '-c' '-shared-libgcc' '-march=rv32imc' '-mabi=ilp32'
 /home/sueiny/fbb_ws63/src/tools/bin/compiler/riscv/cc_riscv32_musl_105/cc_riscv32_musl/bin/../libexec/gcc/riscv32-linux-musl/7.3.0/cc1plus -quiet -v -iprefix /home/sueiny/fbb_ws63/src/tools/bin/compiler/riscv/cc_riscv32_musl_105/cc_riscv32_musl/bin/../lib/gcc/riscv32-linux-musl/7.3.0/ -isysroot /home/sueiny/fbb_ws63/src/tools/bin/compiler/riscv/cc_riscv32_musl_105/cc_riscv32_musl/bin/../sysroot -D_GNU_SOURCE /usr/share/cmake-3.16/Modules/CMakeCXXCompilerABI.cpp -quiet -dumpbase CMakeCXXCompilerABI.cpp -march=rv32imc -mabi=ilp32 -auxbase-strip CMakeFiles/cmTC_e4669.dir/CMakeCXXCompilerABI.cpp.obj -version -o /tmp/cc6thAJ1.s
GNU C++14 (build ver105.010 2024-06-18) version 7.3.0 (riscv32-linux-musl)
	compiled by GNU C version 7.3.0, GMP version 6.2.1, MPFR version 4.1.0, MPC version 1.2.1, isl version UNKNOWN-GMP

GGC heuristics: --param ggc-min-expand=100 --param ggc-min-heapsize=131072
ignoring duplicate directory "/home/sueiny/fbb_ws63/src/tools/bin/compiler/riscv/cc_riscv32_musl_105/cc_riscv32_musl/bin/../lib/gcc/../../lib/gcc/riscv32-linux-musl/7.3.0/../../../../riscv32-linux-musl/include/c++/7.3.0"
ignoring duplicate directory "/home/sueiny/fbb_ws63/src/tools/bin/compiler/riscv/cc_riscv32_musl_105/cc_riscv32_musl/bin/../lib/gcc/../../lib/gcc/riscv32-linux-musl/7.3.0/../../../../riscv32-linux-musl/include/c++/7.3.0/riscv32-linux-musl"
ignoring duplicate directory "/home/sueiny/fbb_ws63/src/tools/bin/compiler/riscv/cc_riscv32_musl_105/cc_riscv32_musl/bin/../lib/gcc/../../lib/gcc/riscv32-linux-musl/7.3.0/../../../../riscv32-linux-musl/include/c++/7.3.0/backward"
ignoring nonexistent directory "/home/sueiny/fbb_ws63/src/tools/bin/compiler/riscv/cc_riscv32_musl_105/cc_riscv32_musl/bin/../sysroot/usr/local/include"
ignoring duplicate directory "/home/sueiny/fbb_ws63/src/tools/bin/compiler/riscv/cc_riscv32_musl_105/cc_riscv32_musl/bin/../lib/gcc/../../lib/gcc/riscv32-linux-musl/7.3.0/../../../../riscv32-linux-musl/include"
ignoring duplicate directory "/home/sueiny/fbb_ws63/src/tools/bin/compiler/riscv/cc_riscv32_musl_105/cc_riscv32_musl/bin/../lib/gcc/../../lib/gcc/riscv32-linux-musl/7.3.0/include"
#include "..." search starts here:
#include <...> search starts here:
 /home/sueiny/fbb_ws63/src/tools/bin/compiler/riscv/cc_riscv32_musl_105/cc_riscv32_musl/bin/../lib/gcc/riscv32-linux-musl/7.3.0/../../../../riscv32-linux-musl/include/c++/7.3.0
 /home/sueiny/fbb_ws63/src/tools/bin/compiler/riscv/cc_riscv32_musl_105/cc_riscv32_musl/bin/../lib/gcc/riscv32-linux-musl/7.3.0/../../../../riscv32-linux-musl/include/c++/7.3.0/riscv32-linux-musl
 /home/sueiny/fbb_ws63/src/tools/bin/compiler/riscv/cc_riscv32_musl_105/cc_riscv32_musl/bin/../lib/gcc/riscv32-linux-musl/7.3.0/../../../../riscv32-linux-musl/include/c++/7.3.0/backward
 /home/sueiny/fbb_ws63/src/tools/bin/compiler/riscv/cc_riscv32_musl_105/cc_riscv32_musl/bin/../lib/gcc/riscv32-linux-musl/7.3.0/../../../../riscv32-linux-musl/include
 /home/sueiny/fbb_ws63/src/tools/bin/compiler/riscv/cc_riscv32_musl_105/cc_riscv32_musl/bin/../lib/gcc/riscv32-linux-musl/7.3.0/include
 /home/sueiny/fbb_ws63/src/tools/bin/compiler/riscv/cc_riscv32_musl_105/cc_riscv32_musl/bin/../sysroot/usr/include
End of search list.
GNU C++14 (build ver105.010 2024-06-18) version 7.3.0 (riscv32-linux-musl)
	compiled by GNU C version 7.3.0, GMP version 6.2.1, MPFR version 4.1.0, MPC version 1.2.1, isl version UNKNOWN-GMP

GGC heuristics: --param ggc-min-expand=100 --param ggc-min-heapsize=131072
Compiler executable checksum: 299c6f395577aa2cbc0e9f84ea28fb1a
COLLECT_GCC_OPTIONS='-v' '-o' 'CMakeFiles/cmTC_e4669.dir/CMakeCXXCompilerABI.cpp.obj' '-c' '-shared-libgcc' '-march=rv32imc' '-mabi=ilp32'
 /home/sueiny/fbb_ws63/src/tools/bin/compiler/riscv/cc_riscv32_musl_105/cc_riscv32_musl/bin/../lib/gcc/riscv32-linux-musl/7.3.0/../../../../riscv32-linux-musl/bin/as -v --traditional-format -march=rv32imc -mabi=ilp32 -o CMakeFiles/cmTC_e4669.dir/CMakeCXXCompilerABI.cpp.obj /tmp/cc6thAJ1.s
GNU assembler version 2.38 (riscv32-linux-musl) using BFD version (build ver105.010 2024-06-18) 2.38
COMPILER_PATH=/home/sueiny/fbb_ws63/src/tools/bin/compiler/riscv/cc_riscv32_musl_105/cc_riscv32_musl/bin/../libexec/gcc/riscv32-linux-musl/7.3.0/:/home/sueiny/fbb_ws63/src/tools/bin/compiler/riscv/cc_riscv32_musl_105/cc_riscv32_musl/bin/../libexec/gcc/:/home/sueiny/fbb_ws63/src/tools/bin/compiler/riscv/cc_riscv32_musl_105/cc_riscv32_musl/bin/../lib/gcc/riscv32-linux-musl/7.3.0/../../../../riscv32-linux-musl/bin/
LIBRARY_PATH=/home/sueiny/fbb_ws63/src/tools/bin/compiler/riscv/cc_riscv32_musl_105/cc_riscv32_musl/bin/../lib/gcc/riscv32-linux-musl/7.3.0/:/home/sueiny/fbb_ws63/src/tools/bin/compiler/riscv/cc_riscv32_musl_105/cc_riscv32_musl/bin/../lib/gcc/:/home/sueiny/fbb_ws63/src/tools/bin/compiler/riscv/cc_riscv32_musl_105/cc_riscv32_musl/bin/../lib/gcc/riscv32-linux-musl/7.3.0/../../../../riscv32-linux-musl/lib/:/home/sueiny/fbb_ws63/src/tools/bin/compiler/riscv/cc_riscv32_musl_105/cc_riscv32_musl/bin/../sysroot/usr/lib/
COLLECT_GCC_OPTIONS='-v' '-o' 'CMakeFiles/cmTC_e4669.dir/CMakeCXXCompilerABI.cpp.obj' '-c' '-shared-libgcc' '-march=rv32imc' '-mabi=ilp32'
Linking CXX executable cmTC_e4669
/usr/bin/cmake -E cmake_link_script CMakeFiles/cmTC_e4669.dir/link.txt --verbose=1
/home/sueiny/fbb_ws63/src/tools/bin/compiler/riscv/cc_riscv32_musl_105/cc_riscv32_musl/bin/riscv32-linux-musl-g++      -v CMakeFiles/cmTC_e4669.dir/CMakeCXXCompilerABI.cpp.obj  -o cmTC_e4669 
Using built-in specs.
COLLECT_GCC=/home/sueiny/fbb_ws63/src/tools/bin/compiler/riscv/cc_riscv32_musl_105/cc_riscv32_musl/bin/riscv32-linux-musl-g++
COLLECT_LTO_WRAPPER=/home/sueiny/fbb_ws63/src/tools/bin/compiler/riscv/cc_riscv32_musl_105/cc_riscv32_musl/bin/../libexec/gcc/riscv32-linux-musl/7.3.0/lto-wrapper
Target: riscv32-linux-musl
Configured with: /devcloud/workspace/cc_source/build/cc_riscv32_musl/../../open_source/cc_riscv32_musl_build_src/gcc/configure --build=x86_64-pc-linux-gnu --host=x86_64-pc-linux-gnu --target=riscv32-linux-musl --with-arch=rv32imc --prefix=/devcloud/workspace/cc_source/build/cc_riscv32_musl/riscv32_elf_musl_build_dir/cc_riscv32_musl --disable-multilib --disable-__cxa_atexit --with-gnu-as --with-gnu-ld --disable-libmudflap --enable-libgomp --enable-libssp --disable-threads --enable-shared --with-abi=ilp32 --enable-poison-system-directories --enable-symvers=gnu --with-pkgversion='build ver105.010 2024-06-18' --enable-languages=c,c++ --with-headers=/devcloud/workspace/cc_source/build/cc_riscv32_musl/riscv32_elf_musl_build_dir/cc_riscv32_musl/sysroot/usr/include --with-sysroot=/devcloud/workspace/cc_source/build/cc_riscv32_musl/riscv32_elf_musl_build_dir/cc_riscv32_musl/sysroot --with-build-sysroot=/devcloud/workspace/cc_source/build/cc_riscv32_musl/riscv32_elf_musl_build_dir/cc_riscv32_musl/sysroot --with-gmp=/devcloud/workspace/cc_source/build/cc_riscv32_musl/riscv32_elf_musl_build_dir/obj/host-libs/usr --with-mpfr=/devcloud/workspace/cc_source/build/cc_riscv32_musl/riscv32_elf_musl_build_dir/obj/host-libs/usr --with-mpc=/devcloud/workspace/cc_source/build/cc_riscv32_musl/riscv32_elf_musl_build_dir/obj/host-libs/usr --with-isl=/devcloud/workspace/cc_source/build/cc_riscv32_musl/riscv32_elf_musl_build_dir/obj/host-libs/usr --with-build-time-tools=/devcloud/workspace/cc_source/build/cc_riscv32_musl/riscv32_elf_musl_build_dir/cc_riscv32_musl/riscv32-linux-musl/bin --libdir=/devcloud/workspace/cc_source/build/cc_riscv32_musl/riscv32_elf_musl_build_dir/cc_riscv32_musl/lib --disable-libitm --with-system-zlib
Thread model: single
gcc version 7.3.0 (build ver105.010 2024-06-18) 
COMPILER_PATH=/home/sueiny/fbb_ws63/src/tools/bin/compiler/riscv/cc_riscv32_musl_105/cc_riscv32_musl/bin/../libexec/gcc/riscv32-linux-musl/7.3.0/:/home/sueiny/fbb_ws63/src/tools/bin/compiler/riscv/cc_riscv32_musl_105/cc_riscv32_musl/bin/../libexec/gcc/:/home/sueiny/fbb_ws63/src/tools/bin/compiler/riscv/cc_riscv32_musl_105/cc_riscv32_musl/bin/../lib/gcc/riscv32-linux-musl/7.3.0/../../../../riscv32-linux-musl/bin/
LIBRARY_PATH=/home/sueiny/fbb_ws63/src/tools/bin/compiler/riscv/cc_riscv32_musl_105/cc_riscv32_musl/bin/../lib/gcc/riscv32-linux-musl/7.3.0/:/home/sueiny/fbb_ws63/src/tools/bin/compiler/riscv/cc_riscv32_musl_105/cc_riscv32_musl/bin/../lib/gcc/:/home/sueiny/fbb_ws63/src/tools/bin/compiler/riscv/cc_riscv32_musl_105/cc_riscv32_musl/bin/../lib/gcc/riscv32-linux-musl/7.3.0/../../../../riscv32-linux-musl/lib/:/home/sueiny/fbb_ws63/src/tools/bin/compiler/riscv/cc_riscv32_musl_105/cc_riscv32_musl/bin/../sysroot/usr/lib/
COLLECT_GCC_OPTIONS='-v' '-o' 'cmTC_e4669' '-shared-libgcc' '-march=rv32imc' '-mabi=ilp32'
 /home/sueiny/fbb_ws63/src/tools/bin/compiler/riscv/cc_riscv32_musl_105/cc_riscv32_musl/bin/../libexec/gcc/riscv32-linux-musl/7.3.0/collect2 -plugin /home/sueiny/fbb_ws63/src/tools/bin/compiler/riscv/cc_riscv32_musl_105/cc_riscv32_musl/bin/../libexec/gcc/riscv32-linux-musl/7.3.0/liblto_plugin.so -plugin-opt=/home/sueiny/fbb_ws63/src/tools/bin/compiler/riscv/cc_riscv32_musl_105/cc_riscv32_musl/bin/../libexec/gcc/riscv32-linux-musl/7.3.0/lto-wrapper -plugin-opt=-fresolution=/tmp/ccUCVR6r.res -plugin-opt=-pass-through=-lgcc_s -plugin-opt=-pass-through=-lgcc -plugin-opt=-pass-through=-lc -plugin-opt=-pass-through=-lgcc_s -plugin-opt=-pass-through=-lgcc --sysroot=/home/sueiny/fbb_ws63/src/tools/bin/compiler/riscv/cc_riscv32_musl_105/cc_riscv32_musl/bin/../sysroot --eh-frame-hdr -melf32lriscv -dynamic-linker /lib/ld-musl-riscv32-sf.so.1 -o cmTC_e4669 /home/sueiny/fbb_ws63/src/tools/bin/compiler/riscv/cc_riscv32_musl_105/cc_riscv32_musl/bin/../sysroot/usr/lib/crt1.o /home/sueiny/fbb_ws63/src/tools/bin/compiler/riscv/cc_riscv32_musl_105/cc_riscv32_musl/bin/../lib/gcc/riscv32-linux-musl/7.3.0/crti.o /home/sueiny/fbb_ws63/src/tools/bin/compiler/riscv/cc_riscv32_musl_105/cc_riscv32_musl/bin/../lib/gcc/riscv32-linux-musl/7.3.0/crtbegin.o -L/home/sueiny/fbb_ws63/src/tools/bin/compiler/riscv/cc_riscv32_musl_105/cc_riscv32_musl/bin/../lib/gcc/riscv32-linux-musl/7.3.0 -L/home/sueiny/fbb_ws63/src/tools/bin/compiler/riscv/cc_riscv32_musl_105/cc_riscv32_musl/bin/../lib/gcc -L/home/sueiny/fbb_ws63/src/tools/bin/compiler/riscv/cc_riscv32_musl_105/cc_riscv32_musl/bin/../lib/gcc/riscv32-linux-musl/7.3.0/../../../../riscv32-linux-musl/lib -L/home/sueiny/fbb_ws63/src/tools/bin/compiler/riscv/cc_riscv32_musl_105/cc_riscv32_musl/bin/../sysroot/usr/lib CMakeFiles/cmTC_e4669.dir/CMakeCXXCompilerABI.cpp.obj -lstdc++ -lm -lgcc_s -lgcc -lc -lgcc_s -lgcc /home/sueiny/fbb_ws63/src/tools/bin/compiler/riscv/cc_riscv32_musl_105/cc_riscv32_musl/bin/../lib/gcc/riscv32-linux-musl/7.3.0/crtend.o /home/sueiny/fbb_ws63/src/tools/bin/compiler/riscv/cc_riscv32_musl_105/cc_riscv32_musl/bin/../lib/gcc/riscv32-linux-musl/7.3.0/crtn.o
COLLECT_GCC_OPTIONS='-v' '-o' 'cmTC_e4669' '-shared-libgcc' '-march=rv32imc' '-mabi=ilp32'
make[1]: Leaving directory '/home/sueiny/fbb_ws63/src/output/ws63/acore/ws63-loaderboot/CMakeFiles/CMakeTmp'



Parsed CXX implicit include dir info from above output: rv=done
  found start of include info
  found start of implicit include info
    add: [/home/sueiny/fbb_ws63/src/tools/bin/compiler/riscv/cc_riscv32_musl_105/cc_riscv32_musl/bin/../lib/gcc/riscv32-linux-musl/7.3.0/../../../../riscv32-linux-musl/include/c++/7.3.0]
    add: [/home/sueiny/fbb_ws63/src/tools/bin/compiler/riscv/cc_riscv32_musl_105/cc_riscv32_musl/bin/../lib/gcc/riscv32-linux-musl/7.3.0/../../../../riscv32-linux-musl/include/c++/7.3.0/riscv32-linux-musl]
    add: [/home/sueiny/fbb_ws63/src/tools/bin/compiler/riscv/cc_riscv32_musl_105/cc_riscv32_musl/bin/../lib/gcc/riscv32-linux-musl/7.3.0/../../../../riscv32-linux-musl/include/c++/7.3.0/backward]
    add: [/home/sueiny/fbb_ws63/src/tools/bin/compiler/riscv/cc_riscv32_musl_105/cc_riscv32_musl/bin/../lib/gcc/riscv32-linux-musl/7.3.0/../../../../riscv32-linux-musl/include]
    add: [/home/sueiny/fbb_ws63/src/tools/bin/compiler/riscv/cc_riscv32_musl_105/cc_riscv32_musl/bin/../lib/gcc/riscv32-linux-musl/7.3.0/include]
    add: [/home/sueiny/fbb_ws63/src/tools/bin/compiler/riscv/cc_riscv32_musl_105/cc_riscv32_musl/bin/../sysroot/usr/include]
  end of search list found
  collapse include dir [/home/sueiny/fbb_ws63/src/tools/bin/compiler/riscv/cc_riscv32_musl_105/cc_riscv32_musl/bin/../lib/gcc/riscv32-linux-musl/7.3.0/../../../../riscv32-linux-musl/include/c++/7.3.0] ==> [/home/sueiny/fbb_ws63/src/tools/bin/compiler/riscv/cc_riscv32_musl_105/cc_riscv32_musl/riscv32-linux-musl/include/c++/7.3.0]
  collapse include dir [/home/sueiny/fbb_ws63/src/tools/bin/compiler/riscv/cc_riscv32_musl_105/cc_riscv32_musl/bin/../lib/gcc/riscv32-linux-musl/7.3.0/../../../../riscv32-linux-musl/include/c++/7.3.0/riscv32-linux-musl] ==> [/home/sueiny/fbb_ws63/src/tools/bin/compiler/riscv/cc_riscv32_musl_105/cc_riscv32_musl/riscv32-linux-musl/include/c++/7.3.0/riscv32-linux-musl]
  collapse include dir [/home/sueiny/fbb_ws63/src/tools/bin/compiler/riscv/cc_riscv32_musl_105/cc_riscv32_musl/bin/../lib/gcc/riscv32-linux-musl/7.3.0/../../../../riscv32-linux-musl/include/c++/7.3.0/backward] ==> [/home/sueiny/fbb_ws63/src/tools/bin/compiler/riscv/cc_riscv32_musl_105/cc_riscv32_musl/riscv32-linux-musl/include/c++/7.3.0/backward]
  collapse include dir [/home/sueiny/fbb_ws63/src/tools/bin/compiler/riscv/cc_riscv32_musl_105/cc_riscv32_musl/bin/../lib/gcc/riscv32-linux-musl/7.3.0/../../../../riscv32-linux-musl/include] ==> [/home/sueiny/fbb_ws63/src/tools/bin/compiler/riscv/cc_riscv32_musl_105/cc_riscv32_musl/riscv32-linux-musl/include]
  collapse include dir [/home/sueiny/fbb_ws63/src/tools/bin/compiler/riscv/cc_riscv32_musl_105/cc_riscv32_musl/bin/../lib/gcc/riscv32-linux-musl/7.3.0/include] ==> [/home/sueiny/fbb_ws63/src/tools/bin/compiler/riscv/cc_riscv32_musl_105/cc_riscv32_musl/lib/gcc/riscv32-linux-musl/7.3.0/include]
  collapse include dir [/home/sueiny/fbb_ws63/src/tools/bin/compiler/riscv/cc_riscv32_musl_105/cc_riscv32_musl/bin/../sysroot/usr/include] ==> [/home/sueiny/fbb_ws63/src/tools/bin/compiler/riscv/cc_riscv32_musl_105/cc_riscv32_musl/sysroot/usr/include]
  implicit include dirs: [/home/sueiny/fbb_ws63/src/tools/bin/compiler/riscv/cc_riscv32_musl_105/cc_riscv32_musl/riscv32-linux-musl/include/c++/7.3.0;/home/sueiny/fbb_ws63/src/tools/bin/compiler/riscv/cc_riscv32_musl_105/cc_riscv32_musl/riscv32-linux-musl/include/c++/7.3.0/riscv32-linux-musl;/home/sueiny/fbb_ws63/src/tools/bin/compiler/riscv/cc_riscv32_musl_105/cc_riscv32_musl/riscv32-linux-musl/include/c++/7.3.0/backward;/home/sueiny/fbb_ws63/src/tools/bin/compiler/riscv/cc_riscv32_musl_105/cc_riscv32_musl/riscv32-linux-musl/include;/home/sueiny/fbb_ws63/src/tools/bin/compiler/riscv/cc_riscv32_musl_105/cc_riscv32_musl/lib/gcc/riscv32-linux-musl/7.3.0/include;/home/sueiny/fbb_ws63/src/tools/bin/compiler/riscv/cc_riscv32_musl_105/cc_riscv32_musl/sysroot/usr/include]


Parsed CXX implicit link information from above output:
  link line regex: [^( *|.*[/\])(riscv32-linux-musl-ld|CMAKE_LINK_STARTFILE-NOTFOUND|([^/\]+-)?ld|collect2)[^/\]*( |$)]
  ignore line: [Change Dir: /home/sueiny/fbb_ws63/src/output/ws63/acore/ws63-loaderboot/CMakeFiles/CMakeTmp]
  ignore line: []
  ignore line: [Run Build Command(s):/usr/bin/make cmTC_e4669/fast && /usr/bin/make -f CMakeFiles/cmTC_e4669.dir/build.make CMakeFiles/cmTC_e4669.dir/build]
  ignore line: [make[1]: Entering directory '/home/sueiny/fbb_ws63/src/output/ws63/acore/ws63-loaderboot/CMakeFiles/CMakeTmp']
  ignore line: [Building CXX object CMakeFiles/cmTC_e4669.dir/CMakeCXXCompilerABI.cpp.obj]
  ignore line: [/home/sueiny/fbb_ws63/src/tools/bin/compiler/riscv/cc_riscv32_musl_105/cc_riscv32_musl/bin/riscv32-linux-musl-g++    -v -o CMakeFiles/cmTC_e4669.dir/CMakeCXXCompilerABI.cpp.obj -c /usr/share/cmake-3.16/Modules/CMakeCXXCompilerABI.cpp]
  ignore line: [Using built-in specs.]
  ignore line: [COLLECT_GCC=/home/sueiny/fbb_ws63/src/tools/bin/compiler/riscv/cc_riscv32_musl_105/cc_riscv32_musl/bin/riscv32-linux-musl-g++]
  ignore line: [Target: riscv32-linux-musl]
  ignore line: [Configured with: /devcloud/workspace/cc_source/build/cc_riscv32_musl/../../open_source/cc_riscv32_musl_build_src/gcc/configure --build=x86_64-pc-linux-gnu --host=x86_64-pc-linux-gnu --target=riscv32-linux-musl --with-arch=rv32imc --prefix=/devcloud/workspace/cc_source/build/cc_riscv32_musl/riscv32_elf_musl_build_dir/cc_riscv32_musl --disable-multilib --disable-__cxa_atexit --with-gnu-as --with-gnu-ld --disable-libmudflap --enable-libgomp --enable-libssp --disable-threads --enable-shared --with-abi=ilp32 --enable-poison-system-directories --enable-symvers=gnu --with-pkgversion='build ver105.010 2024-06-18' --enable-languages=c,c++ --with-headers=/devcloud/workspace/cc_source/build/cc_riscv32_musl/riscv32_elf_musl_build_dir/cc_riscv32_musl/sysroot/usr/include --with-sysroot=/devcloud/workspace/cc_source/build/cc_riscv32_musl/riscv32_elf_musl_build_dir/cc_riscv32_musl/sysroot --with-build-sysroot=/devcloud/workspace/cc_source/build/cc_riscv32_musl/riscv32_elf_musl_build_dir/cc_riscv32_musl/sysroot --with-gmp=/devcloud/workspace/cc_source/build/cc_riscv32_musl/riscv32_elf_musl_build_dir/obj/host-libs/usr --with-mpfr=/devcloud/workspace/cc_source/build/cc_riscv32_musl/riscv32_elf_musl_build_dir/obj/host-libs/usr --with-mpc=/devcloud/workspace/cc_source/build/cc_riscv32_musl/riscv32_elf_musl_build_dir/obj/host-libs/usr --with-isl=/devcloud/workspace/cc_source/build/cc_riscv32_musl/riscv32_elf_musl_build_dir/obj/host-libs/usr --with-build-time-tools=/devcloud/workspace/cc_source/build/cc_riscv32_musl/riscv32_elf_musl_build_dir/cc_riscv32_musl/riscv32-linux-musl/bin --libdir=/devcloud/workspace/cc_source/build/cc_riscv32_musl/riscv32_elf_musl_build_dir/cc_riscv32_musl/lib --disable-libitm --with-system-zlib]
  ignore line: [Thread model: single]
  ignore line: [gcc version 7.3.0 (build ver105.010 2024-06-18) ]
  ignore line: [COLLECT_GCC_OPTIONS='-v' '-o' 'CMakeFiles/cmTC_e4669.dir/CMakeCXXCompilerABI.cpp.obj' '-c' '-shared-libgcc' '-march=rv32imc' '-mabi=ilp32']
  ignore line: [ /home/sueiny/fbb_ws63/src/tools/bin/compiler/riscv/cc_riscv32_musl_105/cc_riscv32_musl/bin/../libexec/gcc/riscv32-linux-musl/7.3.0/cc1plus -quiet -v -iprefix /home/sueiny/fbb_ws63/src/tools/bin/compiler/riscv/cc_riscv32_musl_105/cc_riscv32_musl/bin/../lib/gcc/riscv32-linux-musl/7.3.0/ -isysroot /home/sueiny/fbb_ws63/src/tools/bin/compiler/riscv/cc_riscv32_musl_105/cc_riscv32_musl/bin/../sysroot -D_GNU_SOURCE /usr/share/cmake-3.16/Modules/CMakeCXXCompilerABI.cpp -quiet -dumpbase CMakeCXXCompilerABI.cpp -march=rv32imc -mabi=ilp32 -auxbase-strip CMakeFiles/cmTC_e4669.dir/CMakeCXXCompilerABI.cpp.obj -version -o /tmp/cc6thAJ1.s]
  ignore line: [GNU C++14 (build ver105.010 2024-06-18) version 7.3.0 (riscv32-linux-musl)]
  ignore line: [	compiled by GNU C version 7.3.0  GMP version 6.2.1  MPFR version 4.1.0  MPC version 1.2.1  isl version UNKNOWN-GMP]
  ignore line: []
  ignore line: [GGC heuristics: --param ggc-min-expand=100 --param ggc-min-heapsize=131072]
  ignore line: [ignoring duplicate directory "/home/sueiny/fbb_ws63/src/tools/bin/compiler/riscv/cc_riscv32_musl_105/cc_riscv32_musl/bin/../lib/gcc/../../lib/gcc/riscv32-linux-musl/7.3.0/../../../../riscv32-linux-musl/include/c++/7.3.0"]
  ignore line: [ignoring duplicate directory "/home/sueiny/fbb_ws63/src/tools/bin/compiler/riscv/cc_riscv32_musl_105/cc_riscv32_musl/bin/../lib/gcc/../../lib/gcc/riscv32-linux-musl/7.3.0/../../../../riscv32-linux-musl/include/c++/7.3.0/riscv32-linux-musl"]
  ignore line: [ignoring duplicate directory "/home/sueiny/fbb_ws63/src/tools/bin/compiler/riscv/cc_riscv32_musl_105/cc_riscv32_musl/bin/../lib/gcc/../../lib/gcc/riscv32-linux-musl/7.3.0/../../../../riscv32-linux-musl/include/c++/7.3.0/backward"]
  ignore line: [ignoring nonexistent directory "/home/sueiny/fbb_ws63/src/tools/bin/compiler/riscv/cc_riscv32_musl_105/cc_riscv32_musl/bin/../sysroot/usr/local/include"]
  ignore line: [ignoring duplicate directory "/home/sueiny/fbb_ws63/src/tools/bin/compiler/riscv/cc_riscv32_musl_105/cc_riscv32_musl/bin/../lib/gcc/../../lib/gcc/riscv32-linux-musl/7.3.0/../../../../riscv32-linux-musl/include"]
  ignore line: [ignoring duplicate directory "/home/sueiny/fbb_ws63/src/tools/bin/compiler/riscv/cc_riscv32_musl_105/cc_riscv32_musl/bin/../lib/gcc/../../lib/gcc/riscv32-linux-musl/7.3.0/include"]
  ignore line: [#include "..." search starts here:]
  ignore line: [#include <...> search starts here:]
  ignore line: [ /home/sueiny/fbb_ws63/src/tools/bin/compiler/riscv/cc_riscv32_musl_105/cc_riscv32_musl/bin/../lib/gcc/riscv32-linux-musl/7.3.0/../../../../riscv32-linux-musl/include/c++/7.3.0]
  ignore line: [ /home/sueiny/fbb_ws63/src/tools/bin/compiler/riscv/cc_riscv32_musl_105/cc_riscv32_musl/bin/../lib/gcc/riscv32-linux-musl/7.3.0/../../../../riscv32-linux-musl/include/c++/7.3.0/riscv32-linux-musl]
  ignore line: [ /home/sueiny/fbb_ws63/src/tools/bin/compiler/riscv/cc_riscv32_musl_105/cc_riscv32_musl/bin/../lib/gcc/riscv32-linux-musl/7.3.0/../../../../riscv32-linux-musl/include/c++/7.3.0/backward]
  ignore line: [ /home/sueiny/fbb_ws63/src/tools/bin/compiler/riscv/cc_riscv32_musl_105/cc_riscv32_musl/bin/../lib/gcc/riscv32-linux-musl/7.3.0/../../../../riscv32-linux-musl/include]
  ignore line: [ /home/sueiny/fbb_ws63/src/tools/bin/compiler/riscv/cc_riscv32_musl_105/cc_riscv32_musl/bin/../lib/gcc/riscv32-linux-musl/7.3.0/include]
  ignore line: [ /home/sueiny/fbb_ws63/src/tools/bin/compiler/riscv/cc_riscv32_musl_105/cc_riscv32_musl/bin/../sysroot/usr/include]
  ignore line: [End of search list.]
  ignore line: [GNU C++14 (build ver105.010 2024-06-18) version 7.3.0 (riscv32-linux-musl)]
  ignore line: [	compiled by GNU C version 7.3.0  GMP version 6.2.1  MPFR version 4.1.0  MPC version 1.2.1  isl version UNKNOWN-GMP]
  ignore line: []
  ignore line: [GGC heuristics: --param ggc-min-expand=100 --param ggc-min-heapsize=131072]
  ignore line: [Compiler executable checksum: 299c6f395577aa2cbc0e9f84ea28fb1a]
  ignore line: [COLLECT_GCC_OPTIONS='-v' '-o' 'CMakeFiles/cmTC_e4669.dir/CMakeCXXCompilerABI.cpp.obj' '-c' '-shared-libgcc' '-march=rv32imc' '-mabi=ilp32']
  ignore line: [ /home/sueiny/fbb_ws63/src/tools/bin/compiler/riscv/cc_riscv32_musl_105/cc_riscv32_musl/bin/../lib/gcc/riscv32-linux-musl/7.3.0/../../../../riscv32-linux-musl/bin/as -v --traditional-format -march=rv32imc -mabi=ilp32 -o CMakeFiles/cmTC_e4669.dir/CMakeCXXCompilerABI.cpp.obj /tmp/cc6thAJ1.s]
  ignore line: [GNU assembler version 2.38 (riscv32-linux-musl) using BFD version (build ver105.010 2024-06-18) 2.38]
  ignore line: [COMPILER_PATH=/home/sueiny/fbb_ws63/src/tools/bin/compiler/riscv/cc_riscv32_musl_105/cc_riscv32_musl/bin/../libexec/gcc/riscv32-linux-musl/7.3.0/:/home/sueiny/fbb_ws63/src/tools/bin/compiler/riscv/cc_riscv32_musl_105/cc_riscv32_musl/bin/../libexec/gcc/:/home/sueiny/fbb_ws63/src/tools/bin/compiler/riscv/cc_riscv32_musl_105/cc_riscv32_musl/bin/../lib/gcc/riscv32-linux-musl/7.3.0/../../../../riscv32-linux-musl/bin/]
  ignore line: [LIBRARY_PATH=/home/sueiny/fbb_ws63/src/tools/bin/compiler/riscv/cc_riscv32_musl_105/cc_riscv32_musl/bin/../lib/gcc/riscv32-linux-musl/7.3.0/:/home/sueiny/fbb_ws63/src/tools/bin/compiler/riscv/cc_riscv32_musl_105/cc_riscv32_musl/bin/../lib/gcc/:/home/sueiny/fbb_ws63/src/tools/bin/compiler/riscv/cc_riscv32_musl_105/cc_riscv32_musl/bin/../lib/gcc/riscv32-linux-musl/7.3.0/../../../../riscv32-linux-musl/lib/:/home/sueiny/fbb_ws63/src/tools/bin/compiler/riscv/cc_riscv32_musl_105/cc_riscv32_musl/bin/../sysroot/usr/lib/]
  ignore line: [COLLECT_GCC_OPTIONS='-v' '-o' 'CMakeFiles/cmTC_e4669.dir/CMakeCXXCompilerABI.cpp.obj' '-c' '-shared-libgcc' '-march=rv32imc' '-mabi=ilp32']
  ignore line: [Linking CXX executable cmTC_e4669]
  ignore line: [/usr/bin/cmake -E cmake_link_script CMakeFiles/cmTC_e4669.dir/link.txt --verbose=1]
  ignore line: [/home/sueiny/fbb_ws63/src/tools/bin/compiler/riscv/cc_riscv32_musl_105/cc_riscv32_musl/bin/riscv32-linux-musl-g++      -v CMakeFiles/cmTC_e4669.dir/CMakeCXXCompilerABI.cpp.obj  -o cmTC_e4669 ]
  ignore line: [Using built-in specs.]
  ignore line: [COLLECT_GCC=/home/sueiny/fbb_ws63/src/tools/bin/compiler/riscv/cc_riscv32_musl_105/cc_riscv32_musl/bin/riscv32-linux-musl-g++]
  ignore line: [COLLECT_LTO_WRAPPER=/home/sueiny/fbb_ws63/src/tools/bin/compiler/riscv/cc_riscv32_musl_105/cc_riscv32_musl/bin/../libexec/gcc/riscv32-linux-musl/7.3.0/lto-wrapper]
  ignore line: [Target: riscv32-linux-musl]
  ignore line: [Configured with: /devcloud/workspace/cc_source/build/cc_riscv32_musl/../../open_source/cc_riscv32_musl_build_src/gcc/configure --build=x86_64-pc-linux-gnu --host=x86_64-pc-linux-gnu --target=riscv32-linux-musl --with-arch=rv32imc --prefix=/devcloud/workspace/cc_source/build/cc_riscv32_musl/riscv32_elf_musl_build_dir/cc_riscv32_musl --disable-multilib --disable-__cxa_atexit --with-gnu-as --with-gnu-ld --disable-libmudflap --enable-libgomp --enable-libssp --disable-threads --enable-shared --with-abi=ilp32 --enable-poison-system-directories --enable-symvers=gnu --with-pkgversion='build ver105.010 2024-06-18' --enable-languages=c,c++ --with-headers=/devcloud/workspace/cc_source/build/cc_riscv32_musl/riscv32_elf_musl_build_dir/cc_riscv32_musl/sysroot/usr/include --with-sysroot=/devcloud/workspace/cc_source/build/cc_riscv32_musl/riscv32_elf_musl_build_dir/cc_riscv32_musl/sysroot --with-build-sysroot=/devcloud/workspace/cc_source/build/cc_riscv32_musl/riscv32_elf_musl_build_dir/cc_riscv32_musl/sysroot --with-gmp=/devcloud/workspace/cc_source/build/cc_riscv32_musl/riscv32_elf_musl_build_dir/obj/host-libs/usr --with-mpfr=/devcloud/workspace/cc_source/build/cc_riscv32_musl/riscv32_elf_musl_build_dir/obj/host-libs/usr --with-mpc=/devcloud/workspace/cc_source/build/cc_riscv32_musl/riscv32_elf_musl_build_dir/obj/host-libs/usr --with-isl=/devcloud/workspace/cc_source/build/cc_riscv32_musl/riscv32_elf_musl_build_dir/obj/host-libs/usr --with-build-time-tools=/devcloud/workspace/cc_source/build/cc_riscv32_musl/riscv32_elf_musl_build_dir/cc_riscv32_musl/riscv32-linux-musl/bin --libdir=/devcloud/workspace/cc_source/build/cc_riscv32_musl/riscv32_elf_musl_build_dir/cc_riscv32_musl/lib --disable-libitm --with-system-zlib]
  ignore line: [Thread model: single]
  ignore line: [gcc version 7.3.0 (build ver105.010 2024-06-18) ]
  ignore line: [COMPILER_PATH=/home/sueiny/fbb_ws63/src/tools/bin/compiler/riscv/cc_riscv32_musl_105/cc_riscv32_musl/bin/../libexec/gcc/riscv32-linux-musl/7.3.0/:/home/sueiny/fbb_ws63/src/tools/bin/compiler/riscv/cc_riscv32_musl_105/cc_riscv32_musl/bin/../libexec/gcc/:/home/sueiny/fbb_ws63/src/tools/bin/compiler/riscv/cc_riscv32_musl_105/cc_riscv32_musl/bin/../lib/gcc/riscv32-linux-musl/7.3.0/../../../../riscv32-linux-musl/bin/]
  ignore line: [LIBRARY_PATH=/home/sueiny/fbb_ws63/src/tools/bin/compiler/riscv/cc_riscv32_musl_105/cc_riscv32_musl/bin/../lib/gcc/riscv32-linux-musl/7.3.0/:/home/sueiny/fbb_ws63/src/tools/bin/compiler/riscv/cc_riscv32_musl_105/cc_riscv32_musl/bin/../lib/gcc/:/home/sueiny/fbb_ws63/src/tools/bin/compiler/riscv/cc_riscv32_musl_105/cc_riscv32_musl/bin/../lib/gcc/riscv32-linux-musl/7.3.0/../../../../riscv32-linux-musl/lib/:/home/sueiny/fbb_ws63/src/tools/bin/compiler/riscv/cc_riscv32_musl_105/cc_riscv32_musl/bin/../sysroot/usr/lib/]
  ignore line: [COLLECT_GCC_OPTIONS='-v' '-o' 'cmTC_e4669' '-shared-libgcc' '-march=rv32imc' '-mabi=ilp32']
  link line: [ /home/sueiny/fbb_ws63/src/tools/bin/compiler/riscv/cc_riscv32_musl_105/cc_riscv32_musl/bin/../libexec/gcc/riscv32-linux-musl/7.3.0/collect2 -plugin /home/sueiny/fbb_ws63/src/tools/bin/compiler/riscv/cc_riscv32_musl_105/cc_riscv32_musl/bin/../libexec/gcc/riscv32-linux-musl/7.3.0/liblto_plugin.so -plugin-opt=/home/sueiny/fbb_ws63/src/tools/bin/compiler/riscv/cc_riscv32_musl_105/cc_riscv32_musl/bin/../libexec/gcc/riscv32-linux-musl/7.3.0/lto-wrapper -plugin-opt=-fresolution=/tmp/ccUCVR6r.res -plugin-opt=-pass-through=-lgcc_s -plugin-opt=-pass-through=-lgcc -plugin-opt=-pass-through=-lc -plugin-opt=-pass-through=-lgcc_s -plugin-opt=-pass-through=-lgcc --sysroot=/home/sueiny/fbb_ws63/src/tools/bin/compiler/riscv/cc_riscv32_musl_105/cc_riscv32_musl/bin/../sysroot --eh-frame-hdr -melf32lriscv -dynamic-linker /lib/ld-musl-riscv32-sf.so.1 -o cmTC_e4669 /home/sueiny/fbb_ws63/src/tools/bin/compiler/riscv/cc_riscv32_musl_105/cc_riscv32_musl/bin/../sysroot/usr/lib/crt1.o /home/sueiny/fbb_ws63/src/tools/bin/compiler/riscv/cc_riscv32_musl_105/cc_riscv32_musl/bin/../lib/gcc/riscv32-linux-musl/7.3.0/crti.o /home/sueiny/fbb_ws63/src/tools/bin/compiler/riscv/cc_riscv32_musl_105/cc_riscv32_musl/bin/../lib/gcc/riscv32-linux-musl/7.3.0/crtbegin.o -L/home/sueiny/fbb_ws63/src/tools/bin/compiler/riscv/cc_riscv32_musl_105/cc_riscv32_musl/bin/../lib/gcc/riscv32-linux-musl/7.3.0 -L/home/sueiny/fbb_ws63/src/tools/bin/compiler/riscv/cc_riscv32_musl_105/cc_riscv32_musl/bin/../lib/gcc -L/home/sueiny/fbb_ws63/src/tools/bin/compiler/riscv/cc_riscv32_musl_105/cc_riscv32_musl/bin/../lib/gcc/riscv32-linux-musl/7.3.0/../../../../riscv32-linux-musl/lib -L/home/sueiny/fbb_ws63/src/tools/bin/compiler/riscv/cc_riscv32_musl_105/cc_riscv32_musl/bin/../sysroot/usr/lib CMakeFiles/cmTC_e4669.dir/CMakeCXXCompilerABI.cpp.obj -lstdc++ -lm -lgcc_s -lgcc -lc -lgcc_s -lgcc /home/sueiny/fbb_ws63/src/tools/bin/compiler/riscv/cc_riscv32_musl_105/cc_riscv32_musl/bin/../lib/gcc/riscv32-linux-musl/7.3.0/crtend.o /home/sueiny/fbb_ws63/src/tools/bin/compiler/riscv/cc_riscv32_musl_105/cc_riscv32_musl/bin/../lib/gcc/riscv32-linux-musl/7.3.0/crtn.o]
    arg [/home/sueiny/fbb_ws63/src/tools/bin/compiler/riscv/cc_riscv32_musl_105/cc_riscv32_musl/bin/../libexec/gcc/riscv32-linux-musl/7.3.0/collect2] ==> ignore
    arg [-plugin] ==> ignore
    arg [/home/sueiny/fbb_ws63/src/tools/bin/compiler/riscv/cc_riscv32_musl_105/cc_riscv32_musl/bin/../libexec/gcc/riscv32-linux-musl/7.3.0/liblto_plugin.so] ==> ignore
    arg [-plugin-opt=/home/sueiny/fbb_ws63/src/tools/bin/compiler/riscv/cc_riscv32_musl_105/cc_riscv32_musl/bin/../libexec/gcc/riscv32-linux-musl/7.3.0/lto-wrapper] ==> ignore
    arg [-plugin-opt=-fresolution=/tmp/ccUCVR6r.res] ==> ignore
    arg [-plugin-opt=-pass-through=-lgcc_s] ==> ignore
    arg [-plugin-opt=-pass-through=-lgcc] ==> ignore
    arg [-plugin-opt=-pass-through=-lc] ==> ignore
    arg [-plugin-opt=-pass-through=-lgcc_s] ==> ignore
    arg [-plugin-opt=-pass-through=-lgcc] ==> ignore
    arg [--sysroot=/home/sueiny/fbb_ws63/src/tools/bin/compiler/riscv/cc_riscv32_musl_105/cc_riscv32_musl/bin/../sysroot] ==> ignore
    arg [--eh-frame-hdr] ==> ignore
    arg [-melf32lriscv] ==> ignore
    arg [-dynamic-linker] ==> ignore
    arg [/lib/ld-musl-riscv32-sf.so.1] ==> ignore
    arg [-o] ==> ignore
    arg [cmTC_e4669] ==> ignore
    arg [/home/sueiny/fbb_ws63/src/tools/bin/compiler/riscv/cc_riscv32_musl_105/cc_riscv32_musl/bin/../sysroot/usr/lib/crt1.o] ==> ignore
    arg [/home/sueiny/fbb_ws63/src/tools/bin/compiler/riscv/cc_riscv32_musl_105/cc_riscv32_musl/bin/../lib/gcc/riscv32-linux-musl/7.3.0/crti.o] ==> ignore
    arg [/home/sueiny/fbb_ws63/src/tools/bin/compiler/riscv/cc_riscv32_musl_105/cc_riscv32_musl/bin/../lib/gcc/riscv32-linux-musl/7.3.0/crtbegin.o] ==> ignore
    arg [-L/home/sueiny/fbb_ws63/src/tools/bin/compiler/riscv/cc_riscv32_musl_105/cc_riscv32_musl/bin/../lib/gcc/riscv32-linux-musl/7.3.0] ==> dir [/home/sueiny/fbb_ws63/src/tools/bin/compiler/riscv/cc_riscv32_musl_105/cc_riscv32_musl/bin/../lib/gcc/riscv32-linux-musl/7.3.0]
    arg [-L/home/sueiny/fbb_ws63/src/tools/bin/compiler/riscv/cc_riscv32_musl_105/cc_riscv32_musl/bin/../lib/gcc] ==> dir [/home/sueiny/fbb_ws63/src/tools/bin/compiler/riscv/cc_riscv32_musl_105/cc_riscv32_musl/bin/../lib/gcc]
    arg [-L/home/sueiny/fbb_ws63/src/tools/bin/compiler/riscv/cc_riscv32_musl_105/cc_riscv32_musl/bin/../lib/gcc/riscv32-linux-musl/7.3.0/../../../../riscv32-linux-musl/lib] ==> dir [/home/sueiny/fbb_ws63/src/tools/bin/compiler/riscv/cc_riscv32_musl_105/cc_riscv32_musl/bin/../lib/gcc/riscv32-linux-musl/7.3.0/../../../../riscv32-linux-musl/lib]
    arg [-L/home/sueiny/fbb_ws63/src/tools/bin/compiler/riscv/cc_riscv32_musl_105/cc_riscv32_musl/bin/../sysroot/usr/lib] ==> dir [/home/sueiny/fbb_ws63/src/tools/bin/compiler/riscv/cc_riscv32_musl_105/cc_riscv32_musl/bin/../sysroot/usr/lib]
    arg [CMakeFiles/cmTC_e4669.dir/CMakeCXXCompilerABI.cpp.obj] ==> ignore
    arg [-lstdc++] ==> lib [stdc++]
    arg [-lm] ==> lib [m]
    arg [-lgcc_s] ==> lib [gcc_s]
    arg [-lgcc] ==> lib [gcc]
    arg [-lc] ==> lib [c]
    arg [-lgcc_s] ==> lib [gcc_s]
    arg [-lgcc] ==> lib [gcc]
    arg [/home/sueiny/fbb_ws63/src/tools/bin/compiler/riscv/cc_riscv32_musl_105/cc_riscv32_musl/bin/../lib/gcc/riscv32-linux-musl/7.3.0/crtend.o] ==> ignore
    arg [/home/sueiny/fbb_ws63/src/tools/bin/compiler/riscv/cc_riscv32_musl_105/cc_riscv32_musl/bin/../lib/gcc/riscv32-linux-musl/7.3.0/crtn.o] ==> ignore
  collapse library dir [/home/sueiny/fbb_ws63/src/tools/bin/compiler/riscv/cc_riscv32_musl_105/cc_riscv32_musl/bin/../lib/gcc/riscv32-linux-musl/7.3.0] ==> [/home/sueiny/fbb_ws63/src/tools/bin/compiler/riscv/cc_riscv32_musl_105/cc_riscv32_musl/lib/gcc/riscv32-linux-musl/7.3.0]
  collapse library dir [/home/sueiny/fbb_ws63/src/tools/bin/compiler/riscv/cc_riscv32_musl_105/cc_riscv32_musl/bin/../lib/gcc] ==> [/home/sueiny/fbb_ws63/src/tools/bin/compiler/riscv/cc_riscv32_musl_105/cc_riscv32_musl/lib/gcc]
  collapse library dir [/home/sueiny/fbb_ws63/src/tools/bin/compiler/riscv/cc_riscv32_musl_105/cc_riscv32_musl/bin/../lib/gcc/riscv32-linux-musl/7.3.0/../../../../riscv32-linux-musl/lib] ==> [/home/sueiny/fbb_ws63/src/tools/bin/compiler/riscv/cc_riscv32_musl_105/cc_riscv32_musl/riscv32-linux-musl/lib]
  collapse library dir [/home/sueiny/fbb_ws63/src/tools/bin/compiler/riscv/cc_riscv32_musl_105/cc_riscv32_musl/bin/../sysroot/usr/lib] ==> [/home/sueiny/fbb_ws63/src/tools/bin/compiler/riscv/cc_riscv32_musl_105/cc_riscv32_musl/sysroot/usr/lib]
  implicit libs: [stdc++;m;gcc_s;gcc;c;gcc_s;gcc]
  implicit dirs: [/home/sueiny/fbb_ws63/src/tools/bin/compiler/riscv/cc_riscv32_musl_105/cc_riscv32_musl/lib/gcc/riscv32-linux-musl/7.3.0;/home/sueiny/fbb_ws63/src/tools/bin/compiler/riscv/cc_riscv32_musl_105/cc_riscv32_musl/lib/gcc;/home/sueiny/fbb_ws63/src/tools/bin/compiler/riscv/cc_riscv32_musl_105/cc_riscv32_musl/riscv32-linux-musl/lib;/home/sueiny/fbb_ws63/src/tools/bin/compiler/riscv/cc_riscv32_musl_105/cc_riscv32_musl/sysroot/usr/lib]
  implicit fwks: []


